Archive member included to satisfy reference by file (symbol)

c:/program files (x86)/atmel/studio/7.0/toolchain/arm/arm-gnu-toolchain/bin/../lib/gcc/arm-none-eabi/6.3.1/../../../../arm-none-eabi/lib/thumb/v7e-m\libc.a(lib_a-exit.o)
                              c:/program files (x86)/atmel/studio/7.0/toolchain/arm/arm-gnu-toolchain/bin/../lib/gcc/arm-none-eabi/6.3.1/../../../../arm-none-eabi/lib/thumb/v7e-m/crt0.o (exit)
c:/program files (x86)/atmel/studio/7.0/toolchain/arm/arm-gnu-toolchain/bin/../lib/gcc/arm-none-eabi/6.3.1/../../../../arm-none-eabi/lib/thumb/v7e-m\libc.a(lib_a-impure.o)
                              c:/program files (x86)/atmel/studio/7.0/toolchain/arm/arm-gnu-toolchain/bin/../lib/gcc/arm-none-eabi/6.3.1/../../../../arm-none-eabi/lib/thumb/v7e-m\libc.a(lib_a-exit.o) (_global_impure_ptr)
c:/program files (x86)/atmel/studio/7.0/toolchain/arm/arm-gnu-toolchain/bin/../lib/gcc/arm-none-eabi/6.3.1/../../../../arm-none-eabi/lib/thumb/v7e-m\libc.a(lib_a-init.o)
                              c:/program files (x86)/atmel/studio/7.0/toolchain/arm/arm-gnu-toolchain/bin/../lib/gcc/arm-none-eabi/6.3.1/../../../../arm-none-eabi/lib/thumb/v7e-m/crt0.o (__libc_init_array)
c:/program files (x86)/atmel/studio/7.0/toolchain/arm/arm-gnu-toolchain/bin/../lib/gcc/arm-none-eabi/6.3.1/../../../../arm-none-eabi/lib/thumb/v7e-m\libc.a(lib_a-iprintf.o)
                              src/main.o (iprintf)
c:/program files (x86)/atmel/studio/7.0/toolchain/arm/arm-gnu-toolchain/bin/../lib/gcc/arm-none-eabi/6.3.1/../../../../arm-none-eabi/lib/thumb/v7e-m\libc.a(lib_a-memset.o)
                              c:/program files (x86)/atmel/studio/7.0/toolchain/arm/arm-gnu-toolchain/bin/../lib/gcc/arm-none-eabi/6.3.1/../../../../arm-none-eabi/lib/thumb/v7e-m/crt0.o (memset)
c:/program files (x86)/atmel/studio/7.0/toolchain/arm/arm-gnu-toolchain/bin/../lib/gcc/arm-none-eabi/6.3.1/../../../../arm-none-eabi/lib/thumb/v7e-m\libc.a(lib_a-setbuf.o)
                              src/main.o (setbuf)
c:/program files (x86)/atmel/studio/7.0/toolchain/arm/arm-gnu-toolchain/bin/../lib/gcc/arm-none-eabi/6.3.1/../../../../arm-none-eabi/lib/thumb/v7e-m\libc.a(lib_a-setvbuf.o)
                              c:/program files (x86)/atmel/studio/7.0/toolchain/arm/arm-gnu-toolchain/bin/../lib/gcc/arm-none-eabi/6.3.1/../../../../arm-none-eabi/lib/thumb/v7e-m\libc.a(lib_a-setbuf.o) (setvbuf)
c:/program files (x86)/atmel/studio/7.0/toolchain/arm/arm-gnu-toolchain/bin/../lib/gcc/arm-none-eabi/6.3.1/../../../../arm-none-eabi/lib/thumb/v7e-m\libc.a(lib_a-sprintf.o)
                              src/ASF/sam/components/display/c42412a/c42412a_lcdca.o (sprintf)
c:/program files (x86)/atmel/studio/7.0/toolchain/arm/arm-gnu-toolchain/bin/../lib/gcc/arm-none-eabi/6.3.1/../../../../arm-none-eabi/lib/thumb/v7e-m\libc.a(lib_a-svfprintf.o)
                              c:/program files (x86)/atmel/studio/7.0/toolchain/arm/arm-gnu-toolchain/bin/../lib/gcc/arm-none-eabi/6.3.1/../../../../arm-none-eabi/lib/thumb/v7e-m\libc.a(lib_a-sprintf.o) (_svfprintf_r)
c:/program files (x86)/atmel/studio/7.0/toolchain/arm/arm-gnu-toolchain/bin/../lib/gcc/arm-none-eabi/6.3.1/../../../../arm-none-eabi/lib/thumb/v7e-m\libc.a(lib_a-vfiprintf.o)
                              c:/program files (x86)/atmel/studio/7.0/toolchain/arm/arm-gnu-toolchain/bin/../lib/gcc/arm-none-eabi/6.3.1/../../../../arm-none-eabi/lib/thumb/v7e-m\libc.a(lib_a-iprintf.o) (_vfiprintf_r)
c:/program files (x86)/atmel/studio/7.0/toolchain/arm/arm-gnu-toolchain/bin/../lib/gcc/arm-none-eabi/6.3.1/../../../../arm-none-eabi/lib/thumb/v7e-m\libc.a(lib_a-wsetup.o)
                              c:/program files (x86)/atmel/studio/7.0/toolchain/arm/arm-gnu-toolchain/bin/../lib/gcc/arm-none-eabi/6.3.1/../../../../arm-none-eabi/lib/thumb/v7e-m\libc.a(lib_a-vfiprintf.o) (__swsetup_r)
c:/program files (x86)/atmel/studio/7.0/toolchain/arm/arm-gnu-toolchain/bin/../lib/gcc/arm-none-eabi/6.3.1/../../../../arm-none-eabi/lib/thumb/v7e-m\libc.a(lib_a-__call_atexit.o)
                              c:/program files (x86)/atmel/studio/7.0/toolchain/arm/arm-gnu-toolchain/bin/../lib/gcc/arm-none-eabi/6.3.1/../../../../arm-none-eabi/lib/thumb/v7e-m\libc.a(lib_a-exit.o) (__call_exitprocs)
c:/program files (x86)/atmel/studio/7.0/toolchain/arm/arm-gnu-toolchain/bin/../lib/gcc/arm-none-eabi/6.3.1/../../../../arm-none-eabi/lib/thumb/v7e-m\libc.a(lib_a-atexit.o)
                              c:/program files (x86)/atmel/studio/7.0/toolchain/arm/arm-gnu-toolchain/bin/../lib/gcc/arm-none-eabi/6.3.1/../../../../arm-none-eabi/lib/thumb/v7e-m\libc.a(lib_a-__call_atexit.o) (atexit)
c:/program files (x86)/atmel/studio/7.0/toolchain/arm/arm-gnu-toolchain/bin/../lib/gcc/arm-none-eabi/6.3.1/../../../../arm-none-eabi/lib/thumb/v7e-m\libc.a(lib_a-dtoa.o)
[...]
Memory Configuration

Name             Origin             Length             Attributes
rom              0x00000000         0x00040000         xr
ram              0x20000000         0x00008000         xrw
*default*        0x00000000         0xffffffff

Linker script and memory map

LOAD c:/program files (x86)/atmel/studio/7.0/toolchain/arm/arm-gnu-toolchain/bin/../lib/gcc/arm-none-eabi/6.3.1/thumb/v7e-m/crti.o
LOAD c:/program files (x86)/atmel/studio/7.0/toolchain/arm/arm-gnu-toolchain/bin/../lib/gcc/arm-none-eabi/6.3.1/thumb/v7e-m/crtbegin.o
LOAD c:/program files (x86)/atmel/studio/7.0/toolchain/arm/arm-gnu-toolchain/bin/../lib/gcc/arm-none-eabi/6.3.1/../../../../arm-none-eabi/lib/thumb/v7e-m/crt0.o
LOAD src/ASF/common/services/serial/usart_serial.o
LOAD src/ASF/common/services/sleepmgr/sam4l/sleepmgr.o
LOAD src/ASF/common/utils/stdio/read.o
LOAD src/ASF/common/utils/stdio/write.o
LOAD src/ASF/sam/components/display/c42412a/c42412a_lcdca.o
LOAD src/ASF/sam/drivers/eic/eic.o
LOAD src/ASF/sam/drivers/gpio/gpio.o
LOAD src/ASF/sam/drivers/lcdca/lcdca.o
LOAD src/ASF/sam/drivers/pdca/pdca.o
LOAD src/ASF/sam/drivers/usart/usart.o
LOAD src/ASF/common/services/clock/sam4l/dfll.o
LOAD src/ASF/common/services/clock/sam4l/osc.o
LOAD src/ASF/common/services/clock/sam4l/pll.o
LOAD src/ASF/common/services/clock/sam4l/sysclk.o
LOAD src/ASF/common/utils/interrupt/interrupt_sam_nvic.o
LOAD src/ASF/sam/boards/sam4l8_xplained_pro/init.o
LOAD src/ASF/sam/drivers/bpm/bpm.o
LOAD src/ASF/sam/drivers/flashcalw/flashcalw.o
LOAD src/ASF/sam/drivers/wdt/wdt_sam4l.o
LOAD src/ASF/sam/utils/cmsis/sam4l/source/templates/exceptions.o
LOAD src/ASF/sam/utils/cmsis/sam4l/source/templates/gcc/startup_sam4l.o
LOAD src/ASF/sam/utils/cmsis/sam4l/source/templates/system_sam4l.o
LOAD src/ASF/sam/utils/syscalls/gcc/syscalls.o
LOAD src/main.o
START GROUP
LOAD ../src/ASF/thirdparty/CMSIS/Lib/GCC\libarm_cortexM4l_math.a
LOAD c:/program files (x86)/atmel/studio/7.0/toolchain/arm/arm-gnu-toolchain/bin/../lib/gcc/arm-none-eabi/6.3.1/../../../../arm-none-eabi/lib/thumb/v7e-m\libm.a
END GROUP
START GROUP
LOAD c:/program files (x86)/atmel/studio/7.0/toolchain/arm/arm-gnu-toolchain/bin/../lib/gcc/arm-none-eabi/6.3.1/thumb/v7e-m\libgcc.a
LOAD c:/program files (x86)/atmel/studio/7.0/toolchain/arm/arm-gnu-toolchain/bin/../lib/gcc/arm-none-eabi/6.3.1/../../../../arm-none-eabi/lib/thumb/v7e-m\libc.a
END GROUP
LOAD c:/program files (x86)/atmel/studio/7.0/toolchain/arm/arm-gnu-toolchain/bin/../lib/gcc/arm-none-eabi/6.3.1/thumb/v7e-m/crtend.o
LOAD c:/program files (x86)/atmel/studio/7.0/toolchain/arm/arm-gnu-toolchain/bin/../lib/gcc/arm-none-eabi/6.3.1/thumb/v7e-m/crtn.o
                0x00001000                __stack_size__ = DEFINED (__stack_size__)?__stack_size__:0x1000
                0x20007ffc                __ram_end__ = ((ORIGIN (ram) + LENGTH (ram)) - 0x4)

.text           0x00000000     0x8b4c
                0x00000000                . = ALIGN (0x4)
                0x00000000                _sfixed = .
 *(.vectors .vectors.*)
 .vectors       0x00000000      0x180 src/ASF/sam/utils/cmsis/sam4l/source/templates/gcc/startup_sam4l.o
                0x00000000                exception_table
 *(.text .text.* .gnu.linkonce.t.*)
 .text          0x00000180       0x6c c:/program files (x86)/atmel/studio/7.0/toolchain/arm/arm-gnu-toolchain/bin/../lib/gcc/arm-none-eabi/6.3.1/thumb/v7e-m/crtbegin.o
 .text._read    0x000001ec       0x3c src/ASF/common/utils/stdio/read.o
                0x000001ec                _read
 .text._write   0x00000228       0x50 src/ASF/common/utils/stdio/write.o
                0x00000228                _write
 .text.c42412a_init
                0x00000278       0x6c src/ASF/sam/components/display/c42412a/c42412a_lcdca.o
                0x00000278                c42412a_init
 .text.c42412a_show_text
                0x000002e4       0x1c src/ASF/sam/components/display/c42412a/c42412a_lcdca.o
                0x000002e4                c42412a_show_text
 .text.c42412a_show_icon
                0x00000300       0x24 src/ASF/sam/components/display/c42412a/c42412a_lcdca.o
                0x00000300                c42412a_show_icon
 .text.c42412a_clear_icon
                0x00000324        0xc src/ASF/sam/components/display/c42412a/c42412a_lcdca.o
                0x00000324                c42412a_clear_icon
 .text.c42412a_show_wireless
                0x00000330       0x50 src/ASF/sam/components/display/c42412a/c42412a_lcdca.o
                0x00000330                c42412a_show_wireless
 .text.c42412a_show_numeric_dec
                0x00000380       0x74 src/ASF/sam/components/display/c42412a/c42412a_lcdca.o
                0x00000380                c42412a_show_numeric_dec
 .text.eic_line_interrupt
                0x000003f4       0x14 src/ASF/sam/drivers/eic/eic.o
 .text.eic_line_set_config
                0x00000408       0x8c src/ASF/sam/drivers/eic/eic.o
                0x00000408                eic_line_set_config
 .text.eic_enable
                0x00000494       0x54 src/ASF/sam/drivers/eic/eic.o
                0x00000494                eic_enable
 .text.eic_line_set_callback
                0x000004e8       0x60 src/ASF/sam/drivers/eic/eic.o
                0x000004e8                eic_line_set_callback
 .text.NMI_Handler
                0x00000548       0x10 src/ASF/sam/drivers/eic/eic.o
                0x00000548                NMI_Handler
 .text.EIC_1_Handler
                0x00000558       0x10 src/ASF/sam/drivers/eic/eic.o
                0x00000558                EIC_1_Handler
 .text.EIC_2_Handler
                0x00000568       0x10 src/ASF/sam/drivers/eic/eic.o
                0x00000568                EIC_2_Handler
 .text.EIC_3_Handler
                0x00000578       0x10 src/ASF/sam/drivers/eic/eic.o
                0x00000578                EIC_3_Handler
 .text.EIC_4_Handler
                0x00000588       0x10 src/ASF/sam/drivers/eic/eic.o
                0x00000588                EIC_4_Handler
 .text.EIC_5_Handler
                0x00000598       0x10 src/ASF/sam/drivers/eic/eic.o
                0x00000598                EIC_5_Handler
 .text.EIC_6_Handler
                0x000005a8       0x10 src/ASF/sam/drivers/eic/eic.o
                0x000005a8                EIC_6_Handler
 .text.EIC_7_Handler
                0x000005b8       0x10 src/ASF/sam/drivers/eic/eic.o
                0x000005b8                EIC_7_Handler
 .text.EIC_8_Handler
                0x000005c8       0x10 src/ASF/sam/drivers/eic/eic.o
                0x000005c8                EIC_8_Handler
 .text.gpio_common_handler
                0x000005d8       0x74 src/ASF/sam/drivers/gpio/gpio.o
 .text.gpio_set_pin_callback
                0x0000064c       0xac src/ASF/sam/drivers/gpio/gpio.o
                0x0000064c                gpio_set_pin_callback
 .text.GPIO_0_Handler
                0x000006f8       0x10 src/ASF/sam/drivers/gpio/gpio.o
                0x000006f8                GPIO_0_Handler
 .text.GPIO_1_Handler
                0x00000708       0x14 src/ASF/sam/drivers/gpio/gpio.o
                0x00000708                GPIO_1_Handler
 .text.GPIO_2_Handler
                0x0000071c       0x14 src/ASF/sam/drivers/gpio/gpio.o
                0x0000071c                GPIO_2_Handler
 .text.GPIO_3_Handler
                0x00000730       0x14 src/ASF/sam/drivers/gpio/gpio.o
                0x00000730                GPIO_3_Handler
 .text.GPIO_4_Handler
                0x00000744       0x10 src/ASF/sam/drivers/gpio/gpio.o
                0x00000744                GPIO_4_Handler
 .text.GPIO_5_Handler
                0x00000754       0x14 src/ASF/sam/drivers/gpio/gpio.o
                0x00000754                GPIO_5_Handler
 .text.GPIO_6_Handler
                0x00000768       0x14 src/ASF/sam/drivers/gpio/gpio.o
                0x00000768                GPIO_6_Handler
 .text.GPIO_7_Handler
                0x0000077c       0x14 src/ASF/sam/drivers/gpio/gpio.o
                0x0000077c                GPIO_7_Handler
 .text.GPIO_8_Handler
                0x00000790       0x10 src/ASF/sam/drivers/gpio/gpio.o
                0x00000790                GPIO_8_Handler
 .text.GPIO_9_Handler
                0x000007a0       0x14 src/ASF/sam/drivers/gpio/gpio.o
                0x000007a0                GPIO_9_Handler
 .text.GPIO_10_Handler
                0x000007b4       0x14 src/ASF/sam/drivers/gpio/gpio.o
                0x000007b4                GPIO_10_Handler
 .text.GPIO_11_Handler
                0x000007c8       0x14 src/ASF/sam/drivers/gpio/gpio.o
                0x000007c8                GPIO_11_Handler
 .text.lcdca_get_pixel_register
                0x000007dc       0x50 src/ASF/sam/drivers/lcdca/lcdca.o
 .text.lcdca_clk_init
                0x0000082c       0x44 src/ASF/sam/drivers/lcdca/lcdca.o
                0x0000082c                lcdca_clk_init
 .text.lcdca_enable
                0x00000870       0x6c src/ASF/sam/drivers/lcdca/lcdca.o
                0x00000870                lcdca_enable
 .text.lcdca_set_contrast
                0x000008dc       0x24 src/ASF/sam/drivers/lcdca/lcdca.o
                0x000008dc                lcdca_set_contrast
 .text.lcdca_set_config
                0x00000900       0x6c src/ASF/sam/drivers/lcdca/lcdca.o
                0x00000900                lcdca_set_config
 .text.lcdca_enable_timer
                0x0000096c       0x48 src/ASF/sam/drivers/lcdca/lcdca.o
                0x0000096c                lcdca_enable_timer
 .text.lcdca_clear_blink_pixel
                0x000009b4       0x38 src/ASF/sam/drivers/lcdca/lcdca.o
                0x000009b4                lcdca_clear_blink_pixel
 .text.lcdca_write_packet
                0x000009ec       0x44 src/ASF/sam/drivers/lcdca/lcdca.o
                0x000009ec                lcdca_write_packet
 .text.lcdca_set_pixel
                0x00000a30       0x64 src/ASF/sam/drivers/lcdca/lcdca.o
                0x00000a30                lcdca_set_pixel
 .text.lcdca_clear_pixel
                0x00000a94       0x68 src/ASF/sam/drivers/lcdca/lcdca.o
                0x00000a94                lcdca_clear_pixel
 .text.LCDCA_Handler
                0x00000afc       0x1c src/ASF/sam/drivers/lcdca/lcdca.o
                0x00000afc                LCDCA_Handler
 .text.pdca_channel_get_handler
                0x00000b18       0x12 src/ASF/sam/drivers/pdca/pdca.o
                0x00000b18                pdca_channel_get_handler
 *fill*         0x00000b2a        0x2 
 .text.pdca_get_channel_status
                0x00000b2c       0x3c src/ASF/sam/drivers/pdca/pdca.o
                0x00000b2c                pdca_get_channel_status
 .text.pdca_channel_interrupt
                0x00000b68       0x1c src/ASF/sam/drivers/pdca/pdca.o
 .text.PDCA_0_Handler
                0x00000b84       0x10 src/ASF/sam/drivers/pdca/pdca.o
                0x00000b84                PDCA_0_Handler
 .text.PDCA_1_Handler
                0x00000b94       0x10 src/ASF/sam/drivers/pdca/pdca.o
                0x00000b94                PDCA_1_Handler
 .text.PDCA_2_Handler
                0x00000ba4       0x10 src/ASF/sam/drivers/pdca/pdca.o
                0x00000ba4                PDCA_2_Handler
 .text.PDCA_3_Handler
                0x00000bb4       0x10 src/ASF/sam/drivers/pdca/pdca.o
                0x00000bb4                PDCA_3_Handler
 .text.PDCA_4_Handler
                0x00000bc4       0x10 src/ASF/sam/drivers/pdca/pdca.o
                0x00000bc4                PDCA_4_Handler
 .text.PDCA_5_Handler
                0x00000bd4       0x10 src/ASF/sam/drivers/pdca/pdca.o
                0x00000bd4                PDCA_5_Handler
 .text.PDCA_6_Handler
                0x00000be4       0x10 src/ASF/sam/drivers/pdca/pdca.o
                0x00000be4                PDCA_6_Handler
 .text.PDCA_7_Handler
                0x00000bf4       0x10 src/ASF/sam/drivers/pdca/pdca.o
                0x00000bf4                PDCA_7_Handler
 .text.PDCA_8_Handler
                0x00000c04       0x10 src/ASF/sam/drivers/pdca/pdca.o
                0x00000c04                PDCA_8_Handler
 .text.PDCA_9_Handler
                0x00000c14       0x10 src/ASF/sam/drivers/pdca/pdca.o
                0x00000c14                PDCA_9_Handler
 .text.PDCA_10_Handler
                0x00000c24       0x10 src/ASF/sam/drivers/pdca/pdca.o
                0x00000c24                PDCA_10_Handler
 .text.PDCA_11_Handler
                0x00000c34       0x10 src/ASF/sam/drivers/pdca/pdca.o
                0x00000c34                PDCA_11_Handler
 .text.PDCA_12_Handler
                0x00000c44       0x10 src/ASF/sam/drivers/pdca/pdca.o
                0x00000c44                PDCA_12_Handler
 .text.PDCA_13_Handler
                0x00000c54       0x10 src/ASF/sam/drivers/pdca/pdca.o
                0x00000c54                PDCA_13_Handler
 .text.PDCA_14_Handler
                0x00000c64       0x10 src/ASF/sam/drivers/pdca/pdca.o
                0x00000c64                PDCA_14_Handler
 .text.PDCA_15_Handler
                0x00000c74       0x10 src/ASF/sam/drivers/pdca/pdca.o
                0x00000c74                PDCA_15_Handler
 .text.usart_set_async_baudrate
                0x00000c84       0x58 src/ASF/sam/drivers/usart/usart.o
                0x00000c84                usart_set_async_baudrate
 .text.usart_reset
                0x00000cdc       0x30 src/ASF/sam/drivers/usart/usart.o
                0x00000cdc                usart_reset
 .text.usart_init_rs232
                0x00000d0c       0x54 src/ASF/sam/drivers/usart/usart.o
                0x00000d0c                usart_init_rs232
 .text.usart_enable_tx
                0x00000d60        0x6 src/ASF/sam/drivers/usart/usart.o
                0x00000d60                usart_enable_tx
 .text.usart_enable_rx
                0x00000d66        0x6 src/ASF/sam/drivers/usart/usart.o
                0x00000d66                usart_enable_rx
 .text.usart_write
                0x00000d6c       0x14 src/ASF/sam/drivers/usart/usart.o
                0x00000d6c                usart_write
 .text.usart_read
                0x00000d80       0x18 src/ASF/sam/drivers/usart/usart.o
                0x00000d80                usart_read
 .text.dfll_enable_closed_loop
                0x00000d98      0x14c src/ASF/common/services/clock/sam4l/dfll.o
                0x00000d98                dfll_enable_closed_loop
 .text.dfll_enable_config_defaults
                0x00000ee4       0xa4 src/ASF/common/services/clock/sam4l/dfll.o
                0x00000ee4                dfll_enable_config_defaults
 .text.osc_priv_enable_osc32
                0x00000f88       0x48 src/ASF/common/services/clock/sam4l/osc.o
                0x00000f88                osc_priv_enable_osc32
 .text.sysclk_priv_enable_module
                0x00000fd0       0x60 src/ASF/common/services/clock/sam4l/sysclk.o
                0x00000fd0                sysclk_priv_enable_module
 .text.sysclk_priv_disable_module
                0x00001030       0x60 src/ASF/common/services/clock/sam4l/sysclk.o
                0x00001030                sysclk_priv_disable_module
 .text.sysclk_enable_pba_module
                0x00001090       0x58 src/ASF/common/services/clock/sam4l/sysclk.o
                0x00001090                sysclk_enable_pba_module
 .text.sysclk_disable_pba_module
                0x000010e8       0x54 src/ASF/common/services/clock/sam4l/sysclk.o
                0x000010e8                sysclk_disable_pba_module
 .text.sysclk_enable_pbb_module
                0x0000113c       0x58 src/ASF/common/services/clock/sam4l/sysclk.o
                0x0000113c                sysclk_enable_pbb_module
 .text.sysclk_disable_pbb_module
                0x00001194       0x54 src/ASF/common/services/clock/sam4l/sysclk.o
                0x00001194                sysclk_disable_pbb_module
 .text.sysclk_get_peripheral_bus_hz
                0x000011e8      0x1b0 src/ASF/common/services/clock/sam4l/sysclk.o
                0x000011e8                sysclk_get_peripheral_bus_hz
 .text.sysclk_enable_peripheral_clock
                0x00001398      0x3f4 src/ASF/common/services/clock/sam4l/sysclk.o
                0x00001398                sysclk_enable_peripheral_clock
 .text.sysclk_disable_peripheral_clock
                0x0000178c      0x3ac src/ASF/common/services/clock/sam4l/sysclk.o
                0x0000178c                sysclk_disable_peripheral_clock
 .text.sysclk_set_source
                0x00001b38       0x40 src/ASF/common/services/clock/sam4l/sysclk.o
                0x00001b38                sysclk_set_source
 .text.sysclk_init
                0x00001b78       0xa0 src/ASF/common/services/clock/sam4l/sysclk.o
                0x00001b78                sysclk_init
 .text.board_init
                0x00001c18       0xb8 src/ASF/sam/boards/sam4l8_xplained_pro/init.o
                0x00001c18                board_init
 .text.bpm_power_scaling_cpu_failsafe
                0x00001cd0       0x74 src/ASF/sam/drivers/bpm/bpm.o
                0x00001cd0                bpm_power_scaling_cpu_failsafe
 .text.bpm_set_clk32_source
                0x00001d44       0x20 src/ASF/sam/drivers/bpm/bpm.o
                0x00001d44                bpm_set_clk32_source
 .text.bpm_get_status
                0x00001d64        0x4 src/ASF/sam/drivers/bpm/bpm.o
                0x00001d64                bpm_get_status
 .text.flashcalw_set_wait_state
                0x00001d68       0x1c src/ASF/sam/drivers/flashcalw/flashcalw.o
                0x00001d68                flashcalw_set_wait_state
 .text.flashcalw_is_ready
                0x00001d84       0x10 src/ASF/sam/drivers/flashcalw/flashcalw.o
                0x00001d84                flashcalw_is_ready
 .text.flashcalw_default_wait_until_ready
                0x00001d94       0x10 src/ASF/sam/drivers/flashcalw/flashcalw.o
                0x00001d94                flashcalw_default_wait_until_ready
 .text.flashcalw_issue_command
                0x00001da4       0x54 src/ASF/sam/drivers/flashcalw/flashcalw.o
                0x00001da4                flashcalw_issue_command
 .text.flashcalw_set_flash_waitstate_and_readmode
                0x00001df8       0x94 src/ASF/sam/drivers/flashcalw/flashcalw.o
                0x00001df8                flashcalw_set_flash_waitstate_and_readmode
 .text.wdt_set_ctrl
                0x00001e8c       0x3c src/ASF/sam/drivers/wdt/wdt_sam4l.o
 .text.wdt_get_config_defaults
                0x00001ec8       0x18 src/ASF/sam/drivers/wdt/wdt_sam4l.o
                0x00001ec8                wdt_get_config_defaults
 .text.wdt_init
                0x00001ee0       0xb4 src/ASF/sam/drivers/wdt/wdt_sam4l.o
                0x00001ee0                wdt_init
 .text.wdt_disable
                0x00001f94       0x28 src/ASF/sam/drivers/wdt/wdt_sam4l.o
                0x00001f94                wdt_disable
 .text.Dummy_Handler
                0x00001fbc        0x2 src/ASF/sam/utils/cmsis/sam4l/source/templates/exceptions.o
                0x00001fbc                DACC_Handler
                0x00001fbc                DebugMon_Handler
                0x00001fbc                TRNG_Handler
                0x00001fbc                HardFault_Handler
                0x00001fbc                SPI_Handler
                0x00001fbc                USART3_Handler
                0x00001fbc                AST_PER_Handler
                0x00001fbc                AST_CLKREADY_Handler
                0x00001fbc                AST_OVF_Handler
                0x00001fbc                PendSV_Handler
                0x00001fbc                SCIF_Handler
                0x00001fbc                CRCCU_Handler
                0x00001fbc                USART0_Handler
                0x00001fbc                TWIM3_Handler
                0x00001fbc                UsageFault_Handler
                0x00001fbc                TC12_Handler
                0x00001fbc                BPM_Handler
                0x00001fbc                PARC_Handler
                0x00001fbc                WDT_Handler
                0x00001fbc                TWIS0_Handler
                0x00001fbc                TWIS1_Handler
                0x00001fbc                TWIM2_Handler
                0x00001fbc                AESA_Handler
                0x00001fbc                Dummy_Handler
                0x00001fbc                ABDACB_Handler
                0x00001fbc                CATB_Handler
                0x00001fbc                USART1_Handler
                0x00001fbc                AST_READY_Handler
                0x00001fbc                AST_ALARM_Handler
                0x00001fbc                TWIM0_Handler
                0x00001fbc                PM_Handler
                0x00001fbc                TC11_Handler
                0x00001fbc                ACIFC_Handler
                0x00001fbc                TC00_Handler
                0x00001fbc                TC02_Handler
                0x00001fbc                MemManage_Handler
                0x00001fbc                SVC_Handler
                0x00001fbc                ADCIFE_Handler
                0x00001fbc                PEVC_TR_Handler
                0x00001fbc                USART2_Handler
                0x00001fbc                TC10_Handler
                0x00001fbc                TWIM1_Handler
                0x00001fbc                HFLASHC_Handler
                0x00001fbc                TC01_Handler
                0x00001fbc                BSCIF_Handler
                0x00001fbc                USBC_Handler
                0x00001fbc                IISC_Handler
                0x00001fbc                BusFault_Handler
                0x00001fbc                FREQM_Handler
                0x00001fbc                PEVC_OV_Handler
 *fill*         0x00001fbe        0x2 
 .text.Reset_Handler
                0x00001fc0       0x84 src/ASF/sam/utils/cmsis/sam4l/source/templates/gcc/startup_sam4l.o
                0x00001fc0                Reset_Handler
 .text._sbrk    0x00002044       0x38 src/ASF/sam/utils/syscalls/gcc/syscalls.o
                0x00002044                _sbrk
 .text._close   0x0000207c        0x6 src/ASF/sam/utils/syscalls/gcc/syscalls.o
                0x0000207c                _close
 .text._fstat   0x00002082        0xa src/ASF/sam/utils/syscalls/gcc/syscalls.o
                0x00002082                _fstat
 .text._isatty  0x0000208c        0x4 src/ASF/sam/utils/syscalls/gcc/syscalls.o
                0x0000208c                _isatty
 .text._lseek   0x00002090        0x4 src/ASF/sam/utils/syscalls/gcc/syscalls.o
                0x00002090                _lseek
 .text.gpio_callback
                0x00002094       0x38 src/main.o
 .text.usart_serial_getchar
                0x000020cc       0x8c src/main.o
 .text.usart_serial_putchar
                0x00002158       0x7c src/main.o
 .text.eic_callback
                0x000021d4       0x44 src/main.o
 .text.SysTick_Handler
                0x00002218       0x5c src/main.o
                0x00002218                SysTick_Handler
 .text.main     0x00002274      0x190 src/main.o
                0x00002274                main
 .text.__libc_init_array
                0x00002404       0x50 c:/program files (x86)/atmel/studio/7.0/toolchain/arm/arm-gnu-toolchain/bin/../lib/gcc/arm-none-eabi/6.3.1/../../../../arm-none-eabi/lib/thumb/v7e-m\libc.a(lib_a-init.o)
                0x00002404                __libc_init_array
 .text.iprintf  0x00002454       0x28 c:/program files (x86)/atmel/studio/7.0/toolchain/arm/arm-gnu-toolchain/bin/../lib/gcc/arm-none-eabi/6.3.1/../../../../arm-none-eabi/lib/thumb/v7e-m\libc.a(lib_a-iprintf.o)
                0x00002454                iprintf
 .text.memset   0x0000247c       0x9c c:/program files (x86)/atmel/studio/7.0/toolchain/arm/arm-gnu-toolchain/bin/../lib/gcc/arm-none-eabi/6.3.1/../../../../arm-none-eabi/lib/thumb/v7e-m\libc.a(lib_a-memset.o)
                0x0000247c                memset
 .text.setbuf   0x00002518       0x10 c:/program files (x86)/atmel/studio/7.0/toolchain/arm/arm-gnu-toolchain/bin/../lib/gcc/arm-none-eabi/6.3.1/../../../../arm-none-eabi/lib/thumb/v7e-m\libc.a(lib_a-setbuf.o)
                0x00002518                setbuf
 .text.setvbuf  0x00002528      0x190 c:/program files (x86)/atmel/studio/7.0/toolchain/arm/arm-gnu-toolchain/bin/../lib/gcc/arm-none-eabi/6.3.1/../../../../arm-none-eabi/lib/thumb/v7e-m\libc.a(lib_a-setvbuf.o)
                0x00002528                setvbuf
 .text.sprintf  0x000026b8       0x4c c:/program files (x86)/atmel/studio/7.0/toolchain/arm/arm-gnu-toolchain/bin/../lib/gcc/arm-none-eabi/6.3.1/../../../../arm-none-eabi/lib/thumb/v7e-m\libc.a(lib_a-sprintf.o)
                0x000026b8                sprintf
 .text._svfprintf_r
                0x00002704     0x145c c:/program files (x86)/atmel/studio/7.0/toolchain/arm/arm-gnu-toolchain/bin/../lib/gcc/arm-none-eabi/6.3.1/../../../../arm-none-eabi/lib/thumb/v7e-m\libc.a(lib_a-svfprintf.o)
                0x00002704                _svfprintf_r
 .text.__sprint_r.part.0
                0x00003b60       0x80 c:/program files (x86)/atmel/studio/7.0/toolchain/arm/arm-gnu-toolchain/bin/../lib/gcc/arm-none-eabi/6.3.1/../../../../arm-none-eabi/lib/thumb/v7e-m\libc.a(lib_a-vfiprintf.o)
 .text._vfiprintf_r
                0x00003be0      0xc90 c:/program files (x86)/atmel/studio/7.0/toolchain/arm/arm-gnu-toolchain/bin/../lib/gcc/arm-none-eabi/6.3.1/../../../../arm-none-eabi/lib/thumb/v7e-m\libc.a(lib_a-vfiprintf.o)
                0x00003be0                _vfiprintf_r
 .text.__sbprintf
                0x00004870       0x84 c:/program files (x86)/atmel/studio/7.0/toolchain/arm/arm-gnu-toolchain/bin/../lib/gcc/arm-none-eabi/6.3.1/../../../../arm-none-eabi/lib/thumb/v7e-m\libc.a(lib_a-vfiprintf.o)
 .text.__swsetup_r
                0x000048f4       0xc8 c:/program files (x86)/atmel/studio/7.0/toolchain/arm/arm-gnu-toolchain/bin/../lib/gcc/arm-none-eabi/6.3.1/../../../../arm-none-eabi/lib/thumb/v7e-m\libc.a(lib_a-wsetup.o)
                0x000048f4                __swsetup_r
 .text.startup.register_fini
                0x000049bc       0x14 c:/program files (x86)/atmel/studio/7.0/toolchain/arm/arm-gnu-toolchain/bin/../lib/gcc/arm-none-eabi/6.3.1/../../../../arm-none-eabi/lib/thumb/v7e-m\libc.a(lib_a-__call_atexit.o)
 .text.atexit   0x000049d0        0xc c:/program files (x86)/atmel/studio/7.0/toolchain/arm/arm-gnu-toolchain/bin/../lib/gcc/arm-none-eabi/6.3.1/../../../../arm-none-eabi/lib/thumb/v7e-m\libc.a(lib_a-atexit.o)
                0x000049d0                atexit
 .text.quorem   0x000049dc      0x128 c:/program files (x86)/atmel/studio/7.0/toolchain/arm/arm-gnu-toolchain/bin/../lib/gcc/arm-none-eabi/6.3.1/../../../../arm-none-eabi/lib/thumb/v7e-m\libc.a(lib_a-dtoa.o)
 *fill*         0x00004b04        0x4 
 .text._dtoa_r  0x00004b08      0xe54 c:/program files (x86)/atmel/studio/7.0/toolchain/arm/arm-gnu-toolchain/bin/../lib/gcc/arm-none-eabi/6.3.1/../../../../arm-none-eabi/lib/thumb/v7e-m\libc.a(lib_a-dtoa.o)
                0x00004b08                _dtoa_r
 .text.__sflush_r
                0x0000595c      0x140 c:/program files (x86)/atmel/studio/7.0/toolchain/arm/arm-gnu-toolchain/bin/../lib/gcc/arm-none-eabi/6.3.1/../../../../arm-none-eabi/lib/thumb/v7e-m\libc.a(lib_a-fflush.o)
                0x0000595c                __sflush_r
 .text._fflush_r
                0x00005a9c       0x54 c:/program files (x86)/atmel/studio/7.0/toolchain/arm/arm-gnu-toolchain/bin/../lib/gcc/arm-none-eabi/6.3.1/../../../../arm-none-eabi/lib/thumb/v7e-m\libc.a(lib_a-fflush.o)
                0x00005a9c                _fflush_r
 .text._cleanup_r
                0x00005af0        0xc c:/program files (x86)/atmel/studio/7.0/toolchain/arm/arm-gnu-toolchain/bin/../lib/gcc/arm-none-eabi/6.3.1/../../../../arm-none-eabi/lib/thumb/v7e-m\libc.a(lib_a-findfp.o)
                0x00005af0                _cleanup_r
 .text.std.isra.0
                0x00005afc       0x50 c:/program files (x86)/atmel/studio/7.0/toolchain/arm/arm-gnu-toolchain/bin/../lib/gcc/arm-none-eabi/6.3.1/../../../../arm-none-eabi/lib/thumb/v7e-m\libc.a(lib_a-findfp.o)
 .text.__sinit  0x00005b4c       0x58 c:/program files (x86)/atmel/studio/7.0/toolchain/arm/arm-gnu-toolchain/bin/../lib/gcc/arm-none-eabi/6.3.1/../../../../arm-none-eabi/lib/thumb/v7e-m\libc.a(lib_a-findfp.o)
                0x00005b4c                __sinit
 .text.__sfp_lock_acquire
                0x00005ba4        0xc c:/program files (x86)/atmel/studio/7.0/toolchain/arm/arm-gnu-toolchain/bin/../lib/gcc/arm-none-eabi/6.3.1/../../../../arm-none-eabi/lib/thumb/v7e-m\libc.a(lib_a-findfp.o)
                0x00005ba4                __sfp_lock_acquire
 .text.__sfp_lock_release
                0x00005bb0        0xc c:/program files (x86)/atmel/studio/7.0/toolchain/arm/arm-gnu-toolchain/bin/../lib/gcc/arm-none-eabi/6.3.1/../../../../arm-none-eabi/lib/thumb/v7e-m\libc.a(lib_a-findfp.o)
                0x00005bb0                __sfp_lock_release
 .text.__libc_fini_array
                0x00005bbc       0x34 c:/program files (x86)/atmel/studio/7.0/toolchain/arm/arm-gnu-toolchain/bin/../lib/gcc/arm-none-eabi/6.3.1/../../../../arm-none-eabi/lib/thumb/v7e-m\libc.a(lib_a-fini.o)
                0x00005bbc                __libc_fini_array
 .text.__fputwc
                0x00005bf0       0xa0 c:/program files (x86)/atmel/studio/7.0/toolchain/arm/arm-gnu-toolchain/bin/../lib/gcc/arm-none-eabi/6.3.1/../../../../arm-none-eabi/lib/thumb/v7e-m\libc.a(lib_a-fputwc.o)
                0x00005bf0                __fputwc
 .text._fputwc_r
                0x00005c90       0x68 c:/program files (x86)/atmel/studio/7.0/toolchain/arm/arm-gnu-toolchain/bin/../lib/gcc/arm-none-eabi/6.3.1/../../../../arm-none-eabi/lib/thumb/v7e-m\libc.a(lib_a-fputwc.o)
                0x00005c90                _fputwc_r
 .text._malloc_trim_r
                0x00005cf8       0xa0 c:/program files (x86)/atmel/studio/7.0/toolchain/arm/arm-gnu-toolchain/bin/../lib/gcc/arm-none-eabi/6.3.1/../../../../arm-none-eabi/lib/thumb/v7e-m\libc.a(lib_a-freer.o)
                0x00005cf8                _malloc_trim_r
 .text._free_r  0x00005d98      0x1cc c:/program files (x86)/atmel/studio/7.0/toolchain/arm/arm-gnu-toolchain/bin/../lib/gcc/arm-none-eabi/6.3.1/../../../../arm-none-eabi/lib/thumb/v7e-m\libc.a(lib_a-freer.o)
                0x00005d98                _free_r
 .text.__sfvwrite_r
                0x00005f64      0x2f0 c:/program files (x86)/atmel/studio/7.0/toolchain/arm/arm-gnu-toolchain/bin/../lib/gcc/arm-none-eabi/6.3.1/../../../../arm-none-eabi/lib/thumb/v7e-m\libc.a(lib_a-fvwrite.o)
                0x00005f64                __sfvwrite_r
 .text._fwalk_reent
                0x00006254       0x54 c:/program files (x86)/atmel/studio/7.0/toolchain/arm/arm-gnu-toolchain/bin/../lib/gcc/arm-none-eabi/6.3.1/../../../../arm-none-eabi/lib/thumb/v7e-m\libc.a(lib_a-fwalk.o)
                0x00006254                _fwalk_reent
 .text.__locale_mb_cur_max
                0x000062a8       0x1c c:/program files (x86)/atmel/studio/7.0/toolchain/arm/arm-gnu-toolchain/bin/../lib/gcc/arm-none-eabi/6.3.1/../../../../arm-none-eabi/lib/thumb/v7e-m\libc.a(lib_a-locale.o)
                0x000062a8                __locale_mb_cur_max
 .text._localeconv_r
                0x000062c4       0x1c c:/program files (x86)/atmel/studio/7.0/toolchain/arm/arm-gnu-toolchain/bin/../lib/gcc/arm-none-eabi/6.3.1/../../../../arm-none-eabi/lib/thumb/v7e-m\libc.a(lib_a-localeconv.o)
                0x000062c4                _localeconv_r
 .text.__retarget_lock_init_recursive
                0x000062e0        0x4 c:/program files (x86)/atmel/studio/7.0/toolchain/arm/arm-gnu-toolchain/bin/../lib/gcc/arm-none-eabi/6.3.1/../../../../arm-none-eabi/lib/thumb/v7e-m\libc.a(lib_a-lock.o)
                0x000062e0                __retarget_lock_init_recursive
 .text.__retarget_lock_close_recursive
                0x000062e4        0x4 c:/program files (x86)/atmel/studio/7.0/toolchain/arm/arm-gnu-toolchain/bin/../lib/gcc/arm-none-eabi/6.3.1/../../../../arm-none-eabi/lib/thumb/v7e-m\libc.a(lib_a-lock.o)
                0x000062e4                __retarget_lock_close_recursive
 .text.__retarget_lock_acquire_recursive
                0x000062e8        0x4 c:/program files (x86)/atmel/studio/7.0/toolchain/arm/arm-gnu-toolchain/bin/../lib/gcc/arm-none-eabi/6.3.1/../../../../arm-none-eabi/lib/thumb/v7e-m\libc.a(lib_a-lock.o)
                0x000062e8                __retarget_lock_acquire_recursive
 .text.__retarget_lock_release_recursive
                0x000062ec        0x4 c:/program files (x86)/atmel/studio/7.0/toolchain/arm/arm-gnu-toolchain/bin/../lib/gcc/arm-none-eabi/6.3.1/../../../../arm-none-eabi/lib/thumb/v7e-m\libc.a(lib_a-lock.o)
                0x000062ec                __retarget_lock_release_recursive
 .text.__swhatbuf_r
                0x000062f0       0x5c c:/program files (x86)/atmel/studio/7.0/toolchain/arm/arm-gnu-toolchain/bin/../lib/gcc/arm-none-eabi/6.3.1/../../../../arm-none-eabi/lib/thumb/v7e-m\libc.a(lib_a-makebuf.o)
                0x000062f0                __swhatbuf_r
 .text.__smakebuf_r
                0x0000634c       0x94 c:/program files (x86)/atmel/studio/7.0/toolchain/arm/arm-gnu-toolchain/bin/../lib/gcc/arm-none-eabi/6.3.1/../../../../arm-none-eabi/lib/thumb/v7e-m\libc.a(lib_a-makebuf.o)
                0x0000634c                __smakebuf_r
 .text.malloc   0x000063e0       0x10 c:/program files (x86)/atmel/studio/7.0/toolchain/arm/arm-gnu-toolchain/bin/../lib/gcc/arm-none-eabi/6.3.1/../../../../arm-none-eabi/lib/thumb/v7e-m\libc.a(lib_a-malloc.o)
                0x000063e0                malloc
 .text._malloc_r
                0x000063f0      0x560 c:/program files (x86)/atmel/studio/7.0/toolchain/arm/arm-gnu-toolchain/bin/../lib/gcc/arm-none-eabi/6.3.1/../../../../arm-none-eabi/lib/thumb/v7e-m\libc.a(lib_a-mallocr.o)
                0x000063f0                _malloc_r
 .text.__ascii_mbtowc
                0x00006950       0x2c c:/program files (x86)/atmel/studio/7.0/toolchain/arm/arm-gnu-toolchain/bin/../lib/gcc/arm-none-eabi/6.3.1/../../../../arm-none-eabi/lib/thumb/v7e-m\libc.a(lib_a-mbtowc_r.o)
                0x00006950                __ascii_mbtowc
 *fill*         0x0000697c        0x4 
 .text          0x00006980       0xa0 c:/program files (x86)/atmel/studio/7.0/toolchain/arm/arm-gnu-toolchain/bin/../lib/gcc/arm-none-eabi/6.3.1/../../../../arm-none-eabi/lib/thumb/v7e-m\libc.a(lib_a-memchr.o)
                0x00006980                memchr
 .text          0x00006a20      0x134 c:/program files (x86)/atmel/studio/7.0/toolchain/arm/arm-gnu-toolchain/bin/../lib/gcc/arm-none-eabi/6.3.1/../../../../arm-none-eabi/lib/thumb/v7e-m\libc.a(lib_a-memcpy.o)
                0x00006a20                memcpy
 .text.memmove  0x00006b54       0xc8 c:/program files (x86)/atmel/studio/7.0/toolchain/arm/arm-gnu-toolchain/bin/../lib/gcc/arm-none-eabi/6.3.1/../../../../arm-none-eabi/lib/thumb/v7e-m\libc.a(lib_a-memmove.o)
                0x00006b54                memmove
 .text.__malloc_lock
                0x00006c1c        0xc c:/program files (x86)/atmel/studio/7.0/toolchain/arm/arm-gnu-toolchain/bin/../lib/gcc/arm-none-eabi/6.3.1/../../../../arm-none-eabi/lib/thumb/v7e-m\libc.a(lib_a-mlock.o)
                0x00006c1c                __malloc_lock
 .text.__malloc_unlock
                0x00006c28        0xc c:/program files (x86)/atmel/studio/7.0/toolchain/arm/arm-gnu-toolchain/bin/../lib/gcc/arm-none-eabi/6.3.1/../../../../arm-none-eabi/lib/thumb/v7e-m\libc.a(lib_a-mlock.o)
                0x00006c28                __malloc_unlock
 .text._Balloc  0x00006c34       0x4c c:/program files (x86)/atmel/studio/7.0/toolchain/arm/arm-gnu-toolchain/bin/../lib/gcc/arm-none-eabi/6.3.1/../../../../arm-none-eabi/lib/thumb/v7e-m\libc.a(lib_a-mprec.o)
                0x00006c34                _Balloc
 .text._Bfree   0x00006c80       0x14 c:/program files (x86)/atmel/studio/7.0/toolchain/arm/arm-gnu-toolchain/bin/../lib/gcc/arm-none-eabi/6.3.1/../../../../arm-none-eabi/lib/thumb/v7e-m\libc.a(lib_a-mprec.o)
                0x00006c80                _Bfree
 .text.__multadd
                0x00006c94       0x80 c:/program files (x86)/atmel/studio/7.0/toolchain/arm/arm-gnu-toolchain/bin/../lib/gcc/arm-none-eabi/6.3.1/../../../../arm-none-eabi/lib/thumb/v7e-m\libc.a(lib_a-mprec.o)
                0x00006c94                __multadd
 .text.__hi0bits
                0x00006d14       0x40 c:/program files (x86)/atmel/studio/7.0/toolchain/arm/arm-gnu-toolchain/bin/../lib/gcc/arm-none-eabi/6.3.1/../../../../arm-none-eabi/lib/thumb/v7e-m\libc.a(lib_a-mprec.o)
                0x00006d14                __hi0bits
 .text.__lo0bits
                0x00006d54       0x60 c:/program files (x86)/atmel/studio/7.0/toolchain/arm/arm-gnu-toolchain/bin/../lib/gcc/arm-none-eabi/6.3.1/../../../../arm-none-eabi/lib/thumb/v7e-m\libc.a(lib_a-mprec.o)
                0x00006d54                __lo0bits
 .text.__i2b    0x00006db4       0x14 c:/program files (x86)/atmel/studio/7.0/toolchain/arm/arm-gnu-toolchain/bin/../lib/gcc/arm-none-eabi/6.3.1/../../../../arm-none-eabi/lib/thumb/v7e-m\libc.a(lib_a-mprec.o)
                0x00006db4                __i2b
 .text.__multiply
                0x00006dc8      0x124 c:/program files (x86)/atmel/studio/7.0/toolchain/arm/arm-gnu-toolchain/bin/../lib/gcc/arm-none-eabi/6.3.1/../../../../arm-none-eabi/lib/thumb/v7e-m\libc.a(lib_a-mprec.o)
                0x00006dc8                __multiply
 .text.__pow5mult
                0x00006eec       0xa0 c:/program files (x86)/atmel/studio/7.0/toolchain/arm/arm-gnu-toolchain/bin/../lib/gcc/arm-none-eabi/6.3.1/../../../../arm-none-eabi/lib/thumb/v7e-m\libc.a(lib_a-mprec.o)
                0x00006eec                __pow5mult
 .text.__lshift
                0x00006f8c       0xa4 c:/program files (x86)/atmel/studio/7.0/toolchain/arm/arm-gnu-toolchain/bin/../lib/gcc/arm-none-eabi/6.3.1/../../../../arm-none-eabi/lib/thumb/v7e-m\libc.a(lib_a-mprec.o)
                0x00006f8c                __lshift
 .text.__mcmp   0x00007030       0x38 c:/program files (x86)/atmel/studio/7.0/toolchain/arm/arm-gnu-toolchain/bin/../lib/gcc/arm-none-eabi/6.3.1/../../../../arm-none-eabi/lib/thumb/v7e-m\libc.a(lib_a-mprec.o)
                0x00007030                __mcmp
 .text.__mdiff  0x00007068      0x108 c:/program files (x86)/atmel/studio/7.0/toolchain/arm/arm-gnu-toolchain/bin/../lib/gcc/arm-none-eabi/6.3.1/../../../../arm-none-eabi/lib/thumb/v7e-m\libc.a(lib_a-mprec.o)
                0x00007068                __mdiff
 .text.__d2b    0x00007170       0xb8 c:/program files (x86)/atmel/studio/7.0/toolchain/arm/arm-gnu-toolchain/bin/../lib/gcc/arm-none-eabi/6.3.1/../../../../arm-none-eabi/lib/thumb/v7e-m\libc.a(lib_a-mprec.o)
                0x00007170                __d2b
 .text._realloc_r
                0x00007228      0x34c c:/program files (x86)/atmel/studio/7.0/toolchain/arm/arm-gnu-toolchain/bin/../lib/gcc/arm-none-eabi/6.3.1/../../../../arm-none-eabi/lib/thumb/v7e-m\libc.a(lib_a-reallocr.o)
                0x00007228                _realloc_r
 .text._sbrk_r  0x00007574       0x24 c:/program files (x86)/atmel/studio/7.0/toolchain/arm/arm-gnu-toolchain/bin/../lib/gcc/arm-none-eabi/6.3.1/../../../../arm-none-eabi/lib/thumb/v7e-m\libc.a(lib_a-sbrkr.o)
                0x00007574                _sbrk_r
 .text.__sread  0x00007598       0x24 c:/program files (x86)/atmel/studio/7.0/toolchain/arm/arm-gnu-toolchain/bin/../lib/gcc/arm-none-eabi/6.3.1/../../../../arm-none-eabi/lib/thumb/v7e-m\libc.a(lib_a-stdio.o)
                0x00007598                __sread
 .text.__swrite
                0x000075bc       0x3c c:/program files (x86)/atmel/studio/7.0/toolchain/arm/arm-gnu-toolchain/bin/../lib/gcc/arm-none-eabi/6.3.1/../../../../arm-none-eabi/lib/thumb/v7e-m\libc.a(lib_a-stdio.o)
                0x000075bc                __swrite
 .text.__sseek  0x000075f8       0x20 c:/program files (x86)/atmel/studio/7.0/toolchain/arm/arm-gnu-toolchain/bin/../lib/gcc/arm-none-eabi/6.3.1/../../../../arm-none-eabi/lib/thumb/v7e-m\libc.a(lib_a-stdio.o)
                0x000075f8                __sseek
 .text.__sclose
                0x00007618        0x8 c:/program files (x86)/atmel/studio/7.0/toolchain/arm/arm-gnu-toolchain/bin/../lib/gcc/arm-none-eabi/6.3.1/../../../../arm-none-eabi/lib/thumb/v7e-m\libc.a(lib_a-stdio.o)
                0x00007618                __sclose
 *fill*         0x00007620       0x20 
 .text          0x00007640       0xdc c:/program files (x86)/atmel/studio/7.0/toolchain/arm/arm-gnu-toolchain/bin/../lib/gcc/arm-none-eabi/6.3.1/../../../../arm-none-eabi/lib/thumb/v7e-m\libc.a(lib_a-strlen.o)
                0x00007640                strlen
 .text.__ssprint_r
                0x0000771c       0xfc c:/program files (x86)/atmel/studio/7.0/toolchain/arm/arm-gnu-toolchain/bin/../lib/gcc/arm-none-eabi/6.3.1/../../../../arm-none-eabi/lib/thumb/v7e-m\libc.a(lib_a-svfiprintf.o)
                0x0000771c                __ssprint_r
 .text.__swbuf_r
                0x00007818       0xb0 c:/program files (x86)/atmel/studio/7.0/toolchain/arm/arm-gnu-toolchain/bin/../lib/gcc/arm-none-eabi/6.3.1/../../../../arm-none-eabi/lib/thumb/v7e-m\libc.a(lib_a-wbuf.o)
                0x00007818                __swbuf_r
 .text._wcrtomb_r
                0x000078c8       0x54 c:/program files (x86)/atmel/studio/7.0/toolchain/arm/arm-gnu-toolchain/bin/../lib/gcc/arm-none-eabi/6.3.1/../../../../arm-none-eabi/lib/thumb/v7e-m\libc.a(lib_a-wcrtomb.o)
                0x000078c8                _wcrtomb_r
 .text.__ascii_wctomb
                0x0000791c       0x1c c:/program files (x86)/atmel/studio/7.0/toolchain/arm/arm-gnu-toolchain/bin/../lib/gcc/arm-none-eabi/6.3.1/../../../../arm-none-eabi/lib/thumb/v7e-m\libc.a(lib_a-wctomb_r.o)
                0x0000791c                __ascii_wctomb
 .text._write_r
                0x00007938       0x2c c:/program files (x86)/atmel/studio/7.0/toolchain/arm/arm-gnu-toolchain/bin/../lib/gcc/arm-none-eabi/6.3.1/../../../../arm-none-eabi/lib/thumb/v7e-m\libc.a(lib_a-writer.o)
                0x00007938                _write_r
 .text.__register_exitproc
                0x00007964       0xc4 c:/program files (x86)/atmel/studio/7.0/toolchain/arm/arm-gnu-toolchain/bin/../lib/gcc/arm-none-eabi/6.3.1/../../../../arm-none-eabi/lib/thumb/v7e-m\libc.a(lib_a-__atexit.o)
                0x00007964                __register_exitproc
 .text._calloc_r
                0x00007a28       0x60 c:/program files (x86)/atmel/studio/7.0/toolchain/arm/arm-gnu-toolchain/bin/../lib/gcc/arm-none-eabi/6.3.1/../../../../arm-none-eabi/lib/thumb/v7e-m\libc.a(lib_a-callocr.o)
                0x00007a28                _calloc_r
 .text._close_r
                0x00007a88       0x24 c:/program files (x86)/atmel/studio/7.0/toolchain/arm/arm-gnu-toolchain/bin/../lib/gcc/arm-none-eabi/6.3.1/../../../../arm-none-eabi/lib/thumb/v7e-m\libc.a(lib_a-closer.o)
                0x00007a88                _close_r
 .text._fclose_r
                0x00007aac       0xc4 c:/program files (x86)/atmel/studio/7.0/toolchain/arm/arm-gnu-toolchain/bin/../lib/gcc/arm-none-eabi/6.3.1/../../../../arm-none-eabi/lib/thumb/v7e-m\libc.a(lib_a-fclose.o)
                0x00007aac                _fclose_r
 .text._fstat_r
                0x00007b70       0x28 c:/program files (x86)/atmel/studio/7.0/toolchain/arm/arm-gnu-toolchain/bin/../lib/gcc/arm-none-eabi/6.3.1/../../../../arm-none-eabi/lib/thumb/v7e-m\libc.a(lib_a-fstatr.o)
                0x00007b70                _fstat_r
 .text._isatty_r
                0x00007b98       0x24 c:/program files (x86)/atmel/studio/7.0/toolchain/arm/arm-gnu-toolchain/bin/../lib/gcc/arm-none-eabi/6.3.1/../../../../arm-none-eabi/lib/thumb/v7e-m\libc.a(lib_a-isattyr.o)
                0x00007b98                _isatty_r
 .text._lseek_r
                0x00007bbc       0x2c c:/program files (x86)/atmel/studio/7.0/toolchain/arm/arm-gnu-toolchain/bin/../lib/gcc/arm-none-eabi/6.3.1/../../../../arm-none-eabi/lib/thumb/v7e-m\libc.a(lib_a-lseekr.o)
                0x00007bbc                _lseek_r
 .text._read_r  0x00007be8       0x2c c:/program files (x86)/atmel/studio/7.0/toolchain/arm/arm-gnu-toolchain/bin/../lib/gcc/arm-none-eabi/6.3.1/../../../../arm-none-eabi/lib/thumb/v7e-m\libc.a(lib_a-readr.o)
                0x00007be8                _read_r
 .text          0x00007c14      0x370 c:/program files (x86)/atmel/studio/7.0/toolchain/arm/arm-gnu-toolchain/bin/../lib/gcc/arm-none-eabi/6.3.1/thumb/v7e-m\libgcc.a(_arm_addsubdf3.o)
                0x00007c14                __aeabi_drsub
                0x00007c1c                __aeabi_dsub
                0x00007c1c                __subdf3
                0x00007c20                __aeabi_dadd
                0x00007c20                __adddf3
                0x00007e98                __floatunsidf
                0x00007e98                __aeabi_ui2d
                0x00007eb8                __floatsidf
                0x00007eb8                __aeabi_i2d
                0x00007edc                __aeabi_f2d
                0x00007edc                __extendsfdf2
                0x00007f18                __floatundidf
                0x00007f18                __aeabi_ul2d
                0x00007f28                __floatdidf
                0x00007f28                __aeabi_l2d
 .text          0x00007f84      0x424 c:/program files (x86)/atmel/studio/7.0/toolchain/arm/arm-gnu-toolchain/bin/../lib/gcc/arm-none-eabi/6.3.1/thumb/v7e-m\libgcc.a(_arm_muldivdf3.o)
                0x00007f84                __aeabi_dmul
                0x00007f84                __muldf3
                0x000081d8                __divdf3
                0x000081d8                __aeabi_ddiv
 .text          0x000083a8      0x110 c:/program files (x86)/atmel/studio/7.0/toolchain/arm/arm-gnu-toolchain/bin/../lib/gcc/arm-none-eabi/6.3.1/thumb/v7e-m\libgcc.a(_arm_cmpdf2.o)
                0x000083a8                __gtdf2
                0x000083a8                __gedf2
                0x000083b0                __ltdf2
                0x000083b0                __ledf2
                0x000083b8                __nedf2
                0x000083b8                __eqdf2
                0x000083b8                __cmpdf2
                0x00008434                __aeabi_cdrcmple
                0x00008444                __aeabi_cdcmpeq
                0x00008444                __aeabi_cdcmple
                0x00008454                __aeabi_dcmpeq
                0x00008468                __aeabi_dcmplt
                0x0000847c                __aeabi_dcmple
                0x00008490                __aeabi_dcmpge
                0x000084a4                __aeabi_dcmpgt
 .text          0x000084b8       0x2c c:/program files (x86)/atmel/studio/7.0/toolchain/arm/arm-gnu-toolchain/bin/../lib/gcc/arm-none-eabi/6.3.1/thumb/v7e-m\libgcc.a(_arm_unorddf2.o)
                0x000084b8                __unorddf2
                0x000084b8                __aeabi_dcmpun
 .text          0x000084e4       0x50 c:/program files (x86)/atmel/studio/7.0/toolchain/arm/arm-gnu-toolchain/bin/../lib/gcc/arm-none-eabi/6.3.1/thumb/v7e-m\libgcc.a(_arm_fixdfsi.o)
                0x000084e4                __aeabi_d2iz
                0x000084e4                __fixdfsi
 .text          0x00008534       0x30 c:/program files (x86)/atmel/studio/7.0/toolchain/arm/arm-gnu-toolchain/bin/../lib/gcc/arm-none-eabi/6.3.1/thumb/v7e-m\libgcc.a(_aeabi_uldivmod.o)
                0x00008534                __aeabi_uldivmod
 .text          0x00008564      0x2dc c:/program files (x86)/atmel/studio/7.0/toolchain/arm/arm-gnu-toolchain/bin/../lib/gcc/arm-none-eabi/6.3.1/thumb/v7e-m\libgcc.a(_udivmoddi4.o)
                0x00008564                __udivmoddi4
 .text          0x00008840        0x4 c:/program files (x86)/atmel/studio/7.0/toolchain/arm/arm-gnu-toolchain/bin/../lib/gcc/arm-none-eabi/6.3.1/thumb/v7e-m\libgcc.a(_dvmd_tls.o)
                0x00008840                __aeabi_idiv0
                0x00008840                __aeabi_ldiv0
 *(.glue_7t)
 .glue_7t       0x00008844        0x0 linker stubs
 *(.glue_7)
 .glue_7        0x00008844        0x0 linker stubs
 *(.rodata .rodata* .gnu.linkonce.r.*)
 .rodata.c42412a_show_numeric_dec.str1.4
                0x00008844        0x4 src/ASF/sam/components/display/c42412a/c42412a_lcdca.o
 .rodata.main.str1.4
                0x00008848       0x32 src/main.o
 *fill*         0x0000887a        0x2 
 .rodata._global_impure_ptr
                0x0000887c        0x4 c:/program files (x86)/atmel/studio/7.0/toolchain/arm/arm-gnu-toolchain/bin/../lib/gcc/arm-none-eabi/6.3.1/../../../../arm-none-eabi/lib/thumb/v7e-m\libc.a(lib_a-impure.o)
                0x0000887c                _global_impure_ptr
 .rodata._svfprintf_r.str1.4
                0x00008880       0x42 c:/program files (x86)/atmel/studio/7.0/toolchain/arm/arm-gnu-toolchain/bin/../lib/gcc/arm-none-eabi/6.3.1/../../../../arm-none-eabi/lib/thumb/v7e-m\libc.a(lib_a-svfprintf.o)
 *fill*         0x000088c2        0x2 
 .rodata.blanks.7223
                0x000088c4       0x10 c:/program files (x86)/atmel/studio/7.0/toolchain/arm/arm-gnu-toolchain/bin/../lib/gcc/arm-none-eabi/6.3.1/../../../../arm-none-eabi/lib/thumb/v7e-m\libc.a(lib_a-svfprintf.o)
 .rodata.zeroes.7224
                0x000088d4       0x10 c:/program files (x86)/atmel/studio/7.0/toolchain/arm/arm-gnu-toolchain/bin/../lib/gcc/arm-none-eabi/6.3.1/../../../../arm-none-eabi/lib/thumb/v7e-m\libc.a(lib_a-svfprintf.o)
 .rodata._vfiprintf_r.str1.4
                0x000088e4       0x2f c:/program files (x86)/atmel/studio/7.0/toolchain/arm/arm-gnu-toolchain/bin/../lib/gcc/arm-none-eabi/6.3.1/../../../../arm-none-eabi/lib/thumb/v7e-m\libc.a(lib_a-vfiprintf.o)
 .rodata.blanks.7217
                0x000088e4       0x10 c:/program files (x86)/atmel/studio/7.0/toolchain/arm/arm-gnu-toolchain/bin/../lib/gcc/arm-none-eabi/6.3.1/../../../../arm-none-eabi/lib/thumb/v7e-m\libc.a(lib_a-vfiprintf.o)
 .rodata.zeroes.7218
                0x000088f4       0x10 c:/program files (x86)/atmel/studio/7.0/toolchain/arm/arm-gnu-toolchain/bin/../lib/gcc/arm-none-eabi/6.3.1/../../../../arm-none-eabi/lib/thumb/v7e-m\libc.a(lib_a-vfiprintf.o)
 .rodata._dtoa_r.str1.4
                0x00008904       0x10 c:/program files (x86)/atmel/studio/7.0/toolchain/arm/arm-gnu-toolchain/bin/../lib/gcc/arm-none-eabi/6.3.1/../../../../arm-none-eabi/lib/thumb/v7e-m\libc.a(lib_a-dtoa.o)
                                 0x12 (size before relaxing)
 .rodata._setlocale_r.str1.4
                0x00008914        0xa c:/program files (x86)/atmel/studio/7.0/toolchain/arm/arm-gnu-toolchain/bin/../lib/gcc/arm-none-eabi/6.3.1/../../../../arm-none-eabi/lib/thumb/v7e-m\libc.a(lib_a-locale.o)
                                  0xd (size before relaxing)
 *fill*         0x0000891e        0x2 
 .rodata.str1.4
                0x00008920        0x4 c:/program files (x86)/atmel/studio/7.0/toolchain/arm/arm-gnu-toolchain/bin/../lib/gcc/arm-none-eabi/6.3.1/../../../../arm-none-eabi/lib/thumb/v7e-m\libc.a(lib_a-locale.o)
                                  0x2 (size before relaxing)
 *fill*         0x00008924        0x4 
 .rodata.__mprec_bigtens
                0x00008928       0x28 c:/program files (x86)/atmel/studio/7.0/toolchain/arm/arm-gnu-toolchain/bin/../lib/gcc/arm-none-eabi/6.3.1/../../../../arm-none-eabi/lib/thumb/v7e-m\libc.a(lib_a-mprec.o)
                0x00008928                __mprec_bigtens
 .rodata.__mprec_tens
                0x00008950       0xc8 c:/program files (x86)/atmel/studio/7.0/toolchain/arm/arm-gnu-toolchain/bin/../lib/gcc/arm-none-eabi/6.3.1/../../../../arm-none-eabi/lib/thumb/v7e-m\libc.a(lib_a-mprec.o)
                0x00008950                __mprec_tens
 .rodata.p05.6055
                0x00008a18        0xc c:/program files (x86)/atmel/studio/7.0/toolchain/arm/arm-gnu-toolchain/bin/../lib/gcc/arm-none-eabi/6.3.1/../../../../arm-none-eabi/lib/thumb/v7e-m\libc.a(lib_a-mprec.o)
 .rodata._ctype_
                0x00008a24      0x101 c:/program files (x86)/atmel/studio/7.0/toolchain/arm/arm-gnu-toolchain/bin/../lib/gcc/arm-none-eabi/6.3.1/../../../../arm-none-eabi/lib/thumb/v7e-m\libc.a(lib_a-ctype_.o)
                0x00008a24                _ctype_
 *(.ARM.extab* .gnu.linkonce.armextab.*)
                0x00008b28                . = ALIGN (0x4)
 *fill*         0x00008b25        0x3 
 *(.init)
 .init          0x00008b28        0x4 c:/program files (x86)/atmel/studio/7.0/toolchain/arm/arm-gnu-toolchain/bin/../lib/gcc/arm-none-eabi/6.3.1/thumb/v7e-m/crti.o
                0x00008b28                _init
 .init          0x00008b2c        0x8 c:/program files (x86)/atmel/studio/7.0/toolchain/arm/arm-gnu-toolchain/bin/../lib/gcc/arm-none-eabi/6.3.1/thumb/v7e-m/crtn.o
                0x00008b34                . = ALIGN (0x4)
                0x00008b34                __preinit_array_start = .
 *(.preinit_array)
                0x00008b34                __preinit_array_end = .
                0x00008b34                . = ALIGN (0x4)
                0x00008b34                __init_array_start = .
 *(SORT(.init_array.*))
 .init_array.00000
                0x00008b34        0x4 c:/program files (x86)/atmel/studio/7.0/toolchain/arm/arm-gnu-toolchain/bin/../lib/gcc/arm-none-eabi/6.3.1/../../../../arm-none-eabi/lib/thumb/v7e-m\libc.a(lib_a-__call_atexit.o)
 *(.init_array)
 .init_array    0x00008b38        0x4 c:/program files (x86)/atmel/studio/7.0/toolchain/arm/arm-gnu-toolchain/bin/../lib/gcc/arm-none-eabi/6.3.1/thumb/v7e-m/crtbegin.o
                0x00008b3c                __init_array_end = .
                0x00008b3c                . = ALIGN (0x4)
 *crtbegin.o(.ctors)
 *(EXCLUDE_FILE(*crtend.o) .ctors)
 *(SORT(.ctors.*))
 *crtend.o(.ctors)
                0x00008b3c                . = ALIGN (0x4)
 *(.fini)
 .fini          0x00008b3c        0x4 c:/program files (x86)/atmel/studio/7.0/toolchain/arm/arm-gnu-toolchain/bin/../lib/gcc/arm-none-eabi/6.3.1/thumb/v7e-m/crti.o
                0x00008b3c                _fini
 .fini          0x00008b40        0x8 c:/program files (x86)/atmel/studio/7.0/toolchain/arm/arm-gnu-toolchain/bin/../lib/gcc/arm-none-eabi/6.3.1/thumb/v7e-m/crtn.o
                0x00008b48                . = ALIGN (0x4)
                0x00008b48                __fini_array_start = .
 *(.fini_array)
 .fini_array    0x00008b48        0x4 c:/program files (x86)/atmel/studio/7.0/toolchain/arm/arm-gnu-toolchain/bin/../lib/gcc/arm-none-eabi/6.3.1/thumb/v7e-m/crtbegin.o
 *(SORT(.fini_array.*))
                0x00008b4c                __fini_array_end = .
 *crtbegin.o(.dtors)
 *(EXCLUDE_FILE(*crtend.o) .dtors)
 *(SORT(.dtors.*))
 *crtend.o(.dtors)
                0x00008b4c                . = ALIGN (0x4)
                0x00008b4c                _efixed = .
                [!provide]                PROVIDE (__exidx_start, .)

.vfp11_veneer   0x00008b4c        0x0
 .vfp11_veneer  0x00008b4c        0x0 linker stubs

.v4_bx          0x00008b4c        0x0
 .v4_bx         0x00008b4c        0x0 linker stubs

.iplt           0x00008b4c        0x0
 .iplt          0x00008b4c        0x0 c:/program files (x86)/atmel/studio/7.0/toolchain/arm/arm-gnu-toolchain/bin/../lib/gcc/arm-none-eabi/6.3.1/thumb/v7e-m/crtbegin.o

.ARM.exidx      0x00008b4c        0x8
 *(.ARM.exidx* .gnu.linkonce.armexidx.*)
 .ARM.exidx     0x00008b4c        0x8 c:/program files (x86)/atmel/studio/7.0/toolchain/arm/arm-gnu-toolchain/bin/../lib/gcc/arm-none-eabi/6.3.1/thumb/v7e-m\libgcc.a(_udivmoddi4.o)
                [!provide]                PROVIDE (__exidx_end, .)

.eh_frame       0x00008b54        0x0
 .eh_frame      0x00008b54        0x0 c:/program files (x86)/atmel/studio/7.0/toolchain/arm/arm-gnu-toolchain/bin/../lib/gcc/arm-none-eabi/6.3.1/thumb/v7e-m/crtbegin.o

.rel.dyn        0x00008b54        0x0
 .rel.iplt      0x00008b54        0x0 c:/program files (x86)/atmel/studio/7.0/toolchain/arm/arm-gnu-toolchain/bin/../lib/gcc/arm-none-eabi/6.3.1/thumb/v7e-m/crtbegin.o

.jcr            0x00008b54        0x0
 .jcr           0x00008b54        0x0 c:/program files (x86)/atmel/studio/7.0/toolchain/arm/arm-gnu-toolchain/bin/../lib/gcc/arm-none-eabi/6.3.1/thumb/v7e-m/crtbegin.o

.igot.plt       0x00008b54        0x0
 .igot.plt      0x00008b54        0x0 c:/program files (x86)/atmel/studio/7.0/toolchain/arm/arm-gnu-toolchain/bin/../lib/gcc/arm-none-eabi/6.3.1/thumb/v7e-m/crtbegin.o
                0x00008b54                . = ALIGN (0x4)
                0x00008b54                _etext = .

.relocate       0x20000000      0x9e0 load address 0x00008b54
                0x20000000                . = ALIGN (0x4)
                0x20000000                _srelocate = .
 *(.ramfunc .ramfunc.*)
 .ramfunc       0x20000000       0x2c src/ASF/sam/drivers/bpm/bpm.o
                0x20000000                bpm_ps_no_halt_exec
 *(.data .data.*)
 .data.g_interrupt_enabled
                0x2000002c        0x1 src/ASF/common/utils/interrupt/interrupt_sam_nvic.o
                0x2000002c                g_interrupt_enabled
 *fill*         0x2000002d        0x3 
 .data.flashcalw_wait_until_ready
                0x20000030        0x4 src/ASF/sam/drivers/flashcalw/flashcalw.o
                0x20000030                flashcalw_wait_until_ready
 .data._impure_ptr
                0x20000034        0x4 c:/program files (x86)/atmel/studio/7.0/toolchain/arm/arm-gnu-toolchain/bin/../lib/gcc/arm-none-eabi/6.3.1/../../../../arm-none-eabi/lib/thumb/v7e-m\libc.a(lib_a-impure.o)
                0x20000034                _impure_ptr
 .data.impure_data
                0x20000038      0x428 c:/program files (x86)/atmel/studio/7.0/toolchain/arm/arm-gnu-toolchain/bin/../lib/gcc/arm-none-eabi/6.3.1/../../../../arm-none-eabi/lib/thumb/v7e-m\libc.a(lib_a-impure.o)
 .data.__atexit_recursive_mutex
                0x20000460        0x4 c:/program files (x86)/atmel/studio/7.0/toolchain/arm/arm-gnu-toolchain/bin/../lib/gcc/arm-none-eabi/6.3.1/../../../../arm-none-eabi/lib/thumb/v7e-m\libc.a(lib_a-__call_atexit.o)
                0x20000460                __atexit_recursive_mutex
 .data.__global_locale
                0x20000464      0x16c c:/program files (x86)/atmel/studio/7.0/toolchain/arm/arm-gnu-toolchain/bin/../lib/gcc/arm-none-eabi/6.3.1/../../../../arm-none-eabi/lib/thumb/v7e-m\libc.a(lib_a-locale.o)
                0x20000464                __global_locale
 .data.__malloc_av_
                0x200005d0      0x408 c:/program files (x86)/atmel/studio/7.0/toolchain/arm/arm-gnu-toolchain/bin/../lib/gcc/arm-none-eabi/6.3.1/../../../../arm-none-eabi/lib/thumb/v7e-m\libc.a(lib_a-mallocr.o)
                0x200005d0                __malloc_av_
 .data.__malloc_sbrk_base
                0x200009d8        0x4 c:/program files (x86)/atmel/studio/7.0/toolchain/arm/arm-gnu-toolchain/bin/../lib/gcc/arm-none-eabi/6.3.1/../../../../arm-none-eabi/lib/thumb/v7e-m\libc.a(lib_a-mallocr.o)
                0x200009d8                __malloc_sbrk_base
 .data.__malloc_trim_threshold
                0x200009dc        0x4 c:/program files (x86)/atmel/studio/7.0/toolchain/arm/arm-gnu-toolchain/bin/../lib/gcc/arm-none-eabi/6.3.1/../../../../arm-none-eabi/lib/thumb/v7e-m\libc.a(lib_a-mallocr.o)
                0x200009dc                __malloc_trim_threshold
                0x200009e0                . = ALIGN (0x4)
                0x200009e0                _erelocate = .

.bss            0x200009e0      0x138 load address 0x00009534
                0x200009e0                . = ALIGN (0x4)
                0x200009e0                _sbss = .
                0x200009e0                _szero = .
 *(.bss .bss.*)
 .bss           0x200009e0       0x1c c:/program files (x86)/atmel/studio/7.0/toolchain/arm/arm-gnu-toolchain/bin/../lib/gcc/arm-none-eabi/6.3.1/thumb/v7e-m/crtbegin.o
 .bss.gpio_int_sources
                0x200009fc       0x30 src/ASF/sam/drivers/gpio/gpio.o
 .bss.gpio_nb_sources
                0x20000a2c        0x4 src/ASF/sam/drivers/gpio/gpio.o
 .bss.lcdca_callback_pointer
                0x20000a30        0x4 src/ASF/sam/drivers/lcdca/lcdca.o
                0x20000a30                lcdca_callback_pointer
 .bss.ul_reg_val.8108
                0x20000a34        0x4 src/ASF/sam/drivers/usart/usart.o
 .bss.flashcalw_error_status
                0x20000a38        0x4 src/ASF/sam/drivers/flashcalw/flashcalw.o
 .bss.heap.5297
                0x20000a3c        0x4 src/ASF/sam/utils/syscalls/gcc/syscalls.o
 .bss.ticks     0x20000a40        0x4 src/main.o
                0x20000a40                ticks
 .bss.__malloc_current_mallinfo
                0x20000a44       0x28 c:/program files (x86)/atmel/studio/7.0/toolchain/arm/arm-gnu-toolchain/bin/../lib/gcc/arm-none-eabi/6.3.1/../../../../arm-none-eabi/lib/thumb/v7e-m\libc.a(lib_a-mallocr.o)
                0x20000a44                __malloc_current_mallinfo
 .bss.__malloc_max_sbrked_mem
                0x20000a6c        0x4 c:/program files (x86)/atmel/studio/7.0/toolchain/arm/arm-gnu-toolchain/bin/../lib/gcc/arm-none-eabi/6.3.1/../../../../arm-none-eabi/lib/thumb/v7e-m\libc.a(lib_a-mallocr.o)
                0x20000a6c                __malloc_max_sbrked_mem
 .bss.__malloc_max_total_mem
                0x20000a70        0x4 c:/program files (x86)/atmel/studio/7.0/toolchain/arm/arm-gnu-toolchain/bin/../lib/gcc/arm-none-eabi/6.3.1/../../../../arm-none-eabi/lib/thumb/v7e-m\libc.a(lib_a-mallocr.o)
                0x20000a70                __malloc_max_total_mem
 .bss.__malloc_top_pad
                0x20000a74        0x4 c:/program files (x86)/atmel/studio/7.0/toolchain/arm/arm-gnu-toolchain/bin/../lib/gcc/arm-none-eabi/6.3.1/../../../../arm-none-eabi/lib/thumb/v7e-m\libc.a(lib_a-mallocr.o)
                0x20000a74                __malloc_top_pad
 *(COMMON)
 COMMON         0x20000a78        0x8 src/ASF/common/services/sleepmgr/sam4l/sleepmgr.o
                0x20000a78                sleepmgr_locks
 COMMON         0x20000a80        0x4 src/ASF/common/utils/stdio/read.o
                0x20000a80                ptr_get
 COMMON         0x20000a84        0x8 src/ASF/common/utils/stdio/write.o
                0x20000a84                ptr_put
                0x20000a88                stdio_base
 COMMON         0x20000a8c       0x24 src/ASF/sam/drivers/eic/eic.o
                0x20000a8c                eic_callback_pointer
 COMMON         0x20000ab0       0x40 src/ASF/sam/drivers/pdca/pdca.o
                0x20000ab0                pdca_callback_pointer
 COMMON         0x20000af0       0x21 c:/program files (x86)/atmel/studio/7.0/toolchain/arm/arm-gnu-toolchain/bin/../lib/gcc/arm-none-eabi/6.3.1/../../../../arm-none-eabi/lib/thumb/v7e-m\libc.a(lib_a-lock.o)
                0x20000af0                __lock___atexit_recursive_mutex
                0x20000af4                __lock___arc4random_mutex
                0x20000af8                __lock___env_recursive_mutex
                0x20000afc                __lock___sinit_recursive_mutex
                0x20000b00                __lock___malloc_recursive_mutex
                0x20000b04                __lock___at_quick_exit_mutex
                0x20000b08                __lock___dd_hash_mutex
                0x20000b0c                __lock___tz_mutex
                0x20000b10                __lock___sfp_recursive_mutex
 *fill*         0x20000b11        0x3 
 COMMON         0x20000b14        0x4 c:/program files (x86)/atmel/studio/7.0/toolchain/arm/arm-gnu-toolchain/bin/../lib/gcc/arm-none-eabi/6.3.1/../../../../arm-none-eabi/lib/thumb/v7e-m\libc.a(lib_a-reent.o)
                0x20000b14                errno
                0x20000b18                . = ALIGN (0x4)
                0x20000b18                _ebss = .
                0x20000b18                _ezero = .

.stack          0x20000b18     0x1000 load address 0x0000966c
                0x20000b18                . = ALIGN (0x8)
                0x20000b18                _sstack = .
                0x20001b18                . = (. + __stack_size__)
 *fill*         0x20000b18     0x1000 
                0x20001b18                . = ALIGN (0x8)
                0x20001b18                _estack = .
                0x20001b18                . = ALIGN (0x4)
                0x20001b18                _end = .
OUTPUT(Embedded_Lab_Ferda.elf elf32-littlearm)

.ARM.attributes
                0x00000000       0x2a
 .ARM.attributes
                0x00000000       0x1e c:/program files (x86)/atmel/studio/7.0/toolchain/arm/arm-gnu-toolchain/bin/../lib/gcc/arm-none-eabi/6.3.1/thumb/v7e-m/crti.o
 .ARM.attributes
                0x0000001e       0x2e c:/program files (x86)/atmel/studio/7.0/toolchain/arm/arm-gnu-toolchain/bin/../lib/gcc/arm-none-eabi/6.3.1/thumb/v7e-m/crtbegin.o
 .ARM.attributes
                0x0000004c       0x33 src/ASF/common/services/sleepmgr/sam4l/sleepmgr.o
 .ARM.attributes
                0x0000007f       0x33 src/ASF/common/utils/stdio/read.o
 .ARM.attributes
                0x000000b2       0x33 src/ASF/common/utils/stdio/write.o
 .ARM.attributes
                0x000000e5       0x33 src/ASF/sam/components/display/c42412a/c42412a_lcdca.o
 .ARM.attributes
                0x00000118       0x33 src/ASF/sam/drivers/eic/eic.o
 .ARM.attributes
                0x0000014b       0x33 src/ASF/sam/drivers/gpio/gpio.o
 .ARM.attributes
                0x0000017e       0x33 src/ASF/sam/drivers/lcdca/lcdca.o
 .ARM.attributes
                0x000001b1       0x33 src/ASF/sam/drivers/pdca/pdca.o
 .ARM.attributes
                0x000001e4       0x33 src/ASF/sam/drivers/usart/usart.o
 .ARM.attributes
                0x00000217       0x33 src/ASF/common/services/clock/sam4l/dfll.o
 .ARM.attributes
                0x0000024a       0x33 src/ASF/common/services/clock/sam4l/osc.o
 .ARM.attributes
                0x0000027d       0x33 src/ASF/common/services/clock/sam4l/sysclk.o
 .ARM.attributes
                0x000002b0       0x33 src/ASF/common/utils/interrupt/interrupt_sam_nvic.o
 .ARM.attributes
                0x000002e3       0x33 src/ASF/sam/boards/sam4l8_xplained_pro/init.o
 .ARM.attributes
                0x00000316       0x33 src/ASF/sam/drivers/bpm/bpm.o
 .ARM.attributes
                0x00000349       0x33 src/ASF/sam/drivers/flashcalw/flashcalw.o
 .ARM.attributes
                0x0000037c       0x33 src/ASF/sam/drivers/wdt/wdt_sam4l.o
 .ARM.attributes
                0x000003af       0x33 src/ASF/sam/utils/cmsis/sam4l/source/templates/exceptions.o
 .ARM.attributes
                0x000003e2       0x33 src/ASF/sam/utils/cmsis/sam4l/source/templates/gcc/startup_sam4l.o
 .ARM.attributes
                0x00000415       0x33 src/ASF/sam/utils/syscalls/gcc/syscalls.o
 .ARM.attributes
                0x00000448       0x33 src/main.o
 .ARM.attributes
                0x0000047b       0x2e c:/program files (x86)/atmel/studio/7.0/toolchain/arm/arm-gnu-toolchain/bin/../lib/gcc/arm-none-eabi/6.3.1/../../../../arm-none-eabi/lib/thumb/v7e-m\libc.a(lib_a-impure.o)
 .ARM.attributes
                0x000004a9       0x2e c:/program files (x86)/atmel/studio/7.0/toolchain/arm/arm-gnu-toolchain/bin/../lib/gcc/arm-none-eabi/6.3.1/../../../../arm-none-eabi/lib/thumb/v7e-m\libc.a(lib_a-init.o)
 .ARM.attributes
                0x000004d7       0x2e c:/program files (x86)/atmel/studio/7.0/toolchain/arm/arm-gnu-toolchain/bin/../lib/gcc/arm-none-eabi/6.3.1/../../../../arm-none-eabi/lib/thumb/v7e-m\libc.a(lib_a-iprintf.o)
 .ARM.attributes
                0x00000505       0x2e c:/program files (x86)/atmel/studio/7.0/toolchain/arm/arm-gnu-toolchain/bin/../lib/gcc/arm-none-eabi/6.3.1/../../../../arm-none-eabi/lib/thumb/v7e-m\libc.a(lib_a-memset.o)
 .ARM.attributes
                0x00000533       0x2e c:/program files (x86)/atmel/studio/7.0/toolchain/arm/arm-gnu-toolchain/bin/../lib/gcc/arm-none-eabi/6.3.1/../../../../arm-none-eabi/lib/thumb/v7e-m\libc.a(lib_a-setbuf.o)
 .ARM.attributes
                0x00000561       0x2e c:/program files (x86)/atmel/studio/7.0/toolchain/arm/arm-gnu-toolchain/bin/../lib/gcc/arm-none-eabi/6.3.1/../../../../arm-none-eabi/lib/thumb/v7e-m\libc.a(lib_a-setvbuf.o)
 .ARM.attributes
                0x0000058f       0x2e c:/program files (x86)/atmel/studio/7.0/toolchain/arm/arm-gnu-toolchain/bin/../lib/gcc/arm-none-eabi/6.3.1/../../../../arm-none-eabi/lib/thumb/v7e-m\libc.a(lib_a-sprintf.o)
 .ARM.attributes
                0x000005bd       0x2e c:/program files (x86)/atmel/studio/7.0/toolchain/arm/arm-gnu-toolchain/bin/../lib/gcc/arm-none-eabi/6.3.1/../../../../arm-none-eabi/lib/thumb/v7e-m\libc.a(lib_a-svfprintf.o)
 .ARM.attributes
                0x000005eb       0x2e c:/program files (x86)/atmel/studio/7.0/toolchain/arm/arm-gnu-toolchain/bin/../lib/gcc/arm-none-eabi/6.3.1/../../../../arm-none-eabi/lib/thumb/v7e-m\libc.a(lib_a-vfiprintf.o)
 .ARM.attributes
                0x00000619       0x2e c:/program files (x86)/atmel/studio/7.0/toolchain/arm/arm-gnu-toolchain/bin/../lib/gcc/arm-none-eabi/6.3.1/../../../../arm-none-eabi/lib/thumb/v7e-m\libc.a(lib_a-wsetup.o)
 .ARM.attributes
                0x00000647       0x2e c:/program files (x86)/atmel/studio/7.0/toolchain/arm/arm-gnu-toolchain/bin/../lib/gcc/arm-none-eabi/6.3.1/../../../../arm-none-eabi/lib/thumb/v7e-m\libc.a(lib_a-__call_atexit.o)
 .ARM.attributes
                0x00000675       0x2e c:/program files (x86)/atmel/studio/7.0/toolchain/arm/arm-gnu-toolchain/bin/../lib/gcc/arm-none-eabi/6.3.1/../../../../arm-none-eabi/lib/thumb/v7e-m\libc.a(lib_a-atexit.o)
 .ARM.attributes
                0x000006a3       0x2e c:/program files (x86)/atmel/studio/7.0/toolchain/arm/arm-gnu-toolchain/bin/../lib/gcc/arm-none-eabi/6.3.1/../../../../arm-none-eabi/lib/thumb/v7e-m\libc.a(lib_a-dtoa.o)
 .ARM.attributes
                0x000006d1       0x2e c:/program files (x86)/atmel/studio/7.0/toolchain/arm/arm-gnu-toolchain/bin/../lib/gcc/arm-none-eabi/6.3.1/../../../../arm-none-eabi/lib/thumb/v7e-m\libc.a(lib_a-fflush.o)
 .ARM.attributes
                0x000006ff       0x2e c:/program files (x86)/atmel/studio/7.0/toolchain/arm/arm-gnu-toolchain/bin/../lib/gcc/arm-none-eabi/6.3.1/../../../../arm-none-eabi/lib/thumb/v7e-m\libc.a(lib_a-findfp.o)
 .ARM.attributes
                0x0000072d       0x2e c:/program files (x86)/atmel/studio/7.0/toolchain/arm/arm-gnu-toolchain/bin/../lib/gcc/arm-none-eabi/6.3.1/../../../../arm-none-eabi/lib/thumb/v7e-m\libc.a(lib_a-fini.o)
 .ARM.attributes
                0x0000075b       0x2e c:/program files (x86)/atmel/studio/7.0/toolchain/arm/arm-gnu-toolchain/bin/../lib/gcc/arm-none-eabi/6.3.1/../../../../arm-none-eabi/lib/thumb/v7e-m\libc.a(lib_a-fputwc.o)
 .ARM.attributes
                0x00000789       0x2e c:/program files (x86)/atmel/studio/7.0/toolchain/arm/arm-gnu-toolchain/bin/../lib/gcc/arm-none-eabi/6.3.1/../../../../arm-none-eabi/lib/thumb/v7e-m\libc.a(lib_a-freer.o)
 .ARM.attributes
                0x000007b7       0x2e c:/program files (x86)/atmel/studio/7.0/toolchain/arm/arm-gnu-toolchain/bin/../lib/gcc/arm-none-eabi/6.3.1/../../../../arm-none-eabi/lib/thumb/v7e-m\libc.a(lib_a-fvwrite.o)
 .ARM.attributes
                0x000007e5       0x2e c:/program files (x86)/atmel/studio/7.0/toolchain/arm/arm-gnu-toolchain/bin/../lib/gcc/arm-none-eabi/6.3.1/../../../../arm-none-eabi/lib/thumb/v7e-m\libc.a(lib_a-fwalk.o)
 .ARM.attributes
                0x00000813       0x2e c:/program files (x86)/atmel/studio/7.0/toolchain/arm/arm-gnu-toolchain/bin/../lib/gcc/arm-none-eabi/6.3.1/../../../../arm-none-eabi/lib/thumb/v7e-m\libc.a(lib_a-locale.o)
 .ARM.attributes
                0x00000841       0x2e c:/program files (x86)/atmel/studio/7.0/toolchain/arm/arm-gnu-toolchain/bin/../lib/gcc/arm-none-eabi/6.3.1/../../../../arm-none-eabi/lib/thumb/v7e-m\libc.a(lib_a-localeconv.o)
 .ARM.attributes
                0x0000086f       0x2e c:/program files (x86)/atmel/studio/7.0/toolchain/arm/arm-gnu-toolchain/bin/../lib/gcc/arm-none-eabi/6.3.1/../../../../arm-none-eabi/lib/thumb/v7e-m\libc.a(lib_a-lock.o)
 .ARM.attributes
                0x0000089d       0x2e c:/program files (x86)/atmel/studio/7.0/toolchain/arm/arm-gnu-toolchain/bin/../lib/gcc/arm-none-eabi/6.3.1/../../../../arm-none-eabi/lib/thumb/v7e-m\libc.a(lib_a-makebuf.o)
 .ARM.attributes
                0x000008cb       0x2e c:/program files (x86)/atmel/studio/7.0/toolchain/arm/arm-gnu-toolchain/bin/../lib/gcc/arm-none-eabi/6.3.1/../../../../arm-none-eabi/lib/thumb/v7e-m\libc.a(lib_a-malloc.o)
 .ARM.attributes
                0x000008f9       0x2e c:/program files (x86)/atmel/studio/7.0/toolchain/arm/arm-gnu-toolchain/bin/../lib/gcc/arm-none-eabi/6.3.1/../../../../arm-none-eabi/lib/thumb/v7e-m\libc.a(lib_a-mallocr.o)
 .ARM.attributes
                0x00000927       0x2e c:/program files (x86)/atmel/studio/7.0/toolchain/arm/arm-gnu-toolchain/bin/../lib/gcc/arm-none-eabi/6.3.1/../../../../arm-none-eabi/lib/thumb/v7e-m\libc.a(lib_a-mbtowc_r.o)
 .ARM.attributes
                0x00000955       0x1c c:/program files (x86)/atmel/studio/7.0/toolchain/arm/arm-gnu-toolchain/bin/../lib/gcc/arm-none-eabi/6.3.1/../../../../arm-none-eabi/lib/thumb/v7e-m\libc.a(lib_a-memchr.o)
 .ARM.attributes
                0x00000971       0x1c c:/program files (x86)/atmel/studio/7.0/toolchain/arm/arm-gnu-toolchain/bin/../lib/gcc/arm-none-eabi/6.3.1/../../../../arm-none-eabi/lib/thumb/v7e-m\libc.a(lib_a-memcpy.o)
 .ARM.attributes
                0x0000098d       0x2e c:/program files (x86)/atmel/studio/7.0/toolchain/arm/arm-gnu-toolchain/bin/../lib/gcc/arm-none-eabi/6.3.1/../../../../arm-none-eabi/lib/thumb/v7e-m\libc.a(lib_a-memmove.o)
 .ARM.attributes
                0x000009bb       0x2e c:/program files (x86)/atmel/studio/7.0/toolchain/arm/arm-gnu-toolchain/bin/../lib/gcc/arm-none-eabi/6.3.1/../../../../arm-none-eabi/lib/thumb/v7e-m\libc.a(lib_a-mlock.o)
 .ARM.attributes
                0x000009e9       0x2e c:/program files (x86)/atmel/studio/7.0/toolchain/arm/arm-gnu-toolchain/bin/../lib/gcc/arm-none-eabi/6.3.1/../../../../arm-none-eabi/lib/thumb/v7e-m\libc.a(lib_a-mprec.o)
 .ARM.attributes
                0x00000a17       0x2e c:/program files (x86)/atmel/studio/7.0/toolchain/arm/arm-gnu-toolchain/bin/../lib/gcc/arm-none-eabi/6.3.1/../../../../arm-none-eabi/lib/thumb/v7e-m\libc.a(lib_a-reallocr.o)
 .ARM.attributes
                0x00000a45       0x2e c:/program files (x86)/atmel/studio/7.0/toolchain/arm/arm-gnu-toolchain/bin/../lib/gcc/arm-none-eabi/6.3.1/../../../../arm-none-eabi/lib/thumb/v7e-m\libc.a(lib_a-sbrkr.o)
 .ARM.attributes
                0x00000a73       0x2e c:/program files (x86)/atmel/studio/7.0/toolchain/arm/arm-gnu-toolchain/bin/../lib/gcc/arm-none-eabi/6.3.1/../../../../arm-none-eabi/lib/thumb/v7e-m\libc.a(lib_a-stdio.o)
 .ARM.attributes
                0x00000aa1       0x1c c:/program files (x86)/atmel/studio/7.0/toolchain/arm/arm-gnu-toolchain/bin/../lib/gcc/arm-none-eabi/6.3.1/../../../../arm-none-eabi/lib/thumb/v7e-m\libc.a(lib_a-strlen.o)
 .ARM.attributes
                0x00000abd       0x2e c:/program files (x86)/atmel/studio/7.0/toolchain/arm/arm-gnu-toolchain/bin/../lib/gcc/arm-none-eabi/6.3.1/../../../../arm-none-eabi/lib/thumb/v7e-m\libc.a(lib_a-svfiprintf.o)
 .ARM.attributes
                0x00000aeb       0x2e c:/program files (x86)/atmel/studio/7.0/toolchain/arm/arm-gnu-toolchain/bin/../lib/gcc/arm-none-eabi/6.3.1/../../../../arm-none-eabi/lib/thumb/v7e-m\libc.a(lib_a-wbuf.o)
 .ARM.attributes
                0x00000b19       0x2e c:/program files (x86)/atmel/studio/7.0/toolchain/arm/arm-gnu-toolchain/bin/../lib/gcc/arm-none-eabi/6.3.1/../../../../arm-none-eabi/lib/thumb/v7e-m\libc.a(lib_a-wcrtomb.o)
 .ARM.attributes
                0x00000b47       0x2e c:/program files (x86)/atmel/studio/7.0/toolchain/arm/arm-gnu-toolchain/bin/../lib/gcc/arm-none-eabi/6.3.1/../../../../arm-none-eabi/lib/thumb/v7e-m\libc.a(lib_a-wctomb_r.o)
 .ARM.attributes
                0x00000b75       0x2e c:/program files (x86)/atmel/studio/7.0/toolchain/arm/arm-gnu-toolchain/bin/../lib/gcc/arm-none-eabi/6.3.1/../../../../arm-none-eabi/lib/thumb/v7e-m\libc.a(lib_a-writer.o)
 .ARM.attributes
                0x00000ba3       0x2e c:/program files (x86)/atmel/studio/7.0/toolchain/arm/arm-gnu-toolchain/bin/../lib/gcc/arm-none-eabi/6.3.1/../../../../arm-none-eabi/lib/thumb/v7e-m\libc.a(lib_a-__atexit.o)
 .ARM.attributes
                0x00000bd1       0x2e c:/program files (x86)/atmel/studio/7.0/toolchain/arm/arm-gnu-toolchain/bin/../lib/gcc/arm-none-eabi/6.3.1/../../../../arm-none-eabi/lib/thumb/v7e-m\libc.a(lib_a-callocr.o)
 .ARM.attributes
                0x00000bff       0x2e c:/program files (x86)/atmel/studio/7.0/toolchain/arm/arm-gnu-toolchain/bin/../lib/gcc/arm-none-eabi/6.3.1/../../../../arm-none-eabi/lib/thumb/v7e-m\libc.a(lib_a-closer.o)
 .ARM.attributes
                0x00000c2d       0x2e c:/program files (x86)/atmel/studio/7.0/toolchain/arm/arm-gnu-toolchain/bin/../lib/gcc/arm-none-eabi/6.3.1/../../../../arm-none-eabi/lib/thumb/v7e-m\libc.a(lib_a-ctype_.o)
 .ARM.attributes
                0x00000c5b       0x2e c:/program files (x86)/atmel/studio/7.0/toolchain/arm/arm-gnu-toolchain/bin/../lib/gcc/arm-none-eabi/6.3.1/../../../../arm-none-eabi/lib/thumb/v7e-m\libc.a(lib_a-fclose.o)
 .ARM.attributes
                0x00000c89       0x2e c:/program files (x86)/atmel/studio/7.0/toolchain/arm/arm-gnu-toolchain/bin/../lib/gcc/arm-none-eabi/6.3.1/../../../../arm-none-eabi/lib/thumb/v7e-m\libc.a(lib_a-fstatr.o)
 .ARM.attributes
                0x00000cb7       0x2e c:/program files (x86)/atmel/studio/7.0/toolchain/arm/arm-gnu-toolchain/bin/../lib/gcc/arm-none-eabi/6.3.1/../../../../arm-none-eabi/lib/thumb/v7e-m\libc.a(lib_a-isattyr.o)
 .ARM.attributes
                0x00000ce5       0x2e c:/program files (x86)/atmel/studio/7.0/toolchain/arm/arm-gnu-toolchain/bin/../lib/gcc/arm-none-eabi/6.3.1/../../../../arm-none-eabi/lib/thumb/v7e-m\libc.a(lib_a-lseekr.o)
 .ARM.attributes
                0x00000d13       0x2e c:/program files (x86)/atmel/studio/7.0/toolchain/arm/arm-gnu-toolchain/bin/../lib/gcc/arm-none-eabi/6.3.1/../../../../arm-none-eabi/lib/thumb/v7e-m\libc.a(lib_a-readr.o)
 .ARM.attributes
                0x00000d41       0x2e c:/program files (x86)/atmel/studio/7.0/toolchain/arm/arm-gnu-toolchain/bin/../lib/gcc/arm-none-eabi/6.3.1/../../../../arm-none-eabi/lib/thumb/v7e-m\libc.a(lib_a-reent.o)
 .ARM.attributes
                0x00000d6f       0x1e c:/program files (x86)/atmel/studio/7.0/toolchain/arm/arm-gnu-toolchain/bin/../lib/gcc/arm-none-eabi/6.3.1/thumb/v7e-m\libgcc.a(_arm_addsubdf3.o)
 .ARM.attributes
                0x00000d8d       0x1e c:/program files (x86)/atmel/studio/7.0/toolchain/arm/arm-gnu-toolchain/bin/../lib/gcc/arm-none-eabi/6.3.1/thumb/v7e-m\libgcc.a(_arm_muldivdf3.o)
 .ARM.attributes
                0x00000dab       0x1e c:/program files (x86)/atmel/studio/7.0/toolchain/arm/arm-gnu-toolchain/bin/../lib/gcc/arm-none-eabi/6.3.1/thumb/v7e-m\libgcc.a(_arm_cmpdf2.o)
 .ARM.attributes
                0x00000dc9       0x1e c:/program files (x86)/atmel/studio/7.0/toolchain/arm/arm-gnu-toolchain/bin/../lib/gcc/arm-none-eabi/6.3.1/thumb/v7e-m\libgcc.a(_arm_unorddf2.o)
 .ARM.attributes
                0x00000de7       0x1e c:/program files (x86)/atmel/studio/7.0/toolchain/arm/arm-gnu-toolchain/bin/../lib/gcc/arm-none-eabi/6.3.1/thumb/v7e-m\libgcc.a(_arm_fixdfsi.o)
 .ARM.attributes
                0x00000e05       0x1e c:/program files (x86)/atmel/studio/7.0/toolchain/arm/arm-gnu-toolchain/bin/../lib/gcc/arm-none-eabi/6.3.1/thumb/v7e-m\libgcc.a(_aeabi_uldivmod.o)
 .ARM.attributes
                0x00000e23       0x2e c:/program files (x86)/atmel/studio/7.0/toolchain/arm/arm-gnu-toolchain/bin/../lib/gcc/arm-none-eabi/6.3.1/thumb/v7e-m\libgcc.a(_udivmoddi4.o)
 .ARM.attributes
                0x00000e51       0x1e c:/program files (x86)/atmel/studio/7.0/toolchain/arm/arm-gnu-toolchain/bin/../lib/gcc/arm-none-eabi/6.3.1/thumb/v7e-m\libgcc.a(_dvmd_tls.o)
 .ARM.attributes
                0x00000e6f       0x1e c:/program files (x86)/atmel/studio/7.0/toolchain/arm/arm-gnu-toolchain/bin/../lib/gcc/arm-none-eabi/6.3.1/thumb/v7e-m/crtn.o

.comment        0x00000000       0x59
 .comment       0x00000000       0x59 src/ASF/common/services/sleepmgr/sam4l/sleepmgr.o
                                 0x5a (size before relaxing)
 .comment       0x00000059       0x5a src/ASF/common/utils/stdio/read.o
 .comment       0x00000059       0x5a src/ASF/common/utils/stdio/write.o
 .comment       0x00000059       0x5a src/ASF/sam/components/display/c42412a/c42412a_lcdca.o
 .comment       0x00000059       0x5a src/ASF/sam/drivers/eic/eic.o
 .comment       0x00000059       0x5a src/ASF/sam/drivers/gpio/gpio.o
 .comment       0x00000059       0x5a src/ASF/sam/drivers/lcdca/lcdca.o
 .comment       0x00000059       0x5a src/ASF/sam/drivers/pdca/pdca.o
 .comment       0x00000059       0x5a src/ASF/sam/drivers/usart/usart.o
 .comment       0x00000059       0x5a src/ASF/common/services/clock/sam4l/dfll.o
 .comment       0x00000059       0x5a src/ASF/common/services/clock/sam4l/osc.o
 .comment       0x00000059       0x5a src/ASF/common/services/clock/sam4l/sysclk.o
 .comment       0x00000059       0x5a src/ASF/common/utils/interrupt/interrupt_sam_nvic.o
 .comment       0x00000059       0x5a src/ASF/sam/boards/sam4l8_xplained_pro/init.o
 .comment       0x00000059       0x5a src/ASF/sam/drivers/bpm/bpm.o
 .comment       0x00000059       0x5a src/ASF/sam/drivers/flashcalw/flashcalw.o
 .comment       0x00000059       0x5a src/ASF/sam/drivers/wdt/wdt_sam4l.o
 .comment       0x00000059       0x5a src/ASF/sam/utils/cmsis/sam4l/source/templates/exceptions.o
 .comment       0x00000059       0x5a src/ASF/sam/utils/cmsis/sam4l/source/templates/gcc/startup_sam4l.o
 .comment       0x00000059       0x5a src/ASF/sam/utils/syscalls/gcc/syscalls.o
 .comment       0x00000059       0x5a src/main.o

.debug_info     0x00000000    0x1f4e3
 .debug_info    0x00000000      0xa9a src/ASF/common/services/sleepmgr/sam4l/sleepmgr.o
 .debug_info    0x00000a9a      0xac9 src/ASF/common/utils/stdio/read.o
 .debug_info    0x00001563      0xac6 src/ASF/common/utils/stdio/write.o
 .debug_info    0x00002029     0x1749 src/ASF/sam/components/display/c42412a/c42412a_lcdca.o
 .debug_info    0x00003772     0x184a src/ASF/sam/drivers/eic/eic.o
 .debug_info    0x00004fbc     0x1bd5 src/ASF/sam/drivers/gpio/gpio.o
 .debug_info    0x00006b91     0x28a6 src/ASF/sam/drivers/lcdca/lcdca.o
 .debug_info    0x00009437     0x1ef9 src/ASF/sam/drivers/pdca/pdca.o
 .debug_info    0x0000b330     0x2403 src/ASF/sam/drivers/usart/usart.o
 .debug_info    0x0000d733     0x1f3c src/ASF/common/services/clock/sam4l/dfll.o
 .debug_info    0x0000f66f     0x1a54 src/ASF/common/services/clock/sam4l/osc.o
 .debug_info    0x000110c3     0x3474 src/ASF/common/services/clock/sam4l/sysclk.o
 .debug_info    0x00014537      0xb01 src/ASF/common/utils/interrupt/interrupt_sam_nvic.o
 .debug_info    0x00015038     0x1a3e src/ASF/sam/boards/sam4l8_xplained_pro/init.o
 .debug_info    0x00016a76     0x1713 src/ASF/sam/drivers/bpm/bpm.o
 .debug_info    0x00018189     0x25fe src/ASF/sam/drivers/flashcalw/flashcalw.o
 .debug_info    0x0001a787     0x105e src/ASF/sam/drivers/wdt/wdt_sam4l.o
 .debug_info    0x0001b7e5       0xdc src/ASF/sam/utils/cmsis/sam4l/source/templates/exceptions.o
 .debug_info    0x0001b8c1      0x3cb src/ASF/sam/utils/cmsis/sam4l/source/templates/gcc/startup_sam4l.o
 .debug_info    0x0001bc8c      0xdb0 src/ASF/sam/utils/syscalls/gcc/syscalls.o
 .debug_info    0x0001ca3c     0x2aa7 src/main.o

.debug_abbrev   0x00000000     0x3f78
 .debug_abbrev  0x00000000      0x1b2 src/ASF/common/services/sleepmgr/sam4l/sleepmgr.o
 .debug_abbrev  0x000001b2      0x1fe src/ASF/common/utils/stdio/read.o
 .debug_abbrev  0x000003b0      0x1e9 src/ASF/common/utils/stdio/write.o
 .debug_abbrev  0x00000599      0x2e8 src/ASF/sam/components/display/c42412a/c42412a_lcdca.o
 .debug_abbrev  0x00000881      0x380 src/ASF/sam/drivers/eic/eic.o
 .debug_abbrev  0x00000c01      0x350 src/ASF/sam/drivers/gpio/gpio.o
 .debug_abbrev  0x00000f51      0x52b src/ASF/sam/drivers/lcdca/lcdca.o
 .debug_abbrev  0x0000147c      0x411 src/ASF/sam/drivers/pdca/pdca.o
 .debug_abbrev  0x0000188d      0x3ea src/ASF/sam/drivers/usart/usart.o
 .debug_abbrev  0x00001c77      0x379 src/ASF/common/services/clock/sam4l/dfll.o
 .debug_abbrev  0x00001ff0      0x290 src/ASF/common/services/clock/sam4l/osc.o
 .debug_abbrev  0x00002280      0x482 src/ASF/common/services/clock/sam4l/sysclk.o
 .debug_abbrev  0x00002702      0x212 src/ASF/common/utils/interrupt/interrupt_sam_nvic.o
 .debug_abbrev  0x00002914      0x30c src/ASF/sam/boards/sam4l8_xplained_pro/init.o
 .debug_abbrev  0x00002c20      0x357 src/ASF/sam/drivers/bpm/bpm.o
 .debug_abbrev  0x00002f77      0x469 src/ASF/sam/drivers/flashcalw/flashcalw.o
 .debug_abbrev  0x000033e0      0x31b src/ASF/sam/drivers/wdt/wdt_sam4l.o
 .debug_abbrev  0x000036fb       0x7d src/ASF/sam/utils/cmsis/sam4l/source/templates/exceptions.o
 .debug_abbrev  0x00003778      0x11d src/ASF/sam/utils/cmsis/sam4l/source/templates/gcc/startup_sam4l.o
 .debug_abbrev  0x00003895      0x264 src/ASF/sam/utils/syscalls/gcc/syscalls.o
 .debug_abbrev  0x00003af9      0x47f src/main.o

.debug_aranges  0x00000000      0xc80
 .debug_aranges
                0x00000000       0x18 src/ASF/common/services/sleepmgr/sam4l/sleepmgr.o
 .debug_aranges
                0x00000018       0x20 src/ASF/common/utils/stdio/read.o
 .debug_aranges
                0x00000038       0x20 src/ASF/common/utils/stdio/write.o
 .debug_aranges
                0x00000058       0xa8 src/ASF/sam/components/display/c42412a/c42412a_lcdca.o
 .debug_aranges
                0x00000100       0x88 src/ASF/sam/drivers/eic/eic.o
 .debug_aranges
                0x00000188       0x88 src/ASF/sam/drivers/gpio/gpio.o
 .debug_aranges
                0x00000210       0xd8 src/ASF/sam/drivers/lcdca/lcdca.o
 .debug_aranges
                0x000002e8      0x128 src/ASF/sam/drivers/pdca/pdca.o
 .debug_aranges
                0x00000410      0x298 src/ASF/sam/drivers/usart/usart.o
 .debug_aranges
                0x000006a8       0x40 src/ASF/common/services/clock/sam4l/dfll.o
 .debug_aranges
                0x000006e8       0x78 src/ASF/common/services/clock/sam4l/osc.o
 .debug_aranges
                0x00000760       0x88 src/ASF/common/services/clock/sam4l/sysclk.o
 .debug_aranges
                0x000007e8       0x28 src/ASF/common/utils/interrupt/interrupt_sam_nvic.o
 .debug_aranges
                0x00000810       0x20 src/ASF/sam/boards/sam4l8_xplained_pro/init.o
 .debug_aranges
                0x00000830       0xc0 src/ASF/sam/drivers/bpm/bpm.o
 .debug_aranges
                0x000008f0      0x250 src/ASF/sam/drivers/flashcalw/flashcalw.o
 .debug_aranges
                0x00000b40       0x50 src/ASF/sam/drivers/wdt/wdt_sam4l.o
 .debug_aranges
                0x00000b90       0x20 src/ASF/sam/utils/cmsis/sam4l/source/templates/exceptions.o
 .debug_aranges
                0x00000bb0       0x20 src/ASF/sam/utils/cmsis/sam4l/source/templates/gcc/startup_sam4l.o
 .debug_aranges
                0x00000bd0       0x60 src/ASF/sam/utils/syscalls/gcc/syscalls.o
 .debug_aranges
                0x00000c30       0x50 src/main.o

.debug_macro    0x00000000     0x8f25
 .debug_macro   0x00000000      0x605 src/ASF/common/services/sleepmgr/sam4l/sleepmgr.o
 .debug_macro   0x00000605       0x10 src/ASF/common/services/sleepmgr/sam4l/sleepmgr.o
 .debug_macro   0x00000615       0xc9 src/ASF/common/services/sleepmgr/sam4l/sleepmgr.o
 .debug_macro   0x000006de      0x5db src/ASF/common/utils/stdio/read.o
 .debug_macro   0x00000cb9      0x5db src/ASF/common/utils/stdio/write.o
 .debug_macro   0x00001294      0x6dd src/ASF/sam/components/display/c42412a/c42412a_lcdca.o
 .debug_macro   0x00001971       0xa0 src/ASF/sam/components/display/c42412a/c42412a_lcdca.o
 .debug_macro   0x00001a11       0x10 src/ASF/sam/components/display/c42412a/c42412a_lcdca.o
 .debug_macro   0x00001a21       0x6a src/ASF/sam/components/display/c42412a/c42412a_lcdca.o
 .debug_macro   0x00001a8b      0x217 src/ASF/sam/components/display/c42412a/c42412a_lcdca.o
 .debug_macro   0x00001ca2       0x10 src/ASF/sam/components/display/c42412a/c42412a_lcdca.o
 .debug_macro   0x00001cb2       0x10 src/ASF/sam/components/display/c42412a/c42412a_lcdca.o
 .debug_macro   0x00001cc2       0xac src/ASF/sam/components/display/c42412a/c42412a_lcdca.o
 .debug_macro   0x00001d6e      0x6c0 src/ASF/sam/drivers/eic/eic.o
 .debug_macro   0x0000242e       0x90 src/ASF/sam/drivers/eic/eic.o
 .debug_macro   0x000024be      0x6b9 src/ASF/sam/drivers/gpio/gpio.o
 .debug_macro   0x00002b77       0x8e src/ASF/sam/drivers/gpio/gpio.o
 .debug_macro   0x00002c05      0x6d8 src/ASF/sam/drivers/lcdca/lcdca.o
 .debug_macro   0x000032dd      0x6c1 src/ASF/sam/drivers/pdca/pdca.o
 .debug_macro   0x0000399e      0x627 src/ASF/sam/drivers/usart/usart.o
 .debug_macro   0x00003fc5       0x28 src/ASF/sam/drivers/usart/usart.o
 .debug_macro   0x00003fed      0x66f src/ASF/common/services/clock/sam4l/dfll.o
 .debug_macro   0x0000465c      0x12a src/ASF/common/services/clock/sam4l/dfll.o
 .debug_macro   0x00004786      0x62b src/ASF/common/services/clock/sam4l/osc.o
 .debug_macro   0x00004db1      0x2bd src/ASF/common/services/clock/sam4l/osc.o
 .debug_macro   0x0000506e      0x6cf src/ASF/common/services/clock/sam4l/sysclk.o
 .debug_macro   0x0000573d       0x47 src/ASF/common/services/clock/sam4l/sysclk.o
 .debug_macro   0x00005784      0x5db src/ASF/common/utils/interrupt/interrupt_sam_nvic.o
 .debug_macro   0x00005d5f      0x6b2 src/ASF/sam/boards/sam4l8_xplained_pro/init.o
 .debug_macro   0x00006411       0x2e src/ASF/sam/boards/sam4l8_xplained_pro/init.o
 .debug_macro   0x0000643f      0x5e5 src/ASF/sam/drivers/bpm/bpm.o
 .debug_macro   0x00006a24      0x6b6 src/ASF/sam/drivers/flashcalw/flashcalw.o
 .debug_macro   0x000070da      0x6a2 src/ASF/sam/drivers/wdt/wdt_sam4l.o
 .debug_macro   0x0000777c       0x28 src/ASF/sam/drivers/wdt/wdt_sam4l.o
 .debug_macro   0x000077a4      0x3df src/ASF/sam/utils/cmsis/sam4l/source/templates/exceptions.o
 .debug_macro   0x00007b83      0x3df src/ASF/sam/utils/cmsis/sam4l/source/templates/gcc/startup_sam4l.o
 .debug_macro   0x00007f62      0x1d6 src/ASF/sam/utils/syscalls/gcc/syscalls.o
 .debug_macro   0x00008138       0x52 src/ASF/sam/utils/syscalls/gcc/syscalls.o
 .debug_macro   0x0000818a       0x8d src/ASF/sam/utils/syscalls/gcc/syscalls.o
 .debug_macro   0x00008217       0x57 src/ASF/sam/utils/syscalls/gcc/syscalls.o
 .debug_macro   0x0000826e       0x97 src/ASF/sam/utils/syscalls/gcc/syscalls.o
 .debug_macro   0x00008305       0xf6 src/ASF/sam/utils/syscalls/gcc/syscalls.o
 .debug_macro   0x000083fb       0x4c src/ASF/sam/utils/syscalls/gcc/syscalls.o
 .debug_macro   0x00008447       0x16 src/ASF/sam/utils/syscalls/gcc/syscalls.o
 .debug_macro   0x0000845d       0x10 src/ASF/sam/utils/syscalls/gcc/syscalls.o
 .debug_macro   0x0000846d       0x10 src/ASF/sam/utils/syscalls/gcc/syscalls.o
 .debug_macro   0x0000847d       0x35 src/ASF/sam/utils/syscalls/gcc/syscalls.o
 .debug_macro   0x000084b2      0x122 src/ASF/sam/utils/syscalls/gcc/syscalls.o
 .debug_macro   0x000085d4      0x7e3 src/main.o
 .debug_macro   0x00008db7       0x96 src/main.o
 .debug_macro   0x00008e4d       0x1c src/main.o
 .debug_macro   0x00008e69       0xa6 src/main.o
 .debug_macro   0x00008f0f       0x16 src/main.o

.debug_line     0x00000000    0x138b6
 .debug_line    0x00000000      0xcdf src/ASF/common/services/sleepmgr/sam4l/sleepmgr.o
 .debug_line    0x00000cdf      0xc77 src/ASF/common/utils/stdio/read.o
 .debug_line    0x00001956      0xc6f src/ASF/common/utils/stdio/write.o
 .debug_line    0x000025c5     0x101c src/ASF/sam/components/display/c42412a/c42412a_lcdca.o
 .debug_line    0x000035e1     0x1025 src/ASF/sam/drivers/eic/eic.o
 .debug_line    0x00004606      0xf52 src/ASF/sam/drivers/gpio/gpio.o
 .debug_line    0x00005558     0x11bb src/ASF/sam/drivers/lcdca/lcdca.o
 .debug_line    0x00006713     0x1144 src/ASF/sam/drivers/pdca/pdca.o
 .debug_line    0x00007857     0x1330 src/ASF/sam/drivers/usart/usart.o
 .debug_line    0x00008b87     0x114c src/ASF/common/services/clock/sam4l/dfll.o
 .debug_line    0x00009cd3     0x10ce src/ASF/common/services/clock/sam4l/osc.o
 .debug_line    0x0000ada1     0x13b2 src/ASF/common/services/clock/sam4l/sysclk.o
 .debug_line    0x0000c153      0xc90 src/ASF/common/utils/interrupt/interrupt_sam_nvic.o
 .debug_line    0x0000cde3      0xe5b src/ASF/sam/boards/sam4l8_xplained_pro/init.o
 .debug_line    0x0000dc3e      0xe69 src/ASF/sam/drivers/bpm/bpm.o
 .debug_line    0x0000eaa7     0x1493 src/ASF/sam/drivers/flashcalw/flashcalw.o
 .debug_line    0x0000ff3a      0xe8a src/ASF/sam/drivers/wdt/wdt_sam4l.o
 .debug_line    0x00010dc4      0x9f3 src/ASF/sam/utils/cmsis/sam4l/source/templates/exceptions.o
 .debug_line    0x000117b7      0xa3a src/ASF/sam/utils/cmsis/sam4l/source/templates/gcc/startup_sam4l.o
 .debug_line    0x000121f1      0x40b src/ASF/sam/utils/syscalls/gcc/syscalls.o
 .debug_line    0x000125fc     0x12ba src/main.o

.debug_str      0x00000000    0xe93dd
 .debug_str     0x00000000    0xde63d src/ASF/common/services/sleepmgr/sam4l/sleepmgr.o
                              0xdeedf (size before relaxing)
 .debug_str     0x000de63d       0x3f src/ASF/common/utils/stdio/read.o
                              0xde959 (size before relaxing)
 .debug_str     0x000de67c       0x2e src/ASF/common/utils/stdio/write.o
                              0xde95a (size before relaxing)
 .debug_str     0x000de6aa     0x5314 src/ASF/sam/components/display/c42412a/c42412a_lcdca.o
                              0xe3cc5 (size before relaxing)
 .debug_str     0x000e39be      0x990 src/ASF/sam/drivers/eic/eic.o
                              0xe3bf7 (size before relaxing)
 .debug_str     0x000e434e      0x865 src/ASF/sam/drivers/gpio/gpio.o
                              0xe3acd (size before relaxing)
 .debug_str     0x000e4bb3      0x831 src/ASF/sam/drivers/lcdca/lcdca.o
                              0xe47c1 (size before relaxing)
 .debug_str     0x000e53e4      0x383 src/ASF/sam/drivers/pdca/pdca.o
                              0xe3e2a (size before relaxing)
 .debug_str     0x000e5767      0xb61 src/ASF/sam/drivers/usart/usart.o
                              0xdf503 (size before relaxing)
 .debug_str     0x000e62c8      0x522 src/ASF/common/services/clock/sam4l/dfll.o
                              0xe3115 (size before relaxing)
 .debug_str     0x000e67ea      0x128 src/ASF/common/services/clock/sam4l/osc.o
                              0xe25df (size before relaxing)