Archive member included to satisfy reference by file (symbol)

c:/program files (x86)/atmel/studio/7.0/toolchain/arm/arm-gnu-toolchain/bin/../lib/gcc/arm-none-eabi/6.3.1/../../../../arm-none-eabi/lib/thumb/v7e-m\libc_nano.a(lib_a-exit.o)
                              c:/program files (x86)/atmel/studio/7.0/toolchain/arm/arm-gnu-toolchain/bin/../lib/gcc/arm-none-eabi/6.3.1/../../../../arm-none-eabi/lib/thumb/v7e-m/crt0.o (exit)
c:/program files (x86)/atmel/studio/7.0/toolchain/arm/arm-gnu-toolchain/bin/../lib/gcc/arm-none-eabi/6.3.1/../../../../arm-none-eabi/lib/thumb/v7e-m\libc_nano.a(lib_a-impure.o)
                              c:/program files (x86)/atmel/studio/7.0/toolchain/arm/arm-gnu-toolchain/bin/../lib/gcc/arm-none-eabi/6.3.1/../../../../arm-none-eabi/lib/thumb/v7e-m\libc_nano.a(lib_a-exit.o) (_global_impure_ptr)
c:/program files (x86)/atmel/studio/7.0/toolchain/arm/arm-gnu-toolchain/bin/../lib/gcc/arm-none-eabi/6.3.1/../../../../arm-none-eabi/lib/thumb/v7e-m\libc_nano.a(lib_a-init.o)
                              c:/program files (x86)/atmel/studio/7.0/toolchain/arm/arm-gnu-toolchain/bin/../lib/gcc/arm-none-eabi/6.3.1/../../../../arm-none-eabi/lib/thumb/v7e-m/crt0.o (__libc_init_array)
c:/program files (x86)/atmel/studio/7.0/toolchain/arm/arm-gnu-toolchain/bin/../lib/gcc/arm-none-eabi/6.3.1/../../../../arm-none-eabi/lib/thumb/v7e-m\libc_nano.a(lib_a-memset.o)
                              c:/program files (x86)/atmel/studio/7.0/toolchain/arm/arm-gnu-toolchain/bin/../lib/gcc/arm-none-eabi/6.3.1/../../../../arm-none-eabi/lib/thumb/v7e-m/crt0.o (memset)
c:/program files (x86)/atmel/studio/7.0/toolchain/arm/arm-gnu-toolchain/bin/../lib/gcc/arm-none-eabi/6.3.1/../../../../arm-none-eabi/lib/thumb/v7e-m\libc_nano.a(lib_a-nano-vfprintf_float.o)
                              (_printf_float)
c:/program files (x86)/atmel/studio/7.0/toolchain/arm/arm-gnu-toolchain/bin/../lib/gcc/arm-none-eabi/6.3.1/../../../../arm-none-eabi/lib/thumb/v7e-m\libc_nano.a(lib_a-nano-vfprintf_i.o)
                              c:/program files (x86)/atmel/studio/7.0/toolchain/arm/arm-gnu-toolchain/bin/../lib/gcc/arm-none-eabi/6.3.1/../../../../arm-none-eabi/lib/thumb/v7e-m\libc_nano.a(lib_a-nano-vfprintf_float.o) (_printf_common)
c:/program files (x86)/atmel/studio/7.0/toolchain/arm/arm-gnu-toolchain/bin/../lib/gcc/arm-none-eabi/6.3.1/../../../../arm-none-eabi/lib/thumb/v7e-m\libc_nano.a(lib_a-printf.o)
                              src/main.o (iprintf)
c:/program files (x86)/atmel/studio/7.0/toolchain/arm/arm-gnu-toolchain/bin/../lib/gcc/arm-none-eabi/6.3.1/../../../../arm-none-eabi/lib/thumb/v7e-m\libc_nano.a(lib_a-setbuf.o)
                              src/ASF/thirdparty/wireless/addons/sio2host/uart/sio2host.o (setbuf)
c:/program files (x86)/atmel/studio/7.0/toolchain/arm/arm-gnu-toolchain/bin/../lib/gcc/arm-none-eabi/6.3.1/../../../../arm-none-eabi/lib/thumb/v7e-m\libc_nano.a(lib_a-setvbuf.o)
                              c:/program files (x86)/atmel/studio/7.0/toolchain/arm/arm-gnu-toolchain/bin/../lib/gcc/arm-none-eabi/6.3.1/../../../../arm-none-eabi/lib/thumb/v7e-m\libc_nano.a(lib_a-setbuf.o) (setvbuf)
c:/program files (x86)/atmel/studio/7.0/toolchain/arm/arm-gnu-toolchain/bin/../lib/gcc/arm-none-eabi/6.3.1/../../../../arm-none-eabi/lib/thumb/v7e-m\libc_nano.a(lib_a-sprintf.o)
                              src/ASF/sam/components/display/c42412a/c42412a_lcdca.o (sprintf)
c:/program files (x86)/atmel/studio/7.0/toolchain/arm/arm-gnu-toolchain/bin/../lib/gcc/arm-none-eabi/6.3.1/../../../../arm-none-eabi/lib/thumb/v7e-m\libc_nano.a(lib_a-strlen.o)
                              c:/program files (x86)/atmel/studio/7.0/toolchain/arm/arm-gnu-toolchain/bin/../lib/gcc/arm-none-eabi/6.3.1/../../../../arm-none-eabi/lib/thumb/v7e-m\libc_nano.a(lib_a-nano-vfprintf_float.o) (strlen)
c:/program files (x86)/atmel/studio/7.0/toolchain/arm/arm-gnu-toolchain/bin/../lib/gcc/arm-none-eabi/6.3.1/../../../../arm-none-eabi/lib/thumb/v7e-m\libc_nano.a(lib_a-dtoa.o)
                              c:/program files (x86)/atmel/studio/7.0/toolchain/arm/arm-gnu-toolchain/bin/../lib/gcc/arm-none-eabi/6.3.1/../../../../arm-none-eabi/lib/thumb/v7e-m\libc_nano.a(lib_a-nano-vfprintf_float.o) (_dtoa_r)
c:/program files (x86)/atmel/studio/7.0/toolchain/arm/arm-gnu-toolchain/bin/../lib/gcc/arm-none-eabi/6.3.1/../../../../arm-none-eabi/lib/thumb/v7e-m\libc_nano.a(lib_a-fflush.o)
                              c:/program files (x86)/atmel/studio/7.0/toolchain/arm/arm-gnu-toolchain/bin/../lib/gcc/arm-none-eabi/6.3.1/../../../../arm-none-eabi/lib/thumb/v7e-m\libc_nano.a(lib_a-setvbuf.o) (_fflush_r)
c:/program files (x86)/atmel/studio/7.0/toolchain/arm/arm-gnu-toolchain/bin/../lib/gcc/arm-none-eabi/6.3.1/../../../../arm-none-eabi/lib/thumb/v7e-m\libc_nano.a(lib_a-findfp.o)
[...]
Memory Configuration

Name             Origin             Length             Attributes
rom              0x00000000         0x00040000         xr
ram              0x20000000         0x00008000         xrw
*default*        0x00000000         0xffffffff

Linker script and memory map

LOAD c:/program files (x86)/atmel/studio/7.0/toolchain/arm/arm-gnu-toolchain/bin/../lib/gcc/arm-none-eabi/6.3.1/thumb/v7e-m/crti.o
LOAD c:/program files (x86)/atmel/studio/7.0/toolchain/arm/arm-gnu-toolchain/bin/../lib/gcc/arm-none-eabi/6.3.1/thumb/v7e-m/crtbegin.o
LOAD c:/program files (x86)/atmel/studio/7.0/toolchain/arm/arm-gnu-toolchain/bin/../lib/gcc/arm-none-eabi/6.3.1/../../../../arm-none-eabi/lib/thumb/v7e-m/crt0.o
LOAD src/ASF/common/services/clock/sam4l/dfll.o
LOAD src/ASF/common/services/clock/sam4l/osc.o
LOAD src/ASF/common/services/clock/sam4l/pll.o
LOAD src/ASF/common/services/clock/sam4l/sysclk.o
LOAD src/ASF/common/services/serial/usart_serial.o
LOAD src/ASF/common/services/sleepmgr/sam4l/sleepmgr.o
LOAD src/ASF/common/utils/interrupt/interrupt_sam_nvic.o
LOAD src/ASF/common/utils/stdio/read.o
LOAD src/ASF/common/utils/stdio/write.o
LOAD src/ASF/sam/boards/sam4l8_xplained_pro/init.o
LOAD src/ASF/sam/components/display/c42412a/c42412a_lcdca.o
LOAD src/ASF/sam/drivers/bpm/bpm.o
LOAD src/ASF/sam/drivers/eic/eic.o
LOAD src/ASF/sam/drivers/flashcalw/flashcalw.o
LOAD src/ASF/sam/drivers/gpio/gpio.o
LOAD src/ASF/sam/drivers/lcdca/lcdca.o
LOAD src/ASF/sam/drivers/pdca/pdca.o
LOAD src/ASF/sam/drivers/twim/twim.o
LOAD src/ASF/sam/drivers/usart/usart.o
LOAD src/ASF/sam/drivers/wdt/wdt_sam4l.o
LOAD src/ASF/sam/utils/cmsis/sam4l/source/templates/exceptions.o
LOAD src/ASF/sam/utils/cmsis/sam4l/source/templates/gcc/startup_sam4l.o
LOAD src/ASF/sam/utils/cmsis/sam4l/source/templates/system_sam4l.o
LOAD src/ASF/sam/utils/syscalls/gcc/syscalls.o
LOAD src/ASF/thirdparty/wireless/addons/sio2host/uart/sio2host.o
LOAD src/main.o
START GROUP
LOAD ../src/ASF/thirdparty/CMSIS/Lib/GCC\libarm_cortexM4l_math.a
LOAD c:/program files (x86)/atmel/studio/7.0/toolchain/arm/arm-gnu-toolchain/bin/../lib/gcc/arm-none-eabi/6.3.1/../../../../arm-none-eabi/lib/thumb/v7e-m\libm.a
END GROUP
LOAD c:/program files (x86)/atmel/studio/7.0/toolchain/arm/arm-gnu-toolchain/bin/../lib/gcc/arm-none-eabi/6.3.1/../../../../arm-none-eabi/lib/thumb/v7e-m\libc_nano.a
START GROUP
LOAD c:/program files (x86)/atmel/studio/7.0/toolchain/arm/arm-gnu-toolchain/bin/../lib/gcc/arm-none-eabi/6.3.1/thumb/v7e-m\libgcc.a
LOAD c:/program files (x86)/atmel/studio/7.0/toolchain/arm/arm-gnu-toolchain/bin/../lib/gcc/arm-none-eabi/6.3.1/../../../../arm-none-eabi/lib/thumb/v7e-m\libc_nano.a
END GROUP
START GROUP
LOAD c:/program files (x86)/atmel/studio/7.0/toolchain/arm/arm-gnu-toolchain/bin/../lib/gcc/arm-none-eabi/6.3.1/thumb/v7e-m\libgcc.a
LOAD c:/program files (x86)/atmel/studio/7.0/toolchain/arm/arm-gnu-toolchain/bin/../lib/gcc/arm-none-eabi/6.3.1/../../../../arm-none-eabi/lib/thumb/v7e-m\libc_nano.a
END GROUP
LOAD c:/program files (x86)/atmel/studio/7.0/toolchain/arm/arm-gnu-toolchain/bin/../lib/gcc/arm-none-eabi/6.3.1/thumb/v7e-m/crtend.o
LOAD c:/program files (x86)/atmel/studio/7.0/toolchain/arm/arm-gnu-toolchain/bin/../lib/gcc/arm-none-eabi/6.3.1/thumb/v7e-m/crtn.o
                0x00001000                __stack_size__ = DEFINED (__stack_size__)?__stack_size__:0x1000
                0x20007ffc                __ram_end__ = ((ORIGIN (ram) + LENGTH (ram)) - 0x4)

.text           0x00000000     0x9728
                0x00000000                . = ALIGN (0x4)
                0x00000000                _sfixed = .
 *(.vectors .vectors.*)
 .vectors       0x00000000      0x180 src/ASF/sam/utils/cmsis/sam4l/source/templates/gcc/startup_sam4l.o
                0x00000000                exception_table
 *(.text .text.* .gnu.linkonce.t.*)
 .text          0x00000180       0x6c c:/program files (x86)/atmel/studio/7.0/toolchain/arm/arm-gnu-toolchain/bin/../lib/gcc/arm-none-eabi/6.3.1/thumb/v7e-m/crtbegin.o
 .text.cpu_irq_save
                0x000001ec       0x38 src/ASF/common/services/clock/sam4l/dfll.o
 .text.cpu_irq_is_enabled_flags
                0x00000224       0x1e src/ASF/common/services/clock/sam4l/dfll.o
 *fill*         0x00000242        0x2 
 .text.cpu_irq_restore
                0x00000244       0x30 src/ASF/common/services/clock/sam4l/dfll.o
 .text.osc_enable
                0x00000274       0x7c src/ASF/common/services/clock/sam4l/dfll.o
 .text.osc_is_ready
                0x000002f0       0xc4 src/ASF/common/services/clock/sam4l/dfll.o
 .text.osc_wait_ready
                0x000003b4       0x2c src/ASF/common/services/clock/sam4l/dfll.o
 .text.genclk_config_defaults
                0x000003e0       0x1a src/ASF/common/services/clock/sam4l/dfll.o
 .text.genclk_config_set_source
                0x000003fa       0x2c src/ASF/common/services/clock/sam4l/dfll.o
 .text.genclk_config_set_divider
                0x00000426       0x48 src/ASF/common/services/clock/sam4l/dfll.o
 *fill*         0x0000046e        0x2 
 .text.genclk_enable
                0x00000470       0x2c src/ASF/common/services/clock/sam4l/dfll.o
 .text.dfll_config_set_max_step
                0x0000049c       0x2c src/ASF/common/services/clock/sam4l/dfll.o
 .text.dfll_priv_set_frequency_range
                0x000004c8       0x78 src/ASF/common/services/clock/sam4l/dfll.o
 .text.dfll_config_init_closed_loop_mode
                0x00000540       0xac src/ASF/common/services/clock/sam4l/dfll.o
 .text.dfll_is_fine_locked
                0x000005ec       0x28 src/ASF/common/services/clock/sam4l/dfll.o
 .text.dfll_enable_source
                0x00000614       0xf8 src/ASF/common/services/clock/sam4l/dfll.o
 .text.dfll_enable_closed_loop
                0x0000070c       0xf8 src/ASF/common/services/clock/sam4l/dfll.o
                0x0000070c                dfll_enable_closed_loop
 .text.dfll_enable_config_defaults
                0x00000804       0x98 src/ASF/common/services/clock/sam4l/dfll.o
                0x00000804                dfll_enable_config_defaults
 .text.cpu_irq_save
                0x0000089c       0x38 src/ASF/common/services/clock/sam4l/osc.o
 .text.cpu_irq_is_enabled_flags
                0x000008d4       0x1e src/ASF/common/services/clock/sam4l/osc.o
 *fill*         0x000008f2        0x2 
 .text.cpu_irq_restore
                0x000008f4       0x30 src/ASF/common/services/clock/sam4l/osc.o
 .text.osc_priv_enable_osc0
                0x00000924       0x3c src/ASF/common/services/clock/sam4l/osc.o
                0x00000924                osc_priv_enable_osc0
 .text.osc_priv_enable_osc32
                0x00000960       0x3c src/ASF/common/services/clock/sam4l/osc.o
                0x00000960                osc_priv_enable_osc32
 .text.osc_priv_enable_rc32k
                0x0000099c       0x40 src/ASF/common/services/clock/sam4l/osc.o
                0x0000099c                osc_priv_enable_rc32k
 .text.osc_priv_enable_rc1m
                0x000009dc       0x40 src/ASF/common/services/clock/sam4l/osc.o
                0x000009dc                osc_priv_enable_rc1m
 .text.osc_priv_enable_rc80m
                0x00000a1c       0x40 src/ASF/common/services/clock/sam4l/osc.o
                0x00000a1c                osc_priv_enable_rc80m
 .text.osc_priv_enable_rcfast
                0x00000a5c       0x48 src/ASF/common/services/clock/sam4l/osc.o
                0x00000a5c                osc_priv_enable_rcfast
 .text.cpu_irq_save
                0x00000aa4       0x38 src/ASF/common/services/clock/sam4l/sysclk.o
 .text.cpu_irq_is_enabled_flags
                0x00000adc       0x1e src/ASF/common/services/clock/sam4l/sysclk.o
 *fill*         0x00000afa        0x2 
 .text.cpu_irq_restore
                0x00000afc       0x30 src/ASF/common/services/clock/sam4l/sysclk.o
 .text.dfll_priv_get_source_hz
                0x00000b2c       0x80 src/ASF/common/services/clock/sam4l/sysclk.o
 .text.sysclk_get_main_hz
                0x00000bac       0x1c src/ASF/common/services/clock/sam4l/sysclk.o
 .text.sysclk_get_cpu_hz
                0x00000bc8       0x14 src/ASF/common/services/clock/sam4l/sysclk.o
 .text.sysclk_get_pba_hz
                0x00000bdc       0x14 src/ASF/common/services/clock/sam4l/sysclk.o
 .text.sysclk_get_pbb_hz
                0x00000bf0       0x14 src/ASF/common/services/clock/sam4l/sysclk.o
 .text.sysclk_get_pbc_hz
                0x00000c04       0x14 src/ASF/common/services/clock/sam4l/sysclk.o
 .text.sysclk_get_pbd_hz
                0x00000c18       0x14 src/ASF/common/services/clock/sam4l/sysclk.o
 .text.sysclk_enable_hsb_module
                0x00000c2c       0x1c src/ASF/common/services/clock/sam4l/sysclk.o
 .text.sysclk_disable_hsb_module
                0x00000c48       0x1c src/ASF/common/services/clock/sam4l/sysclk.o
 .text.sysclk_enable_pbc_module
                0x00000c64       0x1c src/ASF/common/services/clock/sam4l/sysclk.o
 .text.sysclk_disable_pbc_module
                0x00000c80       0x1c src/ASF/common/services/clock/sam4l/sysclk.o
 .text.sysclk_enable_pbd_module
                0x00000c9c       0x1c src/ASF/common/services/clock/sam4l/sysclk.o
 .text.sysclk_disable_pbd_module
                0x00000cb8       0x1c src/ASF/common/services/clock/sam4l/sysclk.o
 .text.sysclk_enable_pba_divmask
                0x00000cd4       0x34 src/ASF/common/services/clock/sam4l/sysclk.o
 .text.sysclk_disable_pba_divmask
                0x00000d08       0x38 src/ASF/common/services/clock/sam4l/sysclk.o
 .text.sysclk_priv_enable_module
                0x00000d40       0x68 src/ASF/common/services/clock/sam4l/sysclk.o
                0x00000d40                sysclk_priv_enable_module
 .text.sysclk_priv_disable_module
                0x00000da8       0x68 src/ASF/common/services/clock/sam4l/sysclk.o
                0x00000da8                sysclk_priv_disable_module
 .text.sysclk_enable_pba_module
                0x00000e10       0x48 src/ASF/common/services/clock/sam4l/sysclk.o
                0x00000e10                sysclk_enable_pba_module
 .text.sysclk_disable_pba_module
                0x00000e58       0x48 src/ASF/common/services/clock/sam4l/sysclk.o
                0x00000e58                sysclk_disable_pba_module
 .text.sysclk_enable_pbb_module
                0x00000ea0       0x48 src/ASF/common/services/clock/sam4l/sysclk.o
                0x00000ea0                sysclk_enable_pbb_module
 .text.sysclk_disable_pbb_module
                0x00000ee8       0x48 src/ASF/common/services/clock/sam4l/sysclk.o
                0x00000ee8                sysclk_disable_pbb_module
 .text.sysclk_get_peripheral_bus_hz
                0x00000f30      0x26c src/ASF/common/services/clock/sam4l/sysclk.o
                0x00000f30                sysclk_get_peripheral_bus_hz
 .text.sysclk_enable_peripheral_clock
                0x0000119c      0x430 src/ASF/common/services/clock/sam4l/sysclk.o
                0x0000119c                sysclk_enable_peripheral_clock
 .text.sysclk_disable_peripheral_clock
                0x000015cc      0x41c src/ASF/common/services/clock/sam4l/sysclk.o
                0x000015cc                sysclk_disable_peripheral_clock
 .text.sysclk_set_source
                0x000019e8       0x38 src/ASF/common/services/clock/sam4l/sysclk.o
                0x000019e8                sysclk_set_source
 .text.sysclk_init
                0x00001a20       0xcc src/ASF/common/services/clock/sam4l/sysclk.o
                0x00001a20                sysclk_init
 .text.usart_serial_getchar
                0x00001aec       0xbc src/ASF/common/services/serial/usart_serial.o
 .text.usart_serial_read_packet
                0x00001ba8       0x38 src/ASF/common/services/serial/usart_serial.o
                0x00001ba8                usart_serial_read_packet
 .text._read    0x00001be0       0x54 src/ASF/common/utils/stdio/read.o
                0x00001be0                _read
 .text._write   0x00001c34       0x6c src/ASF/common/utils/stdio/write.o
                0x00001c34                _write
 .text.ioport_init
                0x00001ca0       0x18 src/ASF/sam/boards/sam4l8_xplained_pro/init.o
 .text.ioport_disable_pin
                0x00001cb8       0x48 src/ASF/sam/boards/sam4l8_xplained_pro/init.o
 .text.ioport_set_pin_mode
                0x00001d00      0x102 src/ASF/sam/boards/sam4l8_xplained_pro/init.o
 .text.ioport_set_pin_dir
                0x00001e02       0xee src/ASF/sam/boards/sam4l8_xplained_pro/init.o
 .text.ioport_set_pin_level
                0x00001ef0       0x86 src/ASF/sam/boards/sam4l8_xplained_pro/init.o
 *fill*         0x00001f76        0x2 
 .text.board_init
                0x00001f78       0xbc src/ASF/sam/boards/sam4l8_xplained_pro/init.o
                0x00001f78                board_init
 .text.c42412a_init
                0x00002034       0x6c src/ASF/sam/components/display/c42412a/c42412a_lcdca.o
                0x00002034                c42412a_init
 .text.c42412a_show_text
                0x000020a0       0x24 src/ASF/sam/components/display/c42412a/c42412a_lcdca.o
                0x000020a0                c42412a_show_text
 .text.c42412a_show_icon
                0x000020c4       0x40 src/ASF/sam/components/display/c42412a/c42412a_lcdca.o
                0x000020c4                c42412a_show_icon
 .text.c42412a_show_numeric_dec
                0x00002104       0x98 src/ASF/sam/components/display/c42412a/c42412a_lcdca.o
                0x00002104                c42412a_show_numeric_dec
 .text.cpu_irq_save
                0x0000219c       0x38 src/ASF/sam/drivers/bpm/bpm.o
 .text.cpu_irq_is_enabled_flags
                0x000021d4       0x1e src/ASF/sam/drivers/bpm/bpm.o
 *fill*         0x000021f2        0x2 
 .text.cpu_irq_restore
                0x000021f4       0x30 src/ASF/sam/drivers/bpm/bpm.o
 .text.bpm_power_scaling_cpu_failsafe
                0x00002224       0xa4 src/ASF/sam/drivers/bpm/bpm.o
                0x00002224                bpm_power_scaling_cpu_failsafe
 .text.bpm_power_scaling_cpu
                0x000022c8       0x58 src/ASF/sam/drivers/bpm/bpm.o
                0x000022c8                bpm_power_scaling_cpu
 .text.bpm_set_clk32_source
                0x00002320       0x48 src/ASF/sam/drivers/bpm/bpm.o
                0x00002320                bpm_set_clk32_source
 .text.bpm_get_status
                0x00002368       0x16 src/ASF/sam/drivers/bpm/bpm.o
                0x00002368                bpm_get_status
 *fill*         0x0000237e        0x2 
 .text.bpm_sleep
                0x00002380      0x148 src/ASF/sam/drivers/bpm/bpm.o
                0x00002380                bpm_sleep
 .text.NVIC_EnableIRQ
                0x000024c8       0x30 src/ASF/sam/drivers/eic/eic.o
 .text.NVIC_ClearPendingIRQ
                0x000024f8       0x34 src/ASF/sam/drivers/eic/eic.o
 .text.NVIC_SetPriority
                0x0000252c       0x54 src/ASF/sam/drivers/eic/eic.o
 .text.cpu_irq_save
                0x00002580       0x38 src/ASF/sam/drivers/eic/eic.o
 .text.cpu_irq_is_enabled_flags
                0x000025b8       0x1e src/ASF/sam/drivers/eic/eic.o
 *fill*         0x000025d6        0x2 
 .text.cpu_irq_restore
                0x000025d8       0x30 src/ASF/sam/drivers/eic/eic.o
 .text.eic_line_enable_interrupt
                0x00002608       0x24 src/ASF/sam/drivers/eic/eic.o
 .text.sleepmgr_lock_mode
                0x0000262c       0x44 src/ASF/sam/drivers/eic/eic.o
 .text.eic_line_set_config
                0x00002670       0xf4 src/ASF/sam/drivers/eic/eic.o
                0x00002670                eic_line_set_config
 .text.eic_enable
                0x00002764       0x24 src/ASF/sam/drivers/eic/eic.o
                0x00002764                eic_enable
 .text.eic_line_set_callback
                0x00002788       0x68 src/ASF/sam/drivers/eic/eic.o
                0x00002788                eic_line_set_callback
 .text.eic_line_interrupt
                0x000027f0       0x2c src/ASF/sam/drivers/eic/eic.o
 .text.NMI_Handler
                0x0000281c       0x14 src/ASF/sam/drivers/eic/eic.o
                0x0000281c                NMI_Handler
 .text.EIC_1_Handler
                0x00002830       0x14 src/ASF/sam/drivers/eic/eic.o
                0x00002830                EIC_1_Handler
 .text.EIC_2_Handler
                0x00002844       0x14 src/ASF/sam/drivers/eic/eic.o
                0x00002844                EIC_2_Handler
 .text.EIC_3_Handler
                0x00002858       0x14 src/ASF/sam/drivers/eic/eic.o
                0x00002858                EIC_3_Handler
 .text.EIC_4_Handler
                0x0000286c       0x14 src/ASF/sam/drivers/eic/eic.o
                0x0000286c                EIC_4_Handler
 .text.EIC_5_Handler
                0x00002880       0x14 src/ASF/sam/drivers/eic/eic.o
                0x00002880                EIC_5_Handler
 .text.EIC_6_Handler
                0x00002894       0x14 src/ASF/sam/drivers/eic/eic.o
                0x00002894                EIC_6_Handler
 .text.EIC_7_Handler
                0x000028a8       0x14 src/ASF/sam/drivers/eic/eic.o
                0x000028a8                EIC_7_Handler
 .text.EIC_8_Handler
                0x000028bc       0x14 src/ASF/sam/drivers/eic/eic.o
                0x000028bc                EIC_8_Handler
 .text.flashcalw_set_wait_state
                0x000028d0       0x30 src/ASF/sam/drivers/flashcalw/flashcalw.o
                0x000028d0                flashcalw_set_wait_state
 .text.flashcalw_set_flash_waitstate_and_readmode
                0x00002900       0xbc src/ASF/sam/drivers/flashcalw/flashcalw.o
                0x00002900                flashcalw_set_flash_waitstate_and_readmode
 .text.flashcalw_is_ready
                0x000029bc       0x24 src/ASF/sam/drivers/flashcalw/flashcalw.o
                0x000029bc                flashcalw_is_ready
 .text.flashcalw_default_wait_until_ready
                0x000029e0       0x20 src/ASF/sam/drivers/flashcalw/flashcalw.o
                0x000029e0                flashcalw_default_wait_until_ready
 .text.flashcalw_get_error_status
                0x00002a00       0x18 src/ASF/sam/drivers/flashcalw/flashcalw.o
 .text.flashcalw_issue_command
                0x00002a18       0x78 src/ASF/sam/drivers/flashcalw/flashcalw.o
                0x00002a18                flashcalw_issue_command
 .text.ioport_pin_to_port_id
                0x00002a90       0x1c src/ASF/sam/drivers/gpio/gpio.o
 .text.ioport_pin_to_mask
                0x00002aac       0x24 src/ASF/sam/drivers/gpio/gpio.o
 .text.gpio_common_handler
                0x00002ad0       0x9c src/ASF/sam/drivers/gpio/gpio.o
 .text.GPIO_0_Handler
                0x00002b6c       0x14 src/ASF/sam/drivers/gpio/gpio.o
                0x00002b6c                GPIO_0_Handler
 .text.GPIO_1_Handler
                0x00002b80       0x18 src/ASF/sam/drivers/gpio/gpio.o
                0x00002b80                GPIO_1_Handler
 .text.GPIO_2_Handler
                0x00002b98       0x18 src/ASF/sam/drivers/gpio/gpio.o
                0x00002b98                GPIO_2_Handler
 .text.GPIO_3_Handler
                0x00002bb0       0x18 src/ASF/sam/drivers/gpio/gpio.o
                0x00002bb0                GPIO_3_Handler
 .text.GPIO_4_Handler
                0x00002bc8       0x14 src/ASF/sam/drivers/gpio/gpio.o
                0x00002bc8                GPIO_4_Handler
 .text.GPIO_5_Handler
                0x00002bdc       0x18 src/ASF/sam/drivers/gpio/gpio.o
                0x00002bdc                GPIO_5_Handler
 .text.GPIO_6_Handler
                0x00002bf4       0x18 src/ASF/sam/drivers/gpio/gpio.o
                0x00002bf4                GPIO_6_Handler
 .text.GPIO_7_Handler
                0x00002c0c       0x18 src/ASF/sam/drivers/gpio/gpio.o
                0x00002c0c                GPIO_7_Handler
 .text.GPIO_8_Handler
                0x00002c24       0x14 src/ASF/sam/drivers/gpio/gpio.o
                0x00002c24                GPIO_8_Handler
 .text.GPIO_9_Handler
                0x00002c38       0x18 src/ASF/sam/drivers/gpio/gpio.o
                0x00002c38                GPIO_9_Handler
 .text.GPIO_10_Handler
                0x00002c50       0x18 src/ASF/sam/drivers/gpio/gpio.o
                0x00002c50                GPIO_10_Handler
 .text.GPIO_11_Handler
                0x00002c68       0x18 src/ASF/sam/drivers/gpio/gpio.o
                0x00002c68                GPIO_11_Handler
 .text.cpu_irq_save
                0x00002c80       0x38 src/ASF/sam/drivers/lcdca/lcdca.o
 .text.cpu_irq_is_enabled_flags
                0x00002cb8       0x1e src/ASF/sam/drivers/lcdca/lcdca.o
 *fill*         0x00002cd6        0x2 
 .text.cpu_irq_restore
                0x00002cd8       0x30 src/ASF/sam/drivers/lcdca/lcdca.o
 .text.osc_enable
                0x00002d08       0x7c src/ASF/sam/drivers/lcdca/lcdca.o
 .text.osc_is_ready
                0x00002d84       0xc4 src/ASF/sam/drivers/lcdca/lcdca.o
 .text.osc_wait_ready
                0x00002e48       0x2c src/ASF/sam/drivers/lcdca/lcdca.o
 .text.lcdca_clear_status
                0x00002e74       0x18 src/ASF/sam/drivers/lcdca/lcdca.o
 .text.sleepmgr_lock_mode
                0x00002e8c       0x44 src/ASF/sam/drivers/lcdca/lcdca.o
 .text.lcdca_clk_init
                0x00002ed0       0x50 src/ASF/sam/drivers/lcdca/lcdca.o
                0x00002ed0                lcdca_clk_init
 .text.lcdca_set_config
                0x00002f20       0x9c src/ASF/sam/drivers/lcdca/lcdca.o
                0x00002f20                lcdca_set_config
 .text.lcdca_enable
                0x00002fbc       0x40 src/ASF/sam/drivers/lcdca/lcdca.o
                0x00002fbc                lcdca_enable
 .text.lcdca_set_contrast
                0x00002ffc       0x5c src/ASF/sam/drivers/lcdca/lcdca.o
                0x00002ffc                lcdca_set_contrast
 .text.lcdca_enable_timer
                0x00003058       0x6c src/ASF/sam/drivers/lcdca/lcdca.o
                0x00003058                lcdca_enable_timer
 .text.lcdca_clear_blink_pixel
                0x000030c4       0x5c src/ASF/sam/drivers/lcdca/lcdca.o
                0x000030c4                lcdca_clear_blink_pixel
 .text.lcdca_write_packet
                0x00003120       0x68 src/ASF/sam/drivers/lcdca/lcdca.o
                0x00003120                lcdca_write_packet
 .text.lcdca_get_pixel_register
                0x00003188       0xf8 src/ASF/sam/drivers/lcdca/lcdca.o
 .text.lcdca_set_pixel
                0x00003280       0xf4 src/ASF/sam/drivers/lcdca/lcdca.o
                0x00003280                lcdca_set_pixel
 .text.lcdca_clear_pixel
                0x00003374       0xfc src/ASF/sam/drivers/lcdca/lcdca.o
                0x00003374                lcdca_clear_pixel
 .text.LCDCA_Handler
                0x00003470       0x24 src/ASF/sam/drivers/lcdca/lcdca.o
                0x00003470                LCDCA_Handler
 .text.pdca_channel_get_handler
                0x00003494       0x2e src/ASF/sam/drivers/pdca/pdca.o
                0x00003494                pdca_channel_get_handler
 *fill*         0x000034c2        0x2 
 .text.pdca_get_channel_status
                0x000034c4       0x68 src/ASF/sam/drivers/pdca/pdca.o
                0x000034c4                pdca_get_channel_status
 .text.pdca_channel_interrupt
                0x0000352c       0x40 src/ASF/sam/drivers/pdca/pdca.o
 .text.PDCA_0_Handler
                0x0000356c       0x14 src/ASF/sam/drivers/pdca/pdca.o
                0x0000356c                PDCA_0_Handler
 .text.PDCA_1_Handler
                0x00003580       0x14 src/ASF/sam/drivers/pdca/pdca.o
                0x00003580                PDCA_1_Handler
 .text.PDCA_2_Handler
                0x00003594       0x14 src/ASF/sam/drivers/pdca/pdca.o
                0x00003594                PDCA_2_Handler
 .text.PDCA_3_Handler
                0x000035a8       0x14 src/ASF/sam/drivers/pdca/pdca.o
                0x000035a8                PDCA_3_Handler
 .text.PDCA_4_Handler
                0x000035bc       0x14 src/ASF/sam/drivers/pdca/pdca.o
                0x000035bc                PDCA_4_Handler
 .text.PDCA_5_Handler
                0x000035d0       0x14 src/ASF/sam/drivers/pdca/pdca.o
                0x000035d0                PDCA_5_Handler
 .text.PDCA_6_Handler
                0x000035e4       0x14 src/ASF/sam/drivers/pdca/pdca.o
                0x000035e4                PDCA_6_Handler
 .text.PDCA_7_Handler
                0x000035f8       0x14 src/ASF/sam/drivers/pdca/pdca.o
                0x000035f8                PDCA_7_Handler
 .text.PDCA_8_Handler
                0x0000360c       0x14 src/ASF/sam/drivers/pdca/pdca.o
                0x0000360c                PDCA_8_Handler
 .text.PDCA_9_Handler
                0x00003620       0x14 src/ASF/sam/drivers/pdca/pdca.o
                0x00003620                PDCA_9_Handler
 .text.PDCA_10_Handler
                0x00003634       0x14 src/ASF/sam/drivers/pdca/pdca.o
                0x00003634                PDCA_10_Handler
 .text.PDCA_11_Handler
                0x00003648       0x14 src/ASF/sam/drivers/pdca/pdca.o
                0x00003648                PDCA_11_Handler
 .text.PDCA_12_Handler
                0x0000365c       0x14 src/ASF/sam/drivers/pdca/pdca.o
                0x0000365c                PDCA_12_Handler
 .text.PDCA_13_Handler
                0x00003670       0x14 src/ASF/sam/drivers/pdca/pdca.o
                0x00003670                PDCA_13_Handler
 .text.PDCA_14_Handler
                0x00003684       0x14 src/ASF/sam/drivers/pdca/pdca.o
                0x00003684                PDCA_14_Handler
 .text.PDCA_15_Handler
                0x00003698       0x14 src/ASF/sam/drivers/pdca/pdca.o
                0x00003698                PDCA_15_Handler
 .text.NVIC_EnableIRQ
                0x000036ac       0x30 src/ASF/sam/drivers/twim/twim.o
 .text.NVIC_ClearPendingIRQ
                0x000036dc       0x34 src/ASF/sam/drivers/twim/twim.o
 .text.NVIC_SetPriority
                0x00003710       0x54 src/ASF/sam/drivers/twim/twim.o
 .text.cpu_irq_save
                0x00003764       0x38 src/ASF/sam/drivers/twim/twim.o
 .text.cpu_irq_is_enabled_flags
                0x0000379c       0x1e src/ASF/sam/drivers/twim/twim.o
 *fill*         0x000037ba        0x2 
 .text.cpu_irq_restore
                0x000037bc       0x30 src/ASF/sam/drivers/twim/twim.o
 .text.sleepmgr_sleep
                0x000037ec       0x34 src/ASF/sam/drivers/twim/twim.o
 .text.sleepmgr_init
                0x00003820       0x34 src/ASF/sam/drivers/twim/twim.o
 .text.sleepmgr_lock_mode
                0x00003854       0x44 src/ASF/sam/drivers/twim/twim.o
 .text.sleepmgr_unlock_mode
                0x00003898       0x44 src/ASF/sam/drivers/twim/twim.o
 .text.sleepmgr_get_sleep_mode
                0x000038dc       0x34 src/ASF/sam/drivers/twim/twim.o
 .text.sleepmgr_enter_sleep
                0x00003910       0x48 src/ASF/sam/drivers/twim/twim.o
 .text.find_twim_channel_num
                0x00003958       0x54 src/ASF/sam/drivers/twim/twim.o
 .text.twim_default_callback
                0x000039ac      0x484 src/ASF/sam/drivers/twim/twim.o
                0x000039ac                twim_default_callback
 .text.twim_set_speed
                0x00003e30       0x86 src/ASF/sam/drivers/twim/twim.o
                0x00003e30                twim_set_speed
 .text.twim_set_hsmode_speed
                0x00003eb6       0x86 src/ASF/sam/drivers/twim/twim.o
                0x00003eb6                twim_set_hsmode_speed
 .text.twim_set_config
                0x00003f3c      0x130 src/ASF/sam/drivers/twim/twim.o
                0x00003f3c                twim_set_config
 .text.twim_enable_interrupt
                0x0000406c       0x1a src/ASF/sam/drivers/twim/twim.o
                0x0000406c                twim_enable_interrupt
 *fill*         0x00004086        0x2 
 .text.twi_master_read
                0x00004088      0x4f0 src/ASF/sam/drivers/twim/twim.o
                0x00004088                twi_master_read
 .text.twi_master_write
                0x00004578      0x280 src/ASF/sam/drivers/twim/twim.o
                0x00004578                twi_master_write
 .text.twim_get_status
                0x000047f8       0x16 src/ASF/sam/drivers/twim/twim.o
                0x000047f8                twim_get_status
 *fill*         0x0000480e        0x2 
 .text.twim_set_callback
                0x00004810       0xb0 src/ASF/sam/drivers/twim/twim.o
                0x00004810                twim_set_callback
 .text.TWIM0_Handler
                0x000048c0       0x18 src/ASF/sam/drivers/twim/twim.o
                0x000048c0                TWIM0_Handler
 .text.TWIM1_Handler
                0x000048d8       0x18 src/ASF/sam/drivers/twim/twim.o
                0x000048d8                TWIM1_Handler
 .text.TWIM2_Handler
                0x000048f0       0x18 src/ASF/sam/drivers/twim/twim.o
                0x000048f0                TWIM2_Handler
 .text.TWIM3_Handler
                0x00004908       0x18 src/ASF/sam/drivers/twim/twim.o
                0x00004908                TWIM3_Handler
 .text.usart_set_async_baudrate
                0x00004920       0x88 src/ASF/sam/drivers/usart/usart.o
                0x00004920                usart_set_async_baudrate
 .text.usart_reset
                0x000049a8       0x60 src/ASF/sam/drivers/usart/usart.o
                0x000049a8                usart_reset
 .text.usart_init_rs232
                0x00004a08       0x84 src/ASF/sam/drivers/usart/usart.o
                0x00004a08                usart_init_rs232
 .text.usart_enable_tx
                0x00004a8c       0x18 src/ASF/sam/drivers/usart/usart.o
                0x00004a8c                usart_enable_tx
 .text.usart_reset_tx
                0x00004aa4       0x18 src/ASF/sam/drivers/usart/usart.o
                0x00004aa4                usart_reset_tx
 .text.usart_enable_rx
                0x00004abc       0x18 src/ASF/sam/drivers/usart/usart.o
                0x00004abc                usart_enable_rx
 .text.usart_reset_rx
                0x00004ad4       0x18 src/ASF/sam/drivers/usart/usart.o
                0x00004ad4                usart_reset_rx
 .text.usart_reset_status
                0x00004aec       0x1a src/ASF/sam/drivers/usart/usart.o
                0x00004aec                usart_reset_status
 .text.usart_drive_DTR_pin_high
                0x00004b06       0x1a src/ASF/sam/drivers/usart/usart.o
                0x00004b06                usart_drive_DTR_pin_high
 .text.usart_drive_RTS_pin_high
                0x00004b20       0x1a src/ASF/sam/drivers/usart/usart.o
                0x00004b20                usart_drive_RTS_pin_high
 .text.usart_write
                0x00004b3a       0x30 src/ASF/sam/drivers/usart/usart.o
                0x00004b3a                usart_write
 .text.usart_read
                0x00004b6a       0x32 src/ASF/sam/drivers/usart/usart.o
                0x00004b6a                usart_read
 .text.usart_disable_writeprotect
                0x00004b9c       0x20 src/ASF/sam/drivers/usart/usart.o
                0x00004b9c                usart_disable_writeprotect
 .text.dfll_priv_get_source_hz
                0x00004bbc       0x80 src/ASF/sam/drivers/wdt/wdt_sam4l.o
 .text.sysclk_get_main_hz
                0x00004c3c       0x1c src/ASF/sam/drivers/wdt/wdt_sam4l.o
 .text.sysclk_get_cpu_hz
                0x00004c58       0x14 src/ASF/sam/drivers/wdt/wdt_sam4l.o
 .text.wdt_set_ctrl
                0x00004c6c       0x80 src/ASF/sam/drivers/wdt/wdt_sam4l.o
 .text.wdt_get_config_defaults
                0x00004cec       0x42 src/ASF/sam/drivers/wdt/wdt_sam4l.o
                0x00004cec                wdt_get_config_defaults
 *fill*         0x00004d2e        0x2 
 .text.wdt_init
                0x00004d30      0x104 src/ASF/sam/drivers/wdt/wdt_sam4l.o
                0x00004d30                wdt_init
 .text.wdt_disable
                0x00004e34       0x40 src/ASF/sam/drivers/wdt/wdt_sam4l.o
                0x00004e34                wdt_disable
 .text.Dummy_Handler
                0x00004e74        0x6 src/ASF/sam/utils/cmsis/sam4l/source/templates/exceptions.o
                0x00004e74                DACC_Handler
                0x00004e74                DebugMon_Handler
                0x00004e74                TRNG_Handler
                0x00004e74                HardFault_Handler
                0x00004e74                SPI_Handler
                0x00004e74                USART3_Handler
                0x00004e74                AST_PER_Handler
                0x00004e74                AST_CLKREADY_Handler
                0x00004e74                AST_OVF_Handler
                0x00004e74                PendSV_Handler
                0x00004e74                SCIF_Handler
                0x00004e74                CRCCU_Handler
                0x00004e74                UsageFault_Handler
                0x00004e74                TC12_Handler
                0x00004e74                BPM_Handler
                0x00004e74                PARC_Handler
                0x00004e74                WDT_Handler
                0x00004e74                TWIS0_Handler
                0x00004e74                TWIS1_Handler
                0x00004e74                AESA_Handler
                0x00004e74                Dummy_Handler
                0x00004e74                ABDACB_Handler
                0x00004e74                CATB_Handler
                0x00004e74                USART1_Handler
                0x00004e74                AST_READY_Handler
                0x00004e74                AST_ALARM_Handler
                0x00004e74                PM_Handler
                0x00004e74                TC11_Handler
                0x00004e74                ACIFC_Handler
                0x00004e74                TC00_Handler
                0x00004e74                TC02_Handler
                0x00004e74                MemManage_Handler
                0x00004e74                SVC_Handler
                0x00004e74                ADCIFE_Handler
                0x00004e74                PEVC_TR_Handler
                0x00004e74                USART2_Handler
                0x00004e74                TC10_Handler
                0x00004e74                HFLASHC_Handler
                0x00004e74                TC01_Handler
                0x00004e74                BSCIF_Handler
                0x00004e74                USBC_Handler
                0x00004e74                IISC_Handler
                0x00004e74                BusFault_Handler
                0x00004e74                FREQM_Handler
                0x00004e74                PEVC_OV_Handler
 *fill*         0x00004e7a        0x2 
 .text.Reset_Handler
                0x00004e7c       0x84 src/ASF/sam/utils/cmsis/sam4l/source/templates/gcc/startup_sam4l.o
                0x00004e7c                Reset_Handler
 .text._sbrk    0x00004f00       0x58 src/ASF/sam/utils/syscalls/gcc/syscalls.o
                0x00004f00                _sbrk
 .text._close   0x00004f58       0x16 src/ASF/sam/utils/syscalls/gcc/syscalls.o
                0x00004f58                _close
 .text._fstat   0x00004f6e       0x1e src/ASF/sam/utils/syscalls/gcc/syscalls.o
                0x00004f6e                _fstat
 .text._isatty  0x00004f8c       0x14 src/ASF/sam/utils/syscalls/gcc/syscalls.o
                0x00004f8c                _isatty
 .text._lseek   0x00004fa0       0x18 src/ASF/sam/utils/syscalls/gcc/syscalls.o
                0x00004fa0                _lseek
 .text.USART0_Handler
                0x00004fb8       0x70 src/ASF/thirdparty/wireless/addons/sio2host/uart/sio2host.o
                0x00004fb8                USART0_Handler
 .text.NVIC_SetPriority
                0x00005028       0x54 src/main.o
 .text.SysTick_Config
                0x0000507c       0x48 src/main.o
 .text.eic_line_enable
                0x000050c4       0x24 src/main.o
 .text.eic_line_clear_interrupt
                0x000050e8       0x28 src/main.o
 .text.eic_line_interrupt_is_pending
                0x00005110       0x2e src/main.o
 *fill*         0x0000513e        0x2 
 .text.dfll_priv_get_source_hz
                0x00005140       0x80 src/main.o
 .text.sysclk_get_main_hz
                0x000051c0       0x1c src/main.o
 .text.sysclk_get_cpu_hz
                0x000051dc       0x14 src/main.o
 .text.ioport_get_pin_level
                0x000051f0       0x4e src/main.o
 *fill*         0x0000523e        0x2 
 .text.usart_serial_init
                0x00005240      0x10c src/main.o
 .text.usart_serial_putchar
                0x0000534c       0xa4 src/main.o
 .text.usart_serial_getchar
                0x000053f0       0xbc src/main.o
 .text.stdio_serial_init
                0x000054ac       0x68 src/main.o
 .text.SysTick_Handler
                0x00005514       0x88 src/main.o
                0x00005514                SysTick_Handler
 .text.configure_console
                0x0000559c       0x30 src/main.o
 .text.twim_setup
                0x000055cc       0x7c src/main.o
 .text.twim_rw  0x00005648       0xd8 src/main.o
                0x00005648                twim_rw
 .text.eic_callback
                0x00005720      0x13c src/main.o
 .text.eic_setup
                0x0000585c       0x64 src/main.o
 .text.main     0x000058c0       0xa8 src/main.o
                0x000058c0                main
 .text.__libc_init_array
                0x00005968       0x48 c:/program files (x86)/atmel/studio/7.0/toolchain/arm/arm-gnu-toolchain/bin/../lib/gcc/arm-none-eabi/6.3.1/../../../../arm-none-eabi/lib/thumb/v7e-m\libc_nano.a(lib_a-init.o)
                0x00005968                __libc_init_array
 .text.memset   0x000059b0       0x10 c:/program files (x86)/atmel/studio/7.0/toolchain/arm/arm-gnu-toolchain/bin/../lib/gcc/arm-none-eabi/6.3.1/../../../../arm-none-eabi/lib/thumb/v7e-m\libc_nano.a(lib_a-memset.o)
                0x000059b0                memset
 .text.__cvt    0x000059c0       0xb8 c:/program files (x86)/atmel/studio/7.0/toolchain/arm/arm-gnu-toolchain/bin/../lib/gcc/arm-none-eabi/6.3.1/../../../../arm-none-eabi/lib/thumb/v7e-m\libc_nano.a(lib_a-nano-vfprintf_float.o)
                0x000059c0                __cvt
 .text.__exponent
                0x00005a78       0x6a c:/program files (x86)/atmel/studio/7.0/toolchain/arm/arm-gnu-toolchain/bin/../lib/gcc/arm-none-eabi/6.3.1/../../../../arm-none-eabi/lib/thumb/v7e-m\libc_nano.a(lib_a-nano-vfprintf_float.o)
                0x00005a78                __exponent
 *fill*         0x00005ae2        0x2 
 .text._printf_float
                0x00005ae4      0x470 c:/program files (x86)/atmel/studio/7.0/toolchain/arm/arm-gnu-toolchain/bin/../lib/gcc/arm-none-eabi/6.3.1/../../../../arm-none-eabi/lib/thumb/v7e-m\libc_nano.a(lib_a-nano-vfprintf_float.o)
                0x00005ae4                _printf_float
 .text._printf_common
                0x00005f54       0xec c:/program files (x86)/atmel/studio/7.0/toolchain/arm/arm-gnu-toolchain/bin/../lib/gcc/arm-none-eabi/6.3.1/../../../../arm-none-eabi/lib/thumb/v7e-m\libc_nano.a(lib_a-nano-vfprintf_i.o)
                0x00005f54                _printf_common
 .text._printf_i
                0x00006040      0x240 c:/program files (x86)/atmel/studio/7.0/toolchain/arm/arm-gnu-toolchain/bin/../lib/gcc/arm-none-eabi/6.3.1/../../../../arm-none-eabi/lib/thumb/v7e-m\libc_nano.a(lib_a-nano-vfprintf_i.o)
                0x00006040                _printf_i
 .text.printf   0x00006280       0x30 c:/program files (x86)/atmel/studio/7.0/toolchain/arm/arm-gnu-toolchain/bin/../lib/gcc/arm-none-eabi/6.3.1/../../../../arm-none-eabi/lib/thumb/v7e-m\libc_nano.a(lib_a-printf.o)
                0x00006280                iprintf
                0x00006280                printf
 .text.setbuf   0x000062b0       0x10 c:/program files (x86)/atmel/studio/7.0/toolchain/arm/arm-gnu-toolchain/bin/../lib/gcc/arm-none-eabi/6.3.1/../../../../arm-none-eabi/lib/thumb/v7e-m\libc_nano.a(lib_a-setbuf.o)
                0x000062b0                setbuf
 .text.setvbuf  0x000062c0      0x15c c:/program files (x86)/atmel/studio/7.0/toolchain/arm/arm-gnu-toolchain/bin/../lib/gcc/arm-none-eabi/6.3.1/../../../../arm-none-eabi/lib/thumb/v7e-m\libc_nano.a(lib_a-setvbuf.o)
                0x000062c0                setvbuf
 .text.sprintf  0x0000641c       0x48 c:/program files (x86)/atmel/studio/7.0/toolchain/arm/arm-gnu-toolchain/bin/../lib/gcc/arm-none-eabi/6.3.1/../../../../arm-none-eabi/lib/thumb/v7e-m\libc_nano.a(lib_a-sprintf.o)
                0x0000641c                siprintf
                0x0000641c                sprintf
 .text          0x00006464       0x10 c:/program files (x86)/atmel/studio/7.0/toolchain/arm/arm-gnu-toolchain/bin/../lib/gcc/arm-none-eabi/6.3.1/../../../../arm-none-eabi/lib/thumb/v7e-m\libc_nano.a(lib_a-strlen.o)
                0x00006464                strlen
 .text.quorem   0x00006474      0x118 c:/program files (x86)/atmel/studio/7.0/toolchain/arm/arm-gnu-toolchain/bin/../lib/gcc/arm-none-eabi/6.3.1/../../../../arm-none-eabi/lib/thumb/v7e-m\libc_nano.a(lib_a-dtoa.o)
 *fill*         0x0000658c        0x4 
 .text._dtoa_r  0x00006590      0xba4 c:/program files (x86)/atmel/studio/7.0/toolchain/arm/arm-gnu-toolchain/bin/../lib/gcc/arm-none-eabi/6.3.1/../../../../arm-none-eabi/lib/thumb/v7e-m\libc_nano.a(lib_a-dtoa.o)
                0x00006590                _dtoa_r
 .text.__sflush_r
                0x00007134      0x110 c:/program files (x86)/atmel/studio/7.0/toolchain/arm/arm-gnu-toolchain/bin/../lib/gcc/arm-none-eabi/6.3.1/../../../../arm-none-eabi/lib/thumb/v7e-m\libc_nano.a(lib_a-fflush.o)
                0x00007134                __sflush_r
 .text._fflush_r
                0x00007244       0x54 c:/program files (x86)/atmel/studio/7.0/toolchain/arm/arm-gnu-toolchain/bin/../lib/gcc/arm-none-eabi/6.3.1/../../../../arm-none-eabi/lib/thumb/v7e-m\libc_nano.a(lib_a-fflush.o)
                0x00007244                _fflush_r
 .text._cleanup_r
                0x00007298        0xc c:/program files (x86)/atmel/studio/7.0/toolchain/arm/arm-gnu-toolchain/bin/../lib/gcc/arm-none-eabi/6.3.1/../../../../arm-none-eabi/lib/thumb/v7e-m\libc_nano.a(lib_a-findfp.o)
                0x00007298                _cleanup_r
 .text.std.isra.0
                0x000072a4       0x48 c:/program files (x86)/atmel/studio/7.0/toolchain/arm/arm-gnu-toolchain/bin/../lib/gcc/arm-none-eabi/6.3.1/../../../../arm-none-eabi/lib/thumb/v7e-m\libc_nano.a(lib_a-findfp.o)
 .text.__sfmoreglue
                0x000072ec       0x2c c:/program files (x86)/atmel/studio/7.0/toolchain/arm/arm-gnu-toolchain/bin/../lib/gcc/arm-none-eabi/6.3.1/../../../../arm-none-eabi/lib/thumb/v7e-m\libc_nano.a(lib_a-findfp.o)
                0x000072ec                __sfmoreglue
 .text.__sinit  0x00007318       0x60 c:/program files (x86)/atmel/studio/7.0/toolchain/arm/arm-gnu-toolchain/bin/../lib/gcc/arm-none-eabi/6.3.1/../../../../arm-none-eabi/lib/thumb/v7e-m\libc_nano.a(lib_a-findfp.o)
                0x00007318                __sinit
 .text.__sfp    0x00007378       0x78 c:/program files (x86)/atmel/studio/7.0/toolchain/arm/arm-gnu-toolchain/bin/../lib/gcc/arm-none-eabi/6.3.1/../../../../arm-none-eabi/lib/thumb/v7e-m\libc_nano.a(lib_a-findfp.o)
                0x00007378                __sfp
 .text._fwalk_reent
                0x000073f0       0x3c c:/program files (x86)/atmel/studio/7.0/toolchain/arm/arm-gnu-toolchain/bin/../lib/gcc/arm-none-eabi/6.3.1/../../../../arm-none-eabi/lib/thumb/v7e-m\libc_nano.a(lib_a-fwalk.o)
                0x000073f0                _fwalk_reent
 .text._localeconv_r
                0x0000742c       0x1c c:/program files (x86)/atmel/studio/7.0/toolchain/arm/arm-gnu-toolchain/bin/../lib/gcc/arm-none-eabi/6.3.1/../../../../arm-none-eabi/lib/thumb/v7e-m\libc_nano.a(lib_a-localeconv.o)
                0x0000742c                _localeconv_r
 .text.__swhatbuf_r
                0x00007448       0x48 c:/program files (x86)/atmel/studio/7.0/toolchain/arm/arm-gnu-toolchain/bin/../lib/gcc/arm-none-eabi/6.3.1/../../../../arm-none-eabi/lib/thumb/v7e-m\libc_nano.a(lib_a-makebuf.o)
                0x00007448                __swhatbuf_r
 .text.__smakebuf_r
                0x00007490       0x80 c:/program files (x86)/atmel/studio/7.0/toolchain/arm/arm-gnu-toolchain/bin/../lib/gcc/arm-none-eabi/6.3.1/../../../../arm-none-eabi/lib/thumb/v7e-m\libc_nano.a(lib_a-makebuf.o)
                0x00007490                __smakebuf_r
 .text.malloc   0x00007510       0x10 c:/program files (x86)/atmel/studio/7.0/toolchain/arm/arm-gnu-toolchain/bin/../lib/gcc/arm-none-eabi/6.3.1/../../../../arm-none-eabi/lib/thumb/v7e-m\libc_nano.a(lib_a-malloc.o)
                0x00007510                malloc
 .text          0x00007520       0xa0 c:/program files (x86)/atmel/studio/7.0/toolchain/arm/arm-gnu-toolchain/bin/../lib/gcc/arm-none-eabi/6.3.1/../../../../arm-none-eabi/lib/thumb/v7e-m\libc_nano.a(lib_a-memchr.o)
                0x00007520                memchr
 .text.memcpy   0x000075c0       0x16 c:/program files (x86)/atmel/studio/7.0/toolchain/arm/arm-gnu-toolchain/bin/../lib/gcc/arm-none-eabi/6.3.1/../../../../arm-none-eabi/lib/thumb/v7e-m\libc_nano.a(lib_a-memcpy-stub.o)
                0x000075c0                memcpy
 .text._Balloc  0x000075d6       0x68 c:/program files (x86)/atmel/studio/7.0/toolchain/arm/arm-gnu-toolchain/bin/../lib/gcc/arm-none-eabi/6.3.1/../../../../arm-none-eabi/lib/thumb/v7e-m\libc_nano.a(lib_a-mprec.o)
                0x000075d6                _Balloc
 .text._Bfree   0x0000763e       0x2e c:/program files (x86)/atmel/studio/7.0/toolchain/arm/arm-gnu-toolchain/bin/../lib/gcc/arm-none-eabi/6.3.1/../../../../arm-none-eabi/lib/thumb/v7e-m\libc_nano.a(lib_a-mprec.o)
                0x0000763e                _Bfree
 .text.__multadd
                0x0000766c       0x76 c:/program files (x86)/atmel/studio/7.0/toolchain/arm/arm-gnu-toolchain/bin/../lib/gcc/arm-none-eabi/6.3.1/../../../../arm-none-eabi/lib/thumb/v7e-m\libc_nano.a(lib_a-mprec.o)
                0x0000766c                __multadd
 .text.__hi0bits
                0x000076e2       0x3e c:/program files (x86)/atmel/studio/7.0/toolchain/arm/arm-gnu-toolchain/bin/../lib/gcc/arm-none-eabi/6.3.1/../../../../arm-none-eabi/lib/thumb/v7e-m\libc_nano.a(lib_a-mprec.o)
                0x000076e2                __hi0bits
 .text.__lo0bits
                0x00007720       0x5e c:/program files (x86)/atmel/studio/7.0/toolchain/arm/arm-gnu-toolchain/bin/../lib/gcc/arm-none-eabi/6.3.1/../../../../arm-none-eabi/lib/thumb/v7e-m\libc_nano.a(lib_a-mprec.o)
                0x00007720                __lo0bits
 .text.__i2b    0x0000777e       0x12 c:/program files (x86)/atmel/studio/7.0/toolchain/arm/arm-gnu-toolchain/bin/../lib/gcc/arm-none-eabi/6.3.1/../../../../arm-none-eabi/lib/thumb/v7e-m\libc_nano.a(lib_a-mprec.o)
                0x0000777e                __i2b
 .text.__multiply
                0x00007790      0x11a c:/program files (x86)/atmel/studio/7.0/toolchain/arm/arm-gnu-toolchain/bin/../lib/gcc/arm-none-eabi/6.3.1/../../../../arm-none-eabi/lib/thumb/v7e-m\libc_nano.a(lib_a-mprec.o)
                0x00007790                __multiply
 *fill*         0x000078aa        0x2 
 .text.__pow5mult
                0x000078ac       0x9c c:/program files (x86)/atmel/studio/7.0/toolchain/arm/arm-gnu-toolchain/bin/../lib/gcc/arm-none-eabi/6.3.1/../../../../arm-none-eabi/lib/thumb/v7e-m\libc_nano.a(lib_a-mprec.o)
                0x000078ac                __pow5mult
 .text.__lshift
                0x00007948       0xa2 c:/program files (x86)/atmel/studio/7.0/toolchain/arm/arm-gnu-toolchain/bin/../lib/gcc/arm-none-eabi/6.3.1/../../../../arm-none-eabi/lib/thumb/v7e-m\libc_nano.a(lib_a-mprec.o)
                0x00007948                __lshift
 .text.__mcmp   0x000079ea       0x34 c:/program files (x86)/atmel/studio/7.0/toolchain/arm/arm-gnu-toolchain/bin/../lib/gcc/arm-none-eabi/6.3.1/../../../../arm-none-eabi/lib/thumb/v7e-m\libc_nano.a(lib_a-mprec.o)
                0x000079ea                __mcmp
 .text.__mdiff  0x00007a1e       0xbc c:/program files (x86)/atmel/studio/7.0/toolchain/arm/arm-gnu-toolchain/bin/../lib/gcc/arm-none-eabi/6.3.1/../../../../arm-none-eabi/lib/thumb/v7e-m\libc_nano.a(lib_a-mprec.o)
                0x00007a1e                __mdiff
 .text.__d2b    0x00007ada       0x9e c:/program files (x86)/atmel/studio/7.0/toolchain/arm/arm-gnu-toolchain/bin/../lib/gcc/arm-none-eabi/6.3.1/../../../../arm-none-eabi/lib/thumb/v7e-m\libc_nano.a(lib_a-mprec.o)
                0x00007ada                __d2b
 .text._calloc_r
                0x00007b78       0x1c c:/program files (x86)/atmel/studio/7.0/toolchain/arm/arm-gnu-toolchain/bin/../lib/gcc/arm-none-eabi/6.3.1/../../../../arm-none-eabi/lib/thumb/v7e-m\libc_nano.a(lib_a-nano-callocr.o)
                0x00007b78                _calloc_r
 .text._free_r  0x00007b94       0x9c c:/program files (x86)/atmel/studio/7.0/toolchain/arm/arm-gnu-toolchain/bin/../lib/gcc/arm-none-eabi/6.3.1/../../../../arm-none-eabi/lib/thumb/v7e-m\libc_nano.a(lib_a-nano-freer.o)
                0x00007b94                _free_r
 .text._malloc_r
                0x00007c30       0xbc c:/program files (x86)/atmel/studio/7.0/toolchain/arm/arm-gnu-toolchain/bin/../lib/gcc/arm-none-eabi/6.3.1/../../../../arm-none-eabi/lib/thumb/v7e-m\libc_nano.a(lib_a-nano-mallocr.o)
                0x00007c30                _malloc_r
 .text.__ssputs_r
                0x00007cec       0xb6 c:/program files (x86)/atmel/studio/7.0/toolchain/arm/arm-gnu-toolchain/bin/../lib/gcc/arm-none-eabi/6.3.1/../../../../arm-none-eabi/lib/thumb/v7e-m\libc_nano.a(lib_a-nano-svfprintf.o)
                0x00007cec                __ssputs_r
 *fill*         0x00007da2        0x2 
 .text._svfprintf_r
                0x00007da4      0x1e8 c:/program files (x86)/atmel/studio/7.0/toolchain/arm/arm-gnu-toolchain/bin/../lib/gcc/arm-none-eabi/6.3.1/../../../../arm-none-eabi/lib/thumb/v7e-m\libc_nano.a(lib_a-nano-svfprintf.o)
                0x00007da4                _svfiprintf_r
                0x00007da4                _svfprintf_r
 .text.__sfputc_r
                0x00007f8c       0x2c c:/program files (x86)/atmel/studio/7.0/toolchain/arm/arm-gnu-toolchain/bin/../lib/gcc/arm-none-eabi/6.3.1/../../../../arm-none-eabi/lib/thumb/v7e-m\libc_nano.a(lib_a-nano-vfprintf.o)
 .text.__sfputs_r
                0x00007fb8       0x24 c:/program files (x86)/atmel/studio/7.0/toolchain/arm/arm-gnu-toolchain/bin/../lib/gcc/arm-none-eabi/6.3.1/../../../../arm-none-eabi/lib/thumb/v7e-m\libc_nano.a(lib_a-nano-vfprintf.o)
                0x00007fb8                __sfputs_r
 .text._vfprintf_r
                0x00007fdc      0x22c c:/program files (x86)/atmel/studio/7.0/toolchain/arm/arm-gnu-toolchain/bin/../lib/gcc/arm-none-eabi/6.3.1/../../../../arm-none-eabi/lib/thumb/v7e-m\libc_nano.a(lib_a-nano-vfprintf.o)
                0x00007fdc                _vfprintf_r
                0x00007fdc                _vfiprintf_r
 .text._sbrk_r  0x00008208       0x20 c:/program files (x86)/atmel/studio/7.0/toolchain/arm/arm-gnu-toolchain/bin/../lib/gcc/arm-none-eabi/6.3.1/../../../../arm-none-eabi/lib/thumb/v7e-m\libc_nano.a(lib_a-sbrkr.o)
                0x00008208                _sbrk_r
 .text.__sread  0x00008228       0x22 c:/program files (x86)/atmel/studio/7.0/toolchain/arm/arm-gnu-toolchain/bin/../lib/gcc/arm-none-eabi/6.3.1/../../../../arm-none-eabi/lib/thumb/v7e-m\libc_nano.a(lib_a-stdio.o)
                0x00008228                __sread
 .text.__swrite
                0x0000824a       0x38 c:/program files (x86)/atmel/studio/7.0/toolchain/arm/arm-gnu-toolchain/bin/../lib/gcc/arm-none-eabi/6.3.1/../../../../arm-none-eabi/lib/thumb/v7e-m\libc_nano.a(lib_a-stdio.o)
                0x0000824a                __swrite
 .text.__sseek  0x00008282       0x24 c:/program files (x86)/atmel/studio/7.0/toolchain/arm/arm-gnu-toolchain/bin/../lib/gcc/arm-none-eabi/6.3.1/../../../../arm-none-eabi/lib/thumb/v7e-m\libc_nano.a(lib_a-stdio.o)
                0x00008282                __sseek
 .text.__sclose
                0x000082a6        0x8 c:/program files (x86)/atmel/studio/7.0/toolchain/arm/arm-gnu-toolchain/bin/../lib/gcc/arm-none-eabi/6.3.1/../../../../arm-none-eabi/lib/thumb/v7e-m\libc_nano.a(lib_a-stdio.o)
                0x000082a6                __sclose
 *fill*         0x000082ae        0x2 
 .text.__swbuf_r
                0x000082b0       0xa4 c:/program files (x86)/atmel/studio/7.0/toolchain/arm/arm-gnu-toolchain/bin/../lib/gcc/arm-none-eabi/6.3.1/../../../../arm-none-eabi/lib/thumb/v7e-m\libc_nano.a(lib_a-wbuf.o)
                0x000082b0                __swbuf_r
 .text._write_r
                0x00008354       0x24 c:/program files (x86)/atmel/studio/7.0/toolchain/arm/arm-gnu-toolchain/bin/../lib/gcc/arm-none-eabi/6.3.1/../../../../arm-none-eabi/lib/thumb/v7e-m\libc_nano.a(lib_a-writer.o)
                0x00008354                _write_r
 .text.__swsetup_r
                0x00008378       0xdc c:/program files (x86)/atmel/studio/7.0/toolchain/arm/arm-gnu-toolchain/bin/../lib/gcc/arm-none-eabi/6.3.1/../../../../arm-none-eabi/lib/thumb/v7e-m\libc_nano.a(lib_a-wsetup.o)
                0x00008378                __swsetup_r
 .text._close_r
                0x00008454       0x20 c:/program files (x86)/atmel/studio/7.0/toolchain/arm/arm-gnu-toolchain/bin/../lib/gcc/arm-none-eabi/6.3.1/../../../../arm-none-eabi/lib/thumb/v7e-m\libc_nano.a(lib_a-closer.o)
                0x00008454                _close_r
 .text._fstat_r
                0x00008474       0x24 c:/program files (x86)/atmel/studio/7.0/toolchain/arm/arm-gnu-toolchain/bin/../lib/gcc/arm-none-eabi/6.3.1/../../../../arm-none-eabi/lib/thumb/v7e-m\libc_nano.a(lib_a-fstatr.o)
                0x00008474                _fstat_r
 .text._isatty_r
                0x00008498       0x20 c:/program files (x86)/atmel/studio/7.0/toolchain/arm/arm-gnu-toolchain/bin/../lib/gcc/arm-none-eabi/6.3.1/../../../../arm-none-eabi/lib/thumb/v7e-m\libc_nano.a(lib_a-isattyr.o)
                0x00008498                _isatty_r
 .text._lseek_r
                0x000084b8       0x24 c:/program files (x86)/atmel/studio/7.0/toolchain/arm/arm-gnu-toolchain/bin/../lib/gcc/arm-none-eabi/6.3.1/../../../../arm-none-eabi/lib/thumb/v7e-m\libc_nano.a(lib_a-lseekr.o)
                0x000084b8                _lseek_r
 .text.__ascii_mbtowc
                0x000084dc       0x24 c:/program files (x86)/atmel/studio/7.0/toolchain/arm/arm-gnu-toolchain/bin/../lib/gcc/arm-none-eabi/6.3.1/../../../../arm-none-eabi/lib/thumb/v7e-m\libc_nano.a(lib_a-mbtowc_r.o)
                0x000084dc                __ascii_mbtowc
 .text.memmove  0x00008500       0x34 c:/program files (x86)/atmel/studio/7.0/toolchain/arm/arm-gnu-toolchain/bin/../lib/gcc/arm-none-eabi/6.3.1/../../../../arm-none-eabi/lib/thumb/v7e-m\libc_nano.a(lib_a-memmove.o)
                0x00008500                memmove
 .text.__malloc_lock
                0x00008534        0x2 c:/program files (x86)/atmel/studio/7.0/toolchain/arm/arm-gnu-toolchain/bin/../lib/gcc/arm-none-eabi/6.3.1/../../../../arm-none-eabi/lib/thumb/v7e-m\libc_nano.a(lib_a-mlock.o)
                0x00008534                __malloc_lock
 .text.__malloc_unlock
                0x00008536        0x2 c:/program files (x86)/atmel/studio/7.0/toolchain/arm/arm-gnu-toolchain/bin/../lib/gcc/arm-none-eabi/6.3.1/../../../../arm-none-eabi/lib/thumb/v7e-m\libc_nano.a(lib_a-mlock.o)
                0x00008536                __malloc_unlock
 .text._realloc_r
                0x00008538       0x4c c:/program files (x86)/atmel/studio/7.0/toolchain/arm/arm-gnu-toolchain/bin/../lib/gcc/arm-none-eabi/6.3.1/../../../../arm-none-eabi/lib/thumb/v7e-m\libc_nano.a(lib_a-nano-reallocr.o)
                0x00008538                _realloc_r
 .text._read_r  0x00008584       0x24 c:/program files (x86)/atmel/studio/7.0/toolchain/arm/arm-gnu-toolchain/bin/../lib/gcc/arm-none-eabi/6.3.1/../../../../arm-none-eabi/lib/thumb/v7e-m\libc_nano.a(lib_a-readr.o)
                0x00008584                _read_r
 .text.__ascii_wctomb
                0x000085a8       0x1a c:/program files (x86)/atmel/studio/7.0/toolchain/arm/arm-gnu-toolchain/bin/../lib/gcc/arm-none-eabi/6.3.1/../../../../arm-none-eabi/lib/thumb/v7e-m\libc_nano.a(lib_a-wctomb_r.o)
                0x000085a8                __ascii_wctomb
 .text._malloc_usable_size_r
                0x000085c2       0x12 c:/program files (x86)/atmel/studio/7.0/toolchain/arm/arm-gnu-toolchain/bin/../lib/gcc/arm-none-eabi/6.3.1/../../../../arm-none-eabi/lib/thumb/v7e-m\libc_nano.a(lib_a-nano-msizer.o)
                0x000085c2                _malloc_usable_size_r
 .text          0x000085d4      0x370 c:/program files (x86)/atmel/studio/7.0/toolchain/arm/arm-gnu-toolchain/bin/../lib/gcc/arm-none-eabi/6.3.1/thumb/v7e-m\libgcc.a(_arm_addsubdf3.o)
                0x000085d4                __aeabi_drsub
                0x000085dc                __aeabi_dsub
                0x000085dc                __subdf3
                0x000085e0                __aeabi_dadd
                0x000085e0                __adddf3
                0x00008858                __floatunsidf
                0x00008858                __aeabi_ui2d
                0x00008878                __floatsidf
                0x00008878                __aeabi_i2d
                0x0000889c                __aeabi_f2d
                0x0000889c                __extendsfdf2
                0x000088d8                __floatundidf
                0x000088d8                __aeabi_ul2d
                0x000088e8                __floatdidf
                0x000088e8                __aeabi_l2d
 .text          0x00008944      0x424 c:/program files (x86)/atmel/studio/7.0/toolchain/arm/arm-gnu-toolchain/bin/../lib/gcc/arm-none-eabi/6.3.1/thumb/v7e-m\libgcc.a(_arm_muldivdf3.o)
                0x00008944                __aeabi_dmul
                0x00008944                __muldf3
                0x00008b98                __divdf3
                0x00008b98                __aeabi_ddiv
 .text          0x00008d68      0x110 c:/program files (x86)/atmel/studio/7.0/toolchain/arm/arm-gnu-toolchain/bin/../lib/gcc/arm-none-eabi/6.3.1/thumb/v7e-m\libgcc.a(_arm_cmpdf2.o)
                0x00008d68                __gtdf2
                0x00008d68                __gedf2
                0x00008d70                __ltdf2
                0x00008d70                __ledf2
                0x00008d78                __nedf2
                0x00008d78                __eqdf2
                0x00008d78                __cmpdf2
                0x00008df4                __aeabi_cdrcmple
                0x00008e04                __aeabi_cdcmpeq
                0x00008e04                __aeabi_cdcmple
                0x00008e14                __aeabi_dcmpeq
                0x00008e28                __aeabi_dcmplt
                0x00008e3c                __aeabi_dcmple
                0x00008e50                __aeabi_dcmpge
                0x00008e64                __aeabi_dcmpgt
 .text          0x00008e78       0x2c c:/program files (x86)/atmel/studio/7.0/toolchain/arm/arm-gnu-toolchain/bin/../lib/gcc/arm-none-eabi/6.3.1/thumb/v7e-m\libgcc.a(_arm_unorddf2.o)
                0x00008e78                __unorddf2
                0x00008e78                __aeabi_dcmpun
 .text          0x00008ea4       0x50 c:/program files (x86)/atmel/studio/7.0/toolchain/arm/arm-gnu-toolchain/bin/../lib/gcc/arm-none-eabi/6.3.1/thumb/v7e-m\libgcc.a(_arm_fixdfsi.o)
                0x00008ea4                __aeabi_d2iz
                0x00008ea4                __fixdfsi
 .text          0x00008ef4      0x21c c:/program files (x86)/atmel/studio/7.0/toolchain/arm/arm-gnu-toolchain/bin/../lib/gcc/arm-none-eabi/6.3.1/thumb/v7e-m\libgcc.a(_arm_addsubsf3.o)
                0x00008ef4                __aeabi_frsub
                0x00008efc                __subsf3
                0x00008efc                __aeabi_fsub
                0x00008f00                __aeabi_fadd
                0x00008f00                __addsf3
                0x00009060                __aeabi_ui2f
                0x00009060                __floatunsisf
                0x00009068                __aeabi_i2f
                0x00009068                __floatsisf
                0x00009084                __aeabi_ul2f
                0x00009084                __floatundisf
                0x00009094                __aeabi_l2f
                0x00009094                __floatdisf
 .text          0x00009110      0x2a0 c:/program files (x86)/atmel/studio/7.0/toolchain/arm/arm-gnu-toolchain/bin/../lib/gcc/arm-none-eabi/6.3.1/thumb/v7e-m\libgcc.a(_arm_muldivsf3.o)
                0x00009110                __mulsf3
                0x00009110                __aeabi_fmul
                0x00009278                __aeabi_fdiv
                0x00009278                __divsf3
 .text          0x000093b0       0x4c c:/program files (x86)/atmel/studio/7.0/toolchain/arm/arm-gnu-toolchain/bin/../lib/gcc/arm-none-eabi/6.3.1/thumb/v7e-m\libgcc.a(_arm_fixsfsi.o)
                0x000093b0                __aeabi_f2iz
                0x000093b0                __fixsfsi
 *(.glue_7t)
 .glue_7t       0x000093fc        0x0 linker stubs
 *(.glue_7)
 .glue_7        0x000093fc        0x0 linker stubs
 *(.rodata .rodata* .gnu.linkonce.r.*)
 .rodata        0x000093fc        0xc src/ASF/sam/components/display/c42412a/c42412a_lcdca.o
 .rodata        0x00009408       0x3d src/main.o
 *fill*         0x00009445        0x3 
 .rodata._global_impure_ptr
                0x00009448        0x4 c:/program files (x86)/atmel/studio/7.0/toolchain/arm/arm-gnu-toolchain/bin/../lib/gcc/arm-none-eabi/6.3.1/../../../../arm-none-eabi/lib/thumb/v7e-m\libc_nano.a(lib_a-impure.o)
                0x00009448                _global_impure_ptr
 .rodata._printf_float.str1.1
                0x0000944c       0x12 c:/program files (x86)/atmel/studio/7.0/toolchain/arm/arm-gnu-toolchain/bin/../lib/gcc/arm-none-eabi/6.3.1/../../../../arm-none-eabi/lib/thumb/v7e-m\libc_nano.a(lib_a-nano-vfprintf_float.o)
 .rodata._printf_i.str1.1
                0x0000945e       0x22 c:/program files (x86)/atmel/studio/7.0/toolchain/arm/arm-gnu-toolchain/bin/../lib/gcc/arm-none-eabi/6.3.1/../../../../arm-none-eabi/lib/thumb/v7e-m\libc_nano.a(lib_a-nano-vfprintf_i.o)
 .rodata._dtoa_r.str1.1
                0x00009480        0xd c:/program files (x86)/atmel/studio/7.0/toolchain/arm/arm-gnu-toolchain/bin/../lib/gcc/arm-none-eabi/6.3.1/../../../../arm-none-eabi/lib/thumb/v7e-m\libc_nano.a(lib_a-dtoa.o)
                                  0xf (size before relaxing)
 *fill*         0x0000948d        0x3 
 .rodata.__sf_fake_stderr
                0x00009490       0x20 c:/program files (x86)/atmel/studio/7.0/toolchain/arm/arm-gnu-toolchain/bin/../lib/gcc/arm-none-eabi/6.3.1/../../../../arm-none-eabi/lib/thumb/v7e-m\libc_nano.a(lib_a-findfp.o)
                0x00009490                __sf_fake_stderr
 .rodata.__sf_fake_stdin
                0x000094b0       0x20 c:/program files (x86)/atmel/studio/7.0/toolchain/arm/arm-gnu-toolchain/bin/../lib/gcc/arm-none-eabi/6.3.1/../../../../arm-none-eabi/lib/thumb/v7e-m\libc_nano.a(lib_a-findfp.o)
                0x000094b0                __sf_fake_stdin
 .rodata.__sf_fake_stdout
                0x000094d0       0x20 c:/program files (x86)/atmel/studio/7.0/toolchain/arm/arm-gnu-toolchain/bin/../lib/gcc/arm-none-eabi/6.3.1/../../../../arm-none-eabi/lib/thumb/v7e-m\libc_nano.a(lib_a-findfp.o)
                0x000094d0                __sf_fake_stdout
 .rodata.__mprec_bigtens
                0x000094f0       0x28 c:/program files (x86)/atmel/studio/7.0/toolchain/arm/arm-gnu-toolchain/bin/../lib/gcc/arm-none-eabi/6.3.1/../../../../arm-none-eabi/lib/thumb/v7e-m\libc_nano.a(lib_a-mprec.o)
                0x000094f0                __mprec_bigtens
 .rodata.__mprec_tens
                0x00009518       0xc8 c:/program files (x86)/atmel/studio/7.0/toolchain/arm/arm-gnu-toolchain/bin/../lib/gcc/arm-none-eabi/6.3.1/../../../../arm-none-eabi/lib/thumb/v7e-m\libc_nano.a(lib_a-mprec.o)
                0x00009518                __mprec_tens
 .rodata.p05.6047
                0x000095e0        0xc c:/program files (x86)/atmel/studio/7.0/toolchain/arm/arm-gnu-toolchain/bin/../lib/gcc/arm-none-eabi/6.3.1/../../../../arm-none-eabi/lib/thumb/v7e-m\libc_nano.a(lib_a-mprec.o)
 .rodata._svfprintf_r.str1.1
                0x000095ec       0x11 c:/program files (x86)/atmel/studio/7.0/toolchain/arm/arm-gnu-toolchain/bin/../lib/gcc/arm-none-eabi/6.3.1/../../../../arm-none-eabi/lib/thumb/v7e-m\libc_nano.a(lib_a-nano-svfprintf.o)
 .rodata._vfprintf_r.str1.1
                0x000095fd       0x11 c:/program files (x86)/atmel/studio/7.0/toolchain/arm/arm-gnu-toolchain/bin/../lib/gcc/arm-none-eabi/6.3.1/../../../../arm-none-eabi/lib/thumb/v7e-m\libc_nano.a(lib_a-nano-vfprintf.o)
 .rodata._setlocale_r.str1.1
                0x000095fd        0x8 c:/program files (x86)/atmel/studio/7.0/toolchain/arm/arm-gnu-toolchain/bin/../lib/gcc/arm-none-eabi/6.3.1/../../../../arm-none-eabi/lib/thumb/v7e-m\libc_nano.a(lib_a-locale.o)
                                  0x9 (size before relaxing)
 .rodata.str1.1
                0x00009605        0x2 c:/program files (x86)/atmel/studio/7.0/toolchain/arm/arm-gnu-toolchain/bin/../lib/gcc/arm-none-eabi/6.3.1/../../../../arm-none-eabi/lib/thumb/v7e-m\libc_nano.a(lib_a-locale.o)
 .rodata._ctype_
                0x00009607      0x101 c:/program files (x86)/atmel/studio/7.0/toolchain/arm/arm-gnu-toolchain/bin/../lib/gcc/arm-none-eabi/6.3.1/../../../../arm-none-eabi/lib/thumb/v7e-m\libc_nano.a(lib_a-ctype_.o)
                0x00009607                _ctype_
 *(.ARM.extab* .gnu.linkonce.armextab.*)
                0x00009708                . = ALIGN (0x4)
 *(.init)
 .init          0x00009708        0x4 c:/program files (x86)/atmel/studio/7.0/toolchain/arm/arm-gnu-toolchain/bin/../lib/gcc/arm-none-eabi/6.3.1/thumb/v7e-m/crti.o
                0x00009708                _init
 .init          0x0000970c        0x8 c:/program files (x86)/atmel/studio/7.0/toolchain/arm/arm-gnu-toolchain/bin/../lib/gcc/arm-none-eabi/6.3.1/thumb/v7e-m/crtn.o
                0x00009714                . = ALIGN (0x4)
                0x00009714                __preinit_array_start = .
 *(.preinit_array)
                0x00009714                __preinit_array_end = .
                0x00009714                . = ALIGN (0x4)
                0x00009714                __init_array_start = .
 *(SORT(.init_array.*))
 *(.init_array)
 .init_array    0x00009714        0x4 c:/program files (x86)/atmel/studio/7.0/toolchain/arm/arm-gnu-toolchain/bin/../lib/gcc/arm-none-eabi/6.3.1/thumb/v7e-m/crtbegin.o
                0x00009718                __init_array_end = .
                0x00009718                . = ALIGN (0x4)
 *crtbegin.o(.ctors)
 *(EXCLUDE_FILE(*crtend.o) .ctors)
 *(SORT(.ctors.*))
 *crtend.o(.ctors)
                0x00009718                . = ALIGN (0x4)
 *(.fini)
 .fini          0x00009718        0x4 c:/program files (x86)/atmel/studio/7.0/toolchain/arm/arm-gnu-toolchain/bin/../lib/gcc/arm-none-eabi/6.3.1/thumb/v7e-m/crti.o
                0x00009718                _fini
 .fini          0x0000971c        0x8 c:/program files (x86)/atmel/studio/7.0/toolchain/arm/arm-gnu-toolchain/bin/../lib/gcc/arm-none-eabi/6.3.1/thumb/v7e-m/crtn.o
                0x00009724                . = ALIGN (0x4)
                0x00009724                __fini_array_start = .
 *(.fini_array)
 .fini_array    0x00009724        0x4 c:/program files (x86)/atmel/studio/7.0/toolchain/arm/arm-gnu-toolchain/bin/../lib/gcc/arm-none-eabi/6.3.1/thumb/v7e-m/crtbegin.o
 *(SORT(.fini_array.*))
                0x00009728                __fini_array_end = .
 *crtbegin.o(.dtors)
 *(EXCLUDE_FILE(*crtend.o) .dtors)
 *(SORT(.dtors.*))
 *crtend.o(.dtors)
                0x00009728                . = ALIGN (0x4)
                0x00009728                _efixed = .
                [!provide]                PROVIDE (__exidx_start, .)

.vfp11_veneer   0x00009728        0x0
 .vfp11_veneer  0x00009728        0x0 linker stubs

.v4_bx          0x00009728        0x0
 .v4_bx         0x00009728        0x0 linker stubs

.iplt           0x00009728        0x0
 .iplt          0x00009728        0x0 c:/program files (x86)/atmel/studio/7.0/toolchain/arm/arm-gnu-toolchain/bin/../lib/gcc/arm-none-eabi/6.3.1/thumb/v7e-m/crtbegin.o

.eh_frame       0x00009728        0x0
 .eh_frame      0x00009728        0x0 c:/program files (x86)/atmel/studio/7.0/toolchain/arm/arm-gnu-toolchain/bin/../lib/gcc/arm-none-eabi/6.3.1/thumb/v7e-m/crtbegin.o

.rel.dyn        0x00009728        0x0
 .rel.iplt      0x00009728        0x0 c:/program files (x86)/atmel/studio/7.0/toolchain/arm/arm-gnu-toolchain/bin/../lib/gcc/arm-none-eabi/6.3.1/thumb/v7e-m/crtbegin.o

.jcr            0x00009728        0x0
 .jcr           0x00009728        0x0 c:/program files (x86)/atmel/studio/7.0/toolchain/arm/arm-gnu-toolchain/bin/../lib/gcc/arm-none-eabi/6.3.1/thumb/v7e-m/crtbegin.o

.igot.plt       0x00009728        0x0
 .igot.plt      0x00009728        0x0 c:/program files (x86)/atmel/studio/7.0/toolchain/arm/arm-gnu-toolchain/bin/../lib/gcc/arm-none-eabi/6.3.1/thumb/v7e-m/crtbegin.o

.ARM.exidx
 *(.ARM.exidx* .gnu.linkonce.armexidx.*)
                [!provide]                PROVIDE (__exidx_end, .)
                0x00009728                . = ALIGN (0x4)
                0x00009728                _etext = .

.relocate       0x20000000      0x250 load address 0x00009728
                0x20000000                . = ALIGN (0x4)
                0x20000000                _srelocate = .
 *(.ramfunc .ramfunc.*)
 .ramfunc       0x20000000       0x74 src/ASF/sam/drivers/bpm/bpm.o
                0x20000000                bpm_ps_no_halt_exec
 *(.data .data.*)
 .data.g_interrupt_enabled
                0x20000074        0x1 src/ASF/common/utils/interrupt/interrupt_sam_nvic.o
                0x20000074                g_interrupt_enabled
 *fill*         0x20000075        0x3 
 .data.flashcalw_wait_until_ready
                0x20000078        0x4 src/ASF/sam/drivers/flashcalw/flashcalw.o
                0x20000078                flashcalw_wait_until_ready
 .data.data_buf_rx
                0x2000007c        0x2 src/main.o
                0x2000007c                data_buf_rx
 *fill*         0x2000007e        0x2 
 .data._impure_ptr
                0x20000080        0x4 c:/program files (x86)/atmel/studio/7.0/toolchain/arm/arm-gnu-toolchain/bin/../lib/gcc/arm-none-eabi/6.3.1/../../../../arm-none-eabi/lib/thumb/v7e-m\libc_nano.a(lib_a-impure.o)
                0x20000080                _impure_ptr
 .data.impure_data
                0x20000084       0x60 c:/program files (x86)/atmel/studio/7.0/toolchain/arm/arm-gnu-toolchain/bin/../lib/gcc/arm-none-eabi/6.3.1/../../../../arm-none-eabi/lib/thumb/v7e-m\libc_nano.a(lib_a-impure.o)
 .data.__global_locale
                0x200000e4      0x16c c:/program files (x86)/atmel/studio/7.0/toolchain/arm/arm-gnu-toolchain/bin/../lib/gcc/arm-none-eabi/6.3.1/../../../../arm-none-eabi/lib/thumb/v7e-m\libc_nano.a(lib_a-locale.o)
                0x200000e4                __global_locale
                0x20000250                . = ALIGN (0x4)
                0x20000250                _erelocate = .

.bss            0x20000250      0x244 load address 0x00009978
                0x20000250                . = ALIGN (0x4)
                0x20000250                _sbss = .
                0x20000250                _szero = .
 *(.bss .bss.*)
 .bss           0x20000250       0x1c c:/program files (x86)/atmel/studio/7.0/toolchain/arm/arm-gnu-toolchain/bin/../lib/gcc/arm-none-eabi/6.3.1/thumb/v7e-m/crtbegin.o
 .bss.open_loop_done.8234
                0x2000026c        0x1 src/ASF/common/services/clock/sam4l/dfll.o
 *fill*         0x2000026d        0x3 
 .bss.flashcalw_error_status
                0x20000270        0x4 src/ASF/sam/drivers/flashcalw/flashcalw.o
 .bss.gpio_int_sources
                0x20000274       0x30 src/ASF/sam/drivers/gpio/gpio.o
 .bss.gpio_nb_sources
                0x200002a4        0x4 src/ASF/sam/drivers/gpio/gpio.o
 .bss.lcdca_callback_pointer
                0x200002a8        0x4 src/ASF/sam/drivers/lcdca/lcdca.o
                0x200002a8                lcdca_callback_pointer
 .bss.p_twim_tx_data
                0x200002ac       0x10 src/ASF/sam/drivers/twim/twim.o
 .bss.p_twim_rx_data
                0x200002bc       0x10 src/ASF/sam/drivers/twim/twim.o
 .bss.transfer_status
                0x200002cc        0x4 src/ASF/sam/drivers/twim/twim.o
 .bss.twim_tx_nb_bytes
                0x200002d0       0x10 src/ASF/sam/drivers/twim/twim.o
 .bss.twim_rx_nb_bytes
                0x200002e0       0x10 src/ASF/sam/drivers/twim/twim.o
 .bss.twim_it_mask
                0x200002f0       0x10 src/ASF/sam/drivers/twim/twim.o
 .bss.twim_next_cmd_xfer_valid
                0x20000300        0x4 src/ASF/sam/drivers/twim/twim.o
 .bss.p_twim_next_tx_data
                0x20000304       0x10 src/ASF/sam/drivers/twim/twim.o
 .bss.p_twim_next_rx_data
                0x20000314       0x10 src/ASF/sam/drivers/twim/twim.o
 .bss.twim_next_tx_nb_bytes
                0x20000324       0x10 src/ASF/sam/drivers/twim/twim.o
 .bss.twim_next_rx_nb_bytes
                0x20000334       0x10 src/ASF/sam/drivers/twim/twim.o
 .bss.ul_reg_val.8108
                0x20000344        0x4 src/ASF/sam/drivers/usart/usart.o
 .bss.heap.5297
                0x20000348        0x4 src/ASF/sam/utils/syscalls/gcc/syscalls.o
 .bss.serial_rx_buf
                0x2000034c       0x9c src/ASF/thirdparty/wireless/addons/sio2host/uart/sio2host.o
 .bss.serial_rx_buf_tail
                0x200003e8        0x1 src/ASF/thirdparty/wireless/addons/sio2host/uart/sio2host.o
 *fill*         0x200003e9        0x3 
 .bss.ticks     0x200003ec        0x4 src/main.o
                0x200003ec                ticks
 .bss.__malloc_free_list
                0x200003f0        0x4 c:/program files (x86)/atmel/studio/7.0/toolchain/arm/arm-gnu-toolchain/bin/../lib/gcc/arm-none-eabi/6.3.1/../../../../arm-none-eabi/lib/thumb/v7e-m\libc_nano.a(lib_a-nano-mallocr.o)
                0x200003f0                __malloc_free_list
 .bss.__malloc_sbrk_start
                0x200003f4        0x4 c:/program files (x86)/atmel/studio/7.0/toolchain/arm/arm-gnu-toolchain/bin/../lib/gcc/arm-none-eabi/6.3.1/../../../../arm-none-eabi/lib/thumb/v7e-m\libc_nano.a(lib_a-nano-mallocr.o)
                0x200003f4                __malloc_sbrk_start
 *(COMMON)
 COMMON         0x200003f8        0x8 src/ASF/common/services/sleepmgr/sam4l/sleepmgr.o
                0x200003f8                sleepmgr_locks
 COMMON         0x20000400        0x4 src/ASF/common/utils/stdio/read.o
                0x20000400                ptr_get
 COMMON         0x20000404        0x8 src/ASF/common/utils/stdio/write.o
                0x20000404                ptr_put
                0x20000408                stdio_base
 COMMON         0x2000040c       0x24 src/ASF/sam/drivers/eic/eic.o
                0x2000040c                eic_callback_pointer
 COMMON         0x20000430       0x40 src/ASF/sam/drivers/pdca/pdca.o
                0x20000430                pdca_callback_pointer
 COMMON         0x20000470       0x10 src/ASF/sam/drivers/twim/twim.o
                0x20000470                twim_callback_pointer
 COMMON         0x20000480       0x10 src/main.o
                0x20000480                t2
                0x20000484                celsius
                0x20000488                t1
                0x2000048c                fahrenheit
 COMMON         0x20000490        0x4 c:/program files (x86)/atmel/studio/7.0/toolchain/arm/arm-gnu-toolchain/bin/../lib/gcc/arm-none-eabi/6.3.1/../../../../arm-none-eabi/lib/thumb/v7e-m\libc_nano.a(lib_a-reent.o)
                0x20000490                errno
                0x20000494                . = ALIGN (0x4)
                0x20000494                _ebss = .
                0x20000494                _ezero = .

.stack          0x20000494     0x1004 load address 0x00009bbc
                0x20000498                . = ALIGN (0x8)
 *fill*         0x20000494        0x4 
                0x20000498                _sstack = .
                0x20001498                . = (. + __stack_size__)
 *fill*         0x20000498     0x1000 
                0x20001498                . = ALIGN (0x8)
                0x20001498                _estack = .
                0x20001498                . = ALIGN (0x4)
                0x20001498                _end = .
OUTPUT(Embedded_Lab_A3_Ferda.elf elf32-littlearm)

.ARM.attributes
                0x00000000       0x2a
 .ARM.attributes
                0x00000000       0x1e c:/program files (x86)/atmel/studio/7.0/toolchain/arm/arm-gnu-toolchain/bin/../lib/gcc/arm-none-eabi/6.3.1/thumb/v7e-m/crti.o
 .ARM.attributes
                0x0000001e       0x2e c:/program files (x86)/atmel/studio/7.0/toolchain/arm/arm-gnu-toolchain/bin/../lib/gcc/arm-none-eabi/6.3.1/thumb/v7e-m/crtbegin.o
 .ARM.attributes
                0x0000004c       0x33 src/ASF/common/services/clock/sam4l/dfll.o
 .ARM.attributes
                0x0000007f       0x33 src/ASF/common/services/clock/sam4l/osc.o
 .ARM.attributes
                0x000000b2       0x33 src/ASF/common/services/clock/sam4l/sysclk.o
 .ARM.attributes
                0x000000e5       0x33 src/ASF/common/services/serial/usart_serial.o
 .ARM.attributes
                0x00000118       0x33 src/ASF/common/services/sleepmgr/sam4l/sleepmgr.o
 .ARM.attributes
                0x0000014b       0x33 src/ASF/common/utils/interrupt/interrupt_sam_nvic.o
 .ARM.attributes
                0x0000017e       0x33 src/ASF/common/utils/stdio/read.o
 .ARM.attributes
                0x000001b1       0x33 src/ASF/common/utils/stdio/write.o
 .ARM.attributes
                0x000001e4       0x33 src/ASF/sam/boards/sam4l8_xplained_pro/init.o
 .ARM.attributes
                0x00000217       0x33 src/ASF/sam/components/display/c42412a/c42412a_lcdca.o
 .ARM.attributes
                0x0000024a       0x33 src/ASF/sam/drivers/bpm/bpm.o
 .ARM.attributes
                0x0000027d       0x33 src/ASF/sam/drivers/eic/eic.o
 .ARM.attributes
                0x000002b0       0x33 src/ASF/sam/drivers/flashcalw/flashcalw.o
 .ARM.attributes
                0x000002e3       0x33 src/ASF/sam/drivers/gpio/gpio.o
 .ARM.attributes
                0x00000316       0x33 src/ASF/sam/drivers/lcdca/lcdca.o
 .ARM.attributes
                0x00000349       0x33 src/ASF/sam/drivers/pdca/pdca.o
 .ARM.attributes
                0x0000037c       0x33 src/ASF/sam/drivers/twim/twim.o
 .ARM.attributes
                0x000003af       0x33 src/ASF/sam/drivers/usart/usart.o
 .ARM.attributes
                0x000003e2       0x33 src/ASF/sam/drivers/wdt/wdt_sam4l.o
 .ARM.attributes
                0x00000415       0x33 src/ASF/sam/utils/cmsis/sam4l/source/templates/exceptions.o
 .ARM.attributes
                0x00000448       0x33 src/ASF/sam/utils/cmsis/sam4l/source/templates/gcc/startup_sam4l.o
 .ARM.attributes
                0x0000047b       0x33 src/ASF/sam/utils/syscalls/gcc/syscalls.o
 .ARM.attributes
                0x000004ae       0x33 src/ASF/thirdparty/wireless/addons/sio2host/uart/sio2host.o
 .ARM.attributes
                0x000004e1       0x33 src/main.o
 .ARM.attributes
                0x00000514       0x2e c:/program files (x86)/atmel/studio/7.0/toolchain/arm/arm-gnu-toolchain/bin/../lib/gcc/arm-none-eabi/6.3.1/../../../../arm-none-eabi/lib/thumb/v7e-m\libc_nano.a(lib_a-impure.o)
 .ARM.attributes
                0x00000542       0x2e c:/program files (x86)/atmel/studio/7.0/toolchain/arm/arm-gnu-toolchain/bin/../lib/gcc/arm-none-eabi/6.3.1/../../../../arm-none-eabi/lib/thumb/v7e-m\libc_nano.a(lib_a-init.o)
 .ARM.attributes
                0x00000570       0x2e c:/program files (x86)/atmel/studio/7.0/toolchain/arm/arm-gnu-toolchain/bin/../lib/gcc/arm-none-eabi/6.3.1/../../../../arm-none-eabi/lib/thumb/v7e-m\libc_nano.a(lib_a-memset.o)
 .ARM.attributes
                0x0000059e       0x2e c:/program files (x86)/atmel/studio/7.0/toolchain/arm/arm-gnu-toolchain/bin/../lib/gcc/arm-none-eabi/6.3.1/../../../../arm-none-eabi/lib/thumb/v7e-m\libc_nano.a(lib_a-nano-vfprintf_float.o)
 .ARM.attributes
                0x000005cc       0x2e c:/program files (x86)/atmel/studio/7.0/toolchain/arm/arm-gnu-toolchain/bin/../lib/gcc/arm-none-eabi/6.3.1/../../../../arm-none-eabi/lib/thumb/v7e-m\libc_nano.a(lib_a-nano-vfprintf_i.o)
 .ARM.attributes
                0x000005fa       0x2e c:/program files (x86)/atmel/studio/7.0/toolchain/arm/arm-gnu-toolchain/bin/../lib/gcc/arm-none-eabi/6.3.1/../../../../arm-none-eabi/lib/thumb/v7e-m\libc_nano.a(lib_a-printf.o)
 .ARM.attributes
                0x00000628       0x2e c:/program files (x86)/atmel/studio/7.0/toolchain/arm/arm-gnu-toolchain/bin/../lib/gcc/arm-none-eabi/6.3.1/../../../../arm-none-eabi/lib/thumb/v7e-m\libc_nano.a(lib_a-setbuf.o)
 .ARM.attributes
                0x00000656       0x2e c:/program files (x86)/atmel/studio/7.0/toolchain/arm/arm-gnu-toolchain/bin/../lib/gcc/arm-none-eabi/6.3.1/../../../../arm-none-eabi/lib/thumb/v7e-m\libc_nano.a(lib_a-setvbuf.o)
 .ARM.attributes
                0x00000684       0x2e c:/program files (x86)/atmel/studio/7.0/toolchain/arm/arm-gnu-toolchain/bin/../lib/gcc/arm-none-eabi/6.3.1/../../../../arm-none-eabi/lib/thumb/v7e-m\libc_nano.a(lib_a-sprintf.o)
 .ARM.attributes
                0x000006b2       0x17 c:/program files (x86)/atmel/studio/7.0/toolchain/arm/arm-gnu-toolchain/bin/../lib/gcc/arm-none-eabi/6.3.1/../../../../arm-none-eabi/lib/thumb/v7e-m\libc_nano.a(lib_a-strlen.o)
 .ARM.attributes
                0x000006c9       0x2e c:/program files (x86)/atmel/studio/7.0/toolchain/arm/arm-gnu-toolchain/bin/../lib/gcc/arm-none-eabi/6.3.1/../../../../arm-none-eabi/lib/thumb/v7e-m\libc_nano.a(lib_a-dtoa.o)
 .ARM.attributes
                0x000006f7       0x2e c:/program files (x86)/atmel/studio/7.0/toolchain/arm/arm-gnu-toolchain/bin/../lib/gcc/arm-none-eabi/6.3.1/../../../../arm-none-eabi/lib/thumb/v7e-m\libc_nano.a(lib_a-fflush.o)
 .ARM.attributes
                0x00000725       0x2e c:/program files (x86)/atmel/studio/7.0/toolchain/arm/arm-gnu-toolchain/bin/../lib/gcc/arm-none-eabi/6.3.1/../../../../arm-none-eabi/lib/thumb/v7e-m\libc_nano.a(lib_a-findfp.o)
 .ARM.attributes
                0x00000753       0x2e c:/program files (x86)/atmel/studio/7.0/toolchain/arm/arm-gnu-toolchain/bin/../lib/gcc/arm-none-eabi/6.3.1/../../../../arm-none-eabi/lib/thumb/v7e-m\libc_nano.a(lib_a-fwalk.o)
 .ARM.attributes
                0x00000781       0x2e c:/program files (x86)/atmel/studio/7.0/toolchain/arm/arm-gnu-toolchain/bin/../lib/gcc/arm-none-eabi/6.3.1/../../../../arm-none-eabi/lib/thumb/v7e-m\libc_nano.a(lib_a-localeconv.o)
 .ARM.attributes
                0x000007af       0x2e c:/program files (x86)/atmel/studio/7.0/toolchain/arm/arm-gnu-toolchain/bin/../lib/gcc/arm-none-eabi/6.3.1/../../../../arm-none-eabi/lib/thumb/v7e-m\libc_nano.a(lib_a-makebuf.o)
 .ARM.attributes
                0x000007dd       0x2e c:/program files (x86)/atmel/studio/7.0/toolchain/arm/arm-gnu-toolchain/bin/../lib/gcc/arm-none-eabi/6.3.1/../../../../arm-none-eabi/lib/thumb/v7e-m\libc_nano.a(lib_a-malloc.o)
 .ARM.attributes
                0x0000080b       0x1c c:/program files (x86)/atmel/studio/7.0/toolchain/arm/arm-gnu-toolchain/bin/../lib/gcc/arm-none-eabi/6.3.1/../../../../arm-none-eabi/lib/thumb/v7e-m\libc_nano.a(lib_a-memchr.o)
 .ARM.attributes
                0x00000827       0x2e c:/program files (x86)/atmel/studio/7.0/toolchain/arm/arm-gnu-toolchain/bin/../lib/gcc/arm-none-eabi/6.3.1/../../../../arm-none-eabi/lib/thumb/v7e-m\libc_nano.a(lib_a-memcpy-stub.o)
 .ARM.attributes
                0x00000855       0x2e c:/program files (x86)/atmel/studio/7.0/toolchain/arm/arm-gnu-toolchain/bin/../lib/gcc/arm-none-eabi/6.3.1/../../../../arm-none-eabi/lib/thumb/v7e-m\libc_nano.a(lib_a-mprec.o)
 .ARM.attributes
                0x00000883       0x2e c:/program files (x86)/atmel/studio/7.0/toolchain/arm/arm-gnu-toolchain/bin/../lib/gcc/arm-none-eabi/6.3.1/../../../../arm-none-eabi/lib/thumb/v7e-m\libc_nano.a(lib_a-nano-callocr.o)
 .ARM.attributes
                0x000008b1       0x2e c:/program files (x86)/atmel/studio/7.0/toolchain/arm/arm-gnu-toolchain/bin/../lib/gcc/arm-none-eabi/6.3.1/../../../../arm-none-eabi/lib/thumb/v7e-m\libc_nano.a(lib_a-nano-freer.o)
 .ARM.attributes
                0x000008df       0x2e c:/program files (x86)/atmel/studio/7.0/toolchain/arm/arm-gnu-toolchain/bin/../lib/gcc/arm-none-eabi/6.3.1/../../../../arm-none-eabi/lib/thumb/v7e-m\libc_nano.a(lib_a-nano-mallocr.o)
 .ARM.attributes
                0x0000090d       0x2e c:/program files (x86)/atmel/studio/7.0/toolchain/arm/arm-gnu-toolchain/bin/../lib/gcc/arm-none-eabi/6.3.1/../../../../arm-none-eabi/lib/thumb/v7e-m\libc_nano.a(lib_a-nano-svfprintf.o)
 .ARM.attributes
                0x0000093b       0x2e c:/program files (x86)/atmel/studio/7.0/toolchain/arm/arm-gnu-toolchain/bin/../lib/gcc/arm-none-eabi/6.3.1/../../../../arm-none-eabi/lib/thumb/v7e-m\libc_nano.a(lib_a-nano-vfprintf.o)
 .ARM.attributes
                0x00000969       0x2e c:/program files (x86)/atmel/studio/7.0/toolchain/arm/arm-gnu-toolchain/bin/../lib/gcc/arm-none-eabi/6.3.1/../../../../arm-none-eabi/lib/thumb/v7e-m\libc_nano.a(lib_a-sbrkr.o)
 .ARM.attributes
                0x00000997       0x2e c:/program files (x86)/atmel/studio/7.0/toolchain/arm/arm-gnu-toolchain/bin/../lib/gcc/arm-none-eabi/6.3.1/../../../../arm-none-eabi/lib/thumb/v7e-m\libc_nano.a(lib_a-stdio.o)
 .ARM.attributes
                0x000009c5       0x2e c:/program files (x86)/atmel/studio/7.0/toolchain/arm/arm-gnu-toolchain/bin/../lib/gcc/arm-none-eabi/6.3.1/../../../../arm-none-eabi/lib/thumb/v7e-m\libc_nano.a(lib_a-wbuf.o)
 .ARM.attributes
                0x000009f3       0x2e c:/program files (x86)/atmel/studio/7.0/toolchain/arm/arm-gnu-toolchain/bin/../lib/gcc/arm-none-eabi/6.3.1/../../../../arm-none-eabi/lib/thumb/v7e-m\libc_nano.a(lib_a-writer.o)
 .ARM.attributes
                0x00000a21       0x2e c:/program files (x86)/atmel/studio/7.0/toolchain/arm/arm-gnu-toolchain/bin/../lib/gcc/arm-none-eabi/6.3.1/../../../../arm-none-eabi/lib/thumb/v7e-m\libc_nano.a(lib_a-wsetup.o)
 .ARM.attributes
                0x00000a4f       0x2e c:/program files (x86)/atmel/studio/7.0/toolchain/arm/arm-gnu-toolchain/bin/../lib/gcc/arm-none-eabi/6.3.1/../../../../arm-none-eabi/lib/thumb/v7e-m\libc_nano.a(lib_a-closer.o)
 .ARM.attributes
                0x00000a7d       0x2e c:/program files (x86)/atmel/studio/7.0/toolchain/arm/arm-gnu-toolchain/bin/../lib/gcc/arm-none-eabi/6.3.1/../../../../arm-none-eabi/lib/thumb/v7e-m\libc_nano.a(lib_a-fstatr.o)
 .ARM.attributes
                0x00000aab       0x2e c:/program files (x86)/atmel/studio/7.0/toolchain/arm/arm-gnu-toolchain/bin/../lib/gcc/arm-none-eabi/6.3.1/../../../../arm-none-eabi/lib/thumb/v7e-m\libc_nano.a(lib_a-isattyr.o)
 .ARM.attributes
                0x00000ad9       0x2e c:/program files (x86)/atmel/studio/7.0/toolchain/arm/arm-gnu-toolchain/bin/../lib/gcc/arm-none-eabi/6.3.1/../../../../arm-none-eabi/lib/thumb/v7e-m\libc_nano.a(lib_a-locale.o)
 .ARM.attributes
                0x00000b07       0x2e c:/program files (x86)/atmel/studio/7.0/toolchain/arm/arm-gnu-toolchain/bin/../lib/gcc/arm-none-eabi/6.3.1/../../../../arm-none-eabi/lib/thumb/v7e-m\libc_nano.a(lib_a-lseekr.o)
 .ARM.attributes
                0x00000b35       0x2e c:/program files (x86)/atmel/studio/7.0/toolchain/arm/arm-gnu-toolchain/bin/../lib/gcc/arm-none-eabi/6.3.1/../../../../arm-none-eabi/lib/thumb/v7e-m\libc_nano.a(lib_a-mbtowc_r.o)
 .ARM.attributes
                0x00000b63       0x2e c:/program files (x86)/atmel/studio/7.0/toolchain/arm/arm-gnu-toolchain/bin/../lib/gcc/arm-none-eabi/6.3.1/../../../../arm-none-eabi/lib/thumb/v7e-m\libc_nano.a(lib_a-memmove.o)
 .ARM.attributes
                0x00000b91       0x2e c:/program files (x86)/atmel/studio/7.0/toolchain/arm/arm-gnu-toolchain/bin/../lib/gcc/arm-none-eabi/6.3.1/../../../../arm-none-eabi/lib/thumb/v7e-m\libc_nano.a(lib_a-mlock.o)
 .ARM.attributes
                0x00000bbf       0x2e c:/program files (x86)/atmel/studio/7.0/toolchain/arm/arm-gnu-toolchain/bin/../lib/gcc/arm-none-eabi/6.3.1/../../../../arm-none-eabi/lib/thumb/v7e-m\libc_nano.a(lib_a-nano-reallocr.o)
 .ARM.attributes
                0x00000bed       0x2e c:/program files (x86)/atmel/studio/7.0/toolchain/arm/arm-gnu-toolchain/bin/../lib/gcc/arm-none-eabi/6.3.1/../../../../arm-none-eabi/lib/thumb/v7e-m\libc_nano.a(lib_a-readr.o)
 .ARM.attributes
                0x00000c1b       0x2e c:/program files (x86)/atmel/studio/7.0/toolchain/arm/arm-gnu-toolchain/bin/../lib/gcc/arm-none-eabi/6.3.1/../../../../arm-none-eabi/lib/thumb/v7e-m\libc_nano.a(lib_a-reent.o)
 .ARM.attributes
                0x00000c49       0x2e c:/program files (x86)/atmel/studio/7.0/toolchain/arm/arm-gnu-toolchain/bin/../lib/gcc/arm-none-eabi/6.3.1/../../../../arm-none-eabi/lib/thumb/v7e-m\libc_nano.a(lib_a-wctomb_r.o)
 .ARM.attributes
                0x00000c77       0x2e c:/program files (x86)/atmel/studio/7.0/toolchain/arm/arm-gnu-toolchain/bin/../lib/gcc/arm-none-eabi/6.3.1/../../../../arm-none-eabi/lib/thumb/v7e-m\libc_nano.a(lib_a-ctype_.o)
 .ARM.attributes
                0x00000ca5       0x2e c:/program files (x86)/atmel/studio/7.0/toolchain/arm/arm-gnu-toolchain/bin/../lib/gcc/arm-none-eabi/6.3.1/../../../../arm-none-eabi/lib/thumb/v7e-m\libc_nano.a(lib_a-nano-msizer.o)
 .ARM.attributes
                0x00000cd3       0x1e c:/program files (x86)/atmel/studio/7.0/toolchain/arm/arm-gnu-toolchain/bin/../lib/gcc/arm-none-eabi/6.3.1/thumb/v7e-m\libgcc.a(_arm_addsubdf3.o)
 .ARM.attributes
                0x00000cf1       0x1e c:/program files (x86)/atmel/studio/7.0/toolchain/arm/arm-gnu-toolchain/bin/../lib/gcc/arm-none-eabi/6.3.1/thumb/v7e-m\libgcc.a(_arm_muldivdf3.o)
 .ARM.attributes
                0x00000d0f       0x1e c:/program files (x86)/atmel/studio/7.0/toolchain/arm/arm-gnu-toolchain/bin/../lib/gcc/arm-none-eabi/6.3.1/thumb/v7e-m\libgcc.a(_arm_cmpdf2.o)
 .ARM.attributes
                0x00000d2d       0x1e c:/program files (x86)/atmel/studio/7.0/toolchain/arm/arm-gnu-toolchain/bin/../lib/gcc/arm-none-eabi/6.3.1/thumb/v7e-m\libgcc.a(_arm_unorddf2.o)
 .ARM.attributes
                0x00000d4b       0x1e c:/program files (x86)/atmel/studio/7.0/toolchain/arm/arm-gnu-toolchain/bin/../lib/gcc/arm-none-eabi/6.3.1/thumb/v7e-m\libgcc.a(_arm_fixdfsi.o)
 .ARM.attributes
                0x00000d69       0x1e c:/program files (x86)/atmel/studio/7.0/toolchain/arm/arm-gnu-toolchain/bin/../lib/gcc/arm-none-eabi/6.3.1/thumb/v7e-m\libgcc.a(_arm_addsubsf3.o)
 .ARM.attributes
                0x00000d87       0x1e c:/program files (x86)/atmel/studio/7.0/toolchain/arm/arm-gnu-toolchain/bin/../lib/gcc/arm-none-eabi/6.3.1/thumb/v7e-m\libgcc.a(_arm_muldivsf3.o)
 .ARM.attributes
                0x00000da5       0x1e c:/program files (x86)/atmel/studio/7.0/toolchain/arm/arm-gnu-toolchain/bin/../lib/gcc/arm-none-eabi/6.3.1/thumb/v7e-m\libgcc.a(_arm_fixsfsi.o)
 .ARM.attributes
                0x00000dc3       0x1e c:/program files (x86)/atmel/studio/7.0/toolchain/arm/arm-gnu-toolchain/bin/../lib/gcc/arm-none-eabi/6.3.1/thumb/v7e-m/crtn.o

.comment        0x00000000       0x59
 .comment       0x00000000       0x59 src/ASF/common/services/clock/sam4l/dfll.o
                                 0x5a (size before relaxing)
 .comment       0x00000059       0x5a src/ASF/common/services/clock/sam4l/osc.o
 .comment       0x00000059       0x5a src/ASF/common/services/clock/sam4l/sysclk.o
 .comment       0x00000059       0x5a src/ASF/common/services/serial/usart_serial.o
 .comment       0x00000059       0x5a src/ASF/common/services/sleepmgr/sam4l/sleepmgr.o
 .comment       0x00000059       0x5a src/ASF/common/utils/interrupt/interrupt_sam_nvic.o
 .comment       0x00000059       0x5a src/ASF/common/utils/stdio/read.o
 .comment       0x00000059       0x5a src/ASF/common/utils/stdio/write.o
 .comment       0x00000059       0x5a src/ASF/sam/boards/sam4l8_xplained_pro/init.o
 .comment       0x00000059       0x5a src/ASF/sam/components/display/c42412a/c42412a_lcdca.o
 .comment       0x00000059       0x5a src/ASF/sam/drivers/bpm/bpm.o
 .comment       0x00000059       0x5a src/ASF/sam/drivers/eic/eic.o
 .comment       0x00000059       0x5a src/ASF/sam/drivers/flashcalw/flashcalw.o
 .comment       0x00000059       0x5a src/ASF/sam/drivers/gpio/gpio.o
 .comment       0x00000059       0x5a src/ASF/sam/drivers/lcdca/lcdca.o
 .comment       0x00000059       0x5a src/ASF/sam/drivers/pdca/pdca.o
 .comment       0x00000059       0x5a src/ASF/sam/drivers/twim/twim.o
 .comment       0x00000059       0x5a src/ASF/sam/drivers/usart/usart.o
 .comment       0x00000059       0x5a src/ASF/sam/drivers/wdt/wdt_sam4l.o
 .comment       0x00000059       0x5a src/ASF/sam/utils/cmsis/sam4l/source/templates/exceptions.o
 .comment       0x00000059       0x5a src/ASF/sam/utils/cmsis/sam4l/source/templates/gcc/startup_sam4l.o
 .comment       0x00000059       0x5a src/ASF/sam/utils/syscalls/gcc/syscalls.o
 .comment       0x00000059       0x5a src/ASF/thirdparty/wireless/addons/sio2host/uart/sio2host.o
 .comment       0x00000059       0x5a src/main.o

.debug_info     0x00000000    0x21d86
 .debug_info    0x00000000     0x19ff src/ASF/common/services/clock/sam4l/dfll.o
 .debug_info    0x000019ff     0x14a3 src/ASF/common/services/clock/sam4l/osc.o
 .debug_info    0x00002ea2     0x28e5 src/ASF/common/services/clock/sam4l/sysclk.o
 .debug_info    0x00005787      0xebc src/ASF/common/services/serial/usart_serial.o
 .debug_info    0x00006643      0xa9a src/ASF/common/services/sleepmgr/sam4l/sleepmgr.o
 .debug_info    0x000070dd      0xb06 src/ASF/common/utils/interrupt/interrupt_sam_nvic.o
 .debug_info    0x00007be3      0xab9 src/ASF/common/utils/stdio/read.o
 .debug_info    0x0000869c      0xac2 src/ASF/common/utils/stdio/write.o
 .debug_info    0x0000915e     0x1b14 src/ASF/sam/boards/sam4l8_xplained_pro/init.o
 .debug_info    0x0000ac72     0x14f8 src/ASF/sam/components/display/c42412a/c42412a_lcdca.o
 .debug_info    0x0000c16a     0x172b src/ASF/sam/drivers/bpm/bpm.o
 .debug_info    0x0000d895     0x1747 src/ASF/sam/drivers/eic/eic.o
 .debug_info    0x0000efdc     0x2283 src/ASF/sam/drivers/flashcalw/flashcalw.o
 .debug_info    0x0001125f     0x1b01 src/ASF/sam/drivers/gpio/gpio.o
 .debug_info    0x00012d60     0x27d2 src/ASF/sam/drivers/lcdca/lcdca.o
 .debug_info    0x00015532     0x1daf src/ASF/sam/drivers/pdca/pdca.o
 .debug_info    0x000172e1     0x1fc1 src/ASF/sam/drivers/twim/twim.o